FIRST LEG OF THE SOLUTION USING Main.hs
=======================================




[1 of 1] Compiling Main             ( Main.hs, interpreted )
Ok, one module loaded.
*Main> bs <- fromString <$> readFile "input.txt"
(0.01 secs, 85,848 bytes)
*Main> p1 = (38075084,24301322,49743495)
(0.00 secs, 0 bytes)
*Main> classify bs $ exhaust' bs $ concat [ oct p1 r | r <- [1..100] ]
(112119898,(38075084,24301322,49743492),891)
(3.01 secs, 1,181,839,288 bytes)
*Main> norm p1 - 112119898
3
(0.01 secs, 69,904 bytes)
*Main> :t cubeVerts
cubeVerts :: Point -> Int -> [Point]
*Main> classify bs $ exhaust' bs $ concat [ cubeVerts  p1 r | r <- [1..100] ]
(112119892,(38075081,24301319,49743492),891)
(3.86 secs, 1,483,125,320 bytes)
*Main> norm p1 - 112119892
9
(0.01 secs, 69,760 bytes)
*Main> classify bs $ exhaust' bs $ concat [ cubeVerts  p1 r | r <- [90..100] ]
(112119601,(38074984,24301222,49743395),872)
(0.43 secs, 162,115,760 bytes)
*Main> classify bs $ exhaust' bs $ concat [ cubeVerts  p1 r | r <- [9990..10000] ]
(112089901,(38065084,24291322,49733495),856)
(0.49 secs, 161,721,352 bytes)
*Main> classify bs $ exhaust' bs $ concat [ cubeVerts  p1 r | r <- [99990..100000] ]
(111819901,(37975084,24201322,49643495),856)
(0.42 secs, 161,717,816 bytes)
*Main> classify bs $ exhaust' bs $ concat [ cubeVerts  p1 r | r <- [999990..1000000] ]
(113119891,(39075074,25301312,48743505),853)
(0.46 secs, 160,588,008 bytes)
*Main> classify bs $ exhaust' bs $ concat [ cubeVerts  p1 r | r <- [50..100] ]
(112119745,(38075032,24301270,49743443),877)
(1.91 secs, 754,989,512 bytes)
*Main> classify bs $ exhaust' bs $ concat [ cubeVerts  p1 r | r <- [20..40] ]
(112119832,(38075061,24301299,49743472),882)
(0.85 secs, 310,743,328 bytes)
*Main> classify bs $ exhaust' bs $ concat [ cubeVerts  p1 r | r <- [0..20] ]
(112119892,(38075081,24301319,49743492),891)
(0.81 secs, 311,168,736 bytes)
*Main> classify bs $ exhaust' bs $ concat [ cubeVerts  p1 r | r <- [0..40] ]
(112119892,(38075081,24301319,49743492),891)
(1.52 secs, 608,038,696 bytes)
*Main> p1
(38075084,24301322,49743495)
(0.01 secs, 85,768 bytes)
*Main> (38075081,24301319,49743492)
(38075081,24301319,49743492)
(0.01 secs, 85,760 bytes)
*Main> p2 = (38075081,24301319,49743492)
(0.00 secs, 0 bytes)
*Main> norm p1
112119901
(0.01 secs, 73,816 bytes)
*Main> norm p2
112119892
(0.00 secs, 73,728 bytes)
*Main> norm p1 - norm p2
9
(0.01 secs, 66,096 bytes)
*Main> classify bs $ exhaust' bs $ concat [ cubeVerts p2 r | r <- [0..40] ]
(112119889,(38075078,24301322,49743489),891)
(1.57 secs, 608,082,048 bytes)
*Main> classify bs $ exhaust' bs $ concat [ oct p2 r | r <- [0..40] ]
(112119889,(38075078,24301319,49743492),891)
(1.19 secs, 446,520,680 bytes)
*Main> classify bs $ exhaust' bs $ concat [ cubeVerts p2 r | r <- [20..60] ]
(112119832,(38075061,24301299,49743472),882)
(1.55 secs, 607,331,240 bytes)
*Main> classify bs $ exhaust' bs $ concat [ cubeVerts p2 r | r <- [10..60] ]
(112119850,(38075067,24301305,49743478),885)
(1.97 secs, 755,933,144 bytes)
*Main> classify bs $ exhaust' bs $ concat [ oct p2 r | r <- [10..60] ]
(112119878,(38075081,24301319,49743478),885)
(1.46 secs, 566,695,480 bytes)
*Main> classify bs $ exhaust' bs $ concat [ oct p2 r | r <- [0..100] ]
(112119889,(38075078,24301319,49743492),891)
(2.97 secs, 1,113,993,472 bytes)
*Main> norm p2 - 112119889
3
(0.01 secs, 69,760 bytes)
*Main> classify bs $ exhaust' bs $ concat [ cubeVerts p2 r | r <- [0..100] ]
(112119889,(38075078,24301322,49743489),891)
(3.95 secs, 1,498,096,408 bytes)
*Main> norm p2 - 112119889
3
(0.01 secs, 69,760 bytes)
*Main> next p = exhaust bs $ concat [ cubeVerts p r | r <- [0..100] ]

<interactive>:89:23: error:
    • Couldn't match type ‘[Point]’ with ‘(Int, Int, Int)’
      Expected type: Point
        Actual type: [Point]
    • In the second argument of ‘($)’, namely
        ‘concat [cubeVerts p r | r <- [0 .. 100]]’
      In the expression:
        exhaust bs $ concat [cubeVerts p r | r <- [0 .. 100]]
      In an equation for ‘next’:
          next p = exhaust bs $ concat [cubeVerts p r | r <- [0 .. 100]]
(0.01 secs,)
*Main> next p = exhaust' bs $ concat [ cubeVerts p r | r <- [0..100] ]
(0.00 secs, 0 bytes)
*Main> :t next
next :: Point -> (Int, Int, Int)
*Main> next p = exhaust' bs $ concat [ cubeVerts p r | r <- [0..100] ] :: Point -> Point

<interactive>:92:10: error:
    • Couldn't match expected type ‘Point -> Point’
                  with actual type ‘(Int, Int, Int)’
    • In the expression:
          exhaust' bs $ concat [cubeVerts p r | r <- [0 .. 100]] ::
            Point -> Point
      In an equation for ‘next’:
          next p
            = exhaust' bs $ concat [cubeVerts p r | r <- [0 .. 100]] ::
                Point -> Point
(0.02 secs,)
*Main> next p = exhaust' bs $ concat [ cubeVerts p r | r <- [0..100] ] :: Point
(0.00 secs, 0 bytes)
*Main> :t next
next :: Point -> Point
*Main> map (classify bs) . iterate next $ p2
[(112119892,(38075081,24301319,49743492),891),(^CInterrupted.
*Main> mapM_ print . takeWhile (\(_,_,iss) -> iss >= 891) . map (classify bs) . iterate next $ p2
(112119892,(38075081,24301319,49743492),891)
(112119889,(38075078,24301322,49743489),891)
(112119880,(38075075,24301319,49743486),891)
(112119877,(38075072,24301322,49743483),891)
^C^CInterrupted.
*Main> next p = exhaust' bs $ concat [ cubeVerts p r | r <- [0..10] ] :: Point
(0.00 secs, 0 bytes)
*Main> mapM_ print . takeWhile (\(_,_,iss) -> iss >= 891) . map (classify bs) . iterate next $ p2
(112119892,(38075081,24301319,49743492),891)
(112119889,(38075078,24301322,49743489),891)
(112119880,(38075075,24301319,49743486),891)
(112119877,(38075072,24301322,49743483),891)
(112119868,(38075069,24301319,49743480),891)
(112119865,(38075066,24301322,49743477),891)
(112119856,(38075063,24301319,49743474),891)
(112119853,(38075060,24301322,49743471),891)
(112119844,(38075057,24301319,49743468),891)
(112119841,(38075054,24301322,49743465),891)
(112119832,(38075051,24301319,49743462),891)
(112119829,(38075048,24301322,49743459),891)
(112119820,(38075045,24301319,49743456),891)
(112119817,(38075042,24301322,49743453),891)
(112119808,(38075039,24301319,49743450),891)
(112119805,(38075036,24301322,49743447),891)
(112119796,(38075033,24301319,49743444),891)
(112119793,(38075030,24301322,49743441),891)
(112119784,(38075027,24301319,49743438),891)
(112119781,(38075024,24301322,49743435),891)
(112119772,(38075021,24301319,49743432),891)
(112119769,(38075018,24301322,49743429),891)
(112119760,(38075015,24301319,49743426),891)
(112119757,(38075012,24301322,49743423),891)
(112119748,(38075009,24301319,49743420),891)
(112119745,(38075006,24301322,49743417),891)
(112119736,(38075003,24301319,49743414),891)
(112119733,(38075000,24301322,49743411),891)
(112119724,(38074997,24301319,49743408),891)
(112119721,(38074994,24301322,49743405),891)
(112119712,(38074991,24301319,49743402),891)
(112119709,(38074988,24301322,49743399),891)
(112119700,(38074985,24301319,49743396),891)
(112119697,(38074982,24301322,49743393),891)
(112119688,(38074979,24301319,49743390),891)
(112119685,(38074976,24301322,49743387),891)
(112119676,(38074973,24301319,49743384),891)
(112119673,(38074970,24301322,49743381),891)
(112119664,(38074967,24301319,49743378),891)
(112119661,(38074964,24301322,49743375),891)
(112119652,(38074961,24301319,49743372),891)
(112119649,(38074958,24301322,49743369),891)
(112119640,(38074955,24301319,49743366),891)
(112119637,(38074952,24301322,49743363),891)
(112119628,(38074949,24301319,49743360),891)
(112119625,(38074946,24301322,49743357),891)
(112119616,(38074943,24301319,49743354),891)
(112119613,(38074940,24301322,49743351),891)
(112119604,(38074937,24301319,49743348),891)
(112119601,(38074934,24301322,49743345),891)
(112119592,(38074931,24301319,49743342),891)
(112119589,(38074928,24301322,49743339),891)
(112119580,(38074925,24301319,49743336),891)
(112119577,(38074922,24301322,49743333),891)
(112119568,(38074919,24301319,49743330),891)
(112119565,(38074916,24301322,49743327),891)
(112119556,(38074913,24301319,49743324),891)
(112119553,(38074910,24301322,49743321),891)
(112119544,(38074907,24301319,49743318),891)
(112119541,(38074904,24301322,49743315),891)
(112119532,(38074901,24301319,49743312),891)
(112119529,(38074898,24301322,49743309),891)
(112119520,(38074895,24301319,49743306),891)
(112119517,(38074892,24301322,49743303),891)
(112119508,(38074889,24301319,49743300),891)
(112119505,(38074886,24301322,49743297),891)
(112119496,(38074883,24301319,49743294),891)
(112119493,(38074880,24301322,49743291),891)
(112119484,(38074877,24301319,49743288),891)
(112119481,(38074874,24301322,49743285),891)
(112119472,(38074871,24301319,49743282),891)
(112119469,(38074868,24301322,49743279),891)
(112119460,(38074865,24301319,49743276),891)
(112119457,(38074862,24301322,49743273),891)
(112119448,(38074859,24301319,49743270),891)
(112119445,(38074856,24301322,49743267),891)
(112119436,(38074853,24301319,49743264),891)
(112119433,(38074850,24301322,49743261),891)
(112119424,(38074847,24301319,49743258),891)
(112119421,(38074844,24301322,49743255),891)
(112119412,(38074841,24301319,49743252),891)
(112119409,(38074838,24301322,49743249),891)
(112119400,(38074835,24301319,49743246),891)
(112119397,(38074832,24301322,49743243),891)
(112119388,(38074829,24301319,49743240),891)
(112119385,(38074826,24301322,49743237),891)
(112119376,(38074823,24301319,49743234),891)
(112119373,(38074820,24301322,49743231),891)
(112119364,(38074817,24301319,49743228),891)
(112119361,(38074814,24301322,49743225),891)
(112119352,(38074811,24301319,49743222),891)
(112119349,(38074808,24301322,49743219),891)
(112119340,(38074805,24301319,49743216),891)
(112119337,(38074802,24301322,49743213),891)
(112119328,(38074799,24301319,49743210),891)
(112119325,(38074796,24301322,49743207),891)
(112119316,(38074793,24301319,49743204),891)
(112119313,(38074790,24301322,49743201),891)
(112119304,(38074787,24301319,49743198),891)
(112119301,(38074784,24301322,49743195),891)
(112119292,(38074781,24301319,49743192),891)
(112119289,(38074778,24301322,49743189),891)
(112119280,(38074775,24301319,49743186),891)
(112119277,(38074772,24301322,49743183),891)
(112119268,(38074769,24301319,49743180),891)
(112119265,(38074766,24301322,49743177),891)
(112119256,(38074763,24301319,49743174),891)
(112119253,(38074760,24301322,49743171),891)
(112119244,(38074757,24301319,49743168),891)
(112119241,(38074754,24301322,49743165),891)
(112119232,(38074751,24301319,49743162),891)
(112119229,(38074748,24301322,49743159),891)
(112119220,(38074745,24301319,49743156),891)
(112119217,(38074742,24301322,49743153),891)
(112119208,(38074739,24301319,49743150),891)
(112119205,(38074736,24301322,49743147),891)
(112119196,(38074733,24301319,49743144),891)
(112119193,(38074730,24301322,49743141),891)
(112119184,(38074727,24301319,49743138),891)
(112119181,(38074724,24301322,49743135),891)
(112119172,(38074721,24301319,49743132),891)
(112119169,(38074718,24301322,49743129),891)
(112119160,(38074715,24301319,49743126),891)
(112119157,(38074712,24301322,49743123),891)
(112119148,(38074709,24301319,49743120),891)
(112119145,(38074706,24301322,49743117),891)
(112119136,(38074703,24301319,49743114),891)
(112119133,(38074700,24301322,49743111),891)
(112119124,(38074697,24301319,49743108),891)
(112119121,(38074694,24301322,49743105),891)
(112119112,(38074691,24301319,49743102),891)
(112119109,(38074688,24301322,49743099),891)
(112119100,(38074685,24301319,49743096),891)
(112119097,(38074682,24301322,49743093),891)
(112119088,(38074679,24301319,49743090),891)
(112119085,(38074676,24301322,49743087),891)
(112119076,(38074673,24301319,49743084),891)
(112119073,(38074670,24301322,49743081),891)
(112119064,(38074667,24301319,49743078),891)
(112119061,(38074664,24301322,49743075),891)
^CInterrupted.
*Main> p3 = (38074664,24301322,49743075)
(0.00 secs, 0 bytes)
*Main> :r
[1 of 1] Compiling Main             ( Main.hs, interpreted )
Ok, one module loaded.
*Main> p3 = (38074664,24301322,49743075)
(0.00 secs, 0 bytes)
*Main> bs <- fromString <$> readFile "input.txt"
(0.01 secs, 81,800 bytes)
*Main> next p = exhaust' bs $ concat [ cubeVerts p r | r <- [0..10] ] :: Point
(0.00 secs, 0 bytes)
*Main> mapM_ print . (\xs -> zipWith (\(n0,p0,iss0) (n1,p1,iss1) -> ((n0,n1,n1-n0),(p0,p1,diff p0 p1),iss0,iss1) xs (tail xs)) . takeWhile (\(_,_,iss) -> iss >= 891) . map (classify bs) . iterate next $ p3

<interactive>:104:199: error:
    parse error (possibly incorrect indentation or mismatched brackets)
(0.00 secs,)
*Main> mapM_ print . (\xs -> zipWith (\(n0,p0,iss0) (n1,p1,iss1) -> ((n0,n1,n1-n0),(p0,p1,diff p0 p1),iss0,iss1)) xs (tail xs)) . takeWhile (\(_,_,iss) -> iss >= 891) . map (classify bs) . iterate next $ p3
((112119061,112119052,-9),((38074664,24301322,49743075),(38074661,24301319,49743072),(3,3,3)),891,891)
((112119052,112119049,-3),((38074661,24301319,49743072),(38074658,24301322,49743069),(3,-3,3)),891,891)
((112119049,112119040,-9),((38074658,24301322,49743069),(38074655,24301319,49743066),(3,3,3)),891,891)
((112119040,112119037,-3),((38074655,24301319,49743066),(38074652,24301322,49743063),(3,-3,3)),891,891)
((112119037,112119028,-9),((38074652,24301322,49743063),(38074649,24301319,49743060),(3,3,3)),891,891)
((112119028,112119025,-3),((38074649,24301319,49743060),(38074646,24301322,49743057),(3,-3,3)),891,891)
((112119025,112119016,-9),((38074646,24301322,49743057),(38074643,24301319,49743054),(3,3,3)),891,891)
((112119016,112119013,-3),((38074643,24301319,49743054),(38074640,24301322,49743051),(3,-3,3)),891,891)
((112119013,112119004,-9),((38074640,24301322,49743051),(38074637,24301319,49743048),(3,3,3)),891,891)
((112119004,112119001,-3),((38074637,24301319,49743048),(38074634,24301322,49743045),(3,-3,3)),891,891)
((112119001,112118992,-9),((38074634,24301322,49743045),(38074631,24301319,49743042),(3,3,3)),891,891)
((112118992,112118989,-3),((38074631,24301319,49743042),(38074628,24301322,49743039),(3,-3,3)),891,891)
((112118989,112118980,-9),((38074628,24301322,49743039),(38074625,24301319,49743036),(3,3,3)),891,891)
((112118980,112118977,-3),((38074625,24301319,49743036),(38074622,24301322,49743033),(3,-3,3)),891,891)
((112118977,112118968,-9),((38074622,24301322,49743033),(38074619,24301319,49743030),(3,3,3)),891,891)
((112118968,112118965,-3),((38074619,24301319,49743030),(38074616,24301322,49743027),(3,-3,3)),891,891)
((112118965,112118956,-9),((38074616,24301322,49743027),(38074613,24301319,49743024),(3,3,3)),891,891)
((112118956,112118953,-3),((38074613,24301319,49743024),(38074610,24301322,49743021),(3,-3,3)),891,891)
((112118953,112118944,-9),((38074610,24301322,49743021),(38074607,24301319,49743018),(3,3,3)),891,891)
((112118944,112118941,-3),((38074607,24301319,49743018),(38074604,24301322,49743015),(3,-3,3)),891,891)
((112118941,112118932,-9),((38074604,24301322,49743015),(38074601,24301319,49743012),(3,3,3)),891,891)
((112118932,112118929,-3),((38074601,24301319,49743012),(38074598,24301322,49743009),(3,-3,3)),891,891)
((112118929,112118920,-9),((38074598,24301322,49743009),(38074595,24301319,49743006),(3,3,3)),891,891)
((112118920,112118917,-3),((38074595,24301319,49743006),(38074592,24301322,49743003),(3,-3,3)),891,891)
((112118917,112118908,-9),((38074592,24301322,49743003),(38074589,24301319,49743000),(3,3,3)),891,891)
((112118908,112118905,-3),((38074589,24301319,49743000),(38074586,24301322,49742997),(3,-3,3)),891,891)
((112118905,112118896,-9),((38074586,24301322,49742997),(38074583,24301319,49742994),(3,3,3)),891,891)
((112118896,112118893,-3),((38074583,24301319,49742994),(38074580,24301322,49742991),(3,-3,3)),891,891)
((112118893,112118884,-9),((38074580,24301322,49742991),(38074577,24301319,49742988),(3,3,3)),891,891)
((112118884,112118881,-3),((38074577,24301319,49742988),(38074574,24301322,49742985),(3,-3,3)),891,891)
((112118881,112118872,-9),((38074574,24301322,49742985),(38074571,24301319,49742982),(3,3,3)),891,891)
((112118872,112118869,-3),((38074571,24301319,49742982),(38074568,24301322,49742979),(3,-3,3)),891,891)
((112118869,112118860,-9),((38074568,24301322,49742979),(38074565,24301319,49742976),(3,3,3)),891,891)
((112118860,112118857,-3),((38074565,24301319,49742976),(38074562,24301322,49742973),(3,-3,3)),891,891)
((112118857,112118848,-9),((38074562,24301322,49742973),(38074559,24301319,49742970),(3,3,3)),891,891)
^CInterrupted.
*Main> p4 = (38074562,24301322,49742973)
(0.00 secs, 0 bytes)
*Main> norm p3
112119061
(0.00 secs, 73,728 bytes)
*Main> norm p4
112118857
(0.00 secs, 73,752 bytes)
*Main> norm p3 - norm p4
204
(0.01 secs, 70,344 bytes)
*Main> mapM_ print . (\xs -> zipWith (\(n0,p0,iss0) (n1,p1,iss1) -> ((n0,n1,n1-n0),(p0,p1,diff p1 p0),iss0,iss1)) xs (tail xs)) . takeWhile (\(_,_,iss) -> iss >= 891) . map (classify bs) . iterate next $ p4
((112118857,112118848,-9),((38074562,24301322,49742973),(38074559,24301319,49742970),(-3,-3,-3)),891,891)
((112118848,112118845,-3),((38074559,24301319,49742970),(38074556,24301322,49742967),(-3,3,-3)),891,891)
((112118845,112118836,-9),((38074556,24301322,49742967),(38074553,24301319,49742964),(-3,-3,-3)),891,891)
((112118836,112118833,-3),((38074553,24301319,49742964),(38074550,24301322,49742961),(-3,3,-3)),891,891)
((112118833,112118824,-9),((38074550,24301322,49742961),(38074547,24301319,49742958),(-3,-3,-3)),891,891)
((112118824,112118821,-3),((38074547,24301319,49742958),(38074544,24301322,49742955),(-3,3,-3)),891,891)
((112118821,112118812,-9),((38074544,24301322,49742955),(38074541,24301319,49742952),(-3,-3,-3)),891,891)
((112118812,112118809,-3),((38074541,24301319,49742952),(38074538,24301322,49742949),(-3,3,-3)),891,891)
((112118809,112118800,-9),((38074538,24301322,49742949),(38074535,24301319,49742946),(-3,-3,-3)),891,891)
((112118800,112118797,-3),((38074535,24301319,49742946),(38074532,24301322,49742943),(-3,3,-3)),891,891)
((112118797,112118788,-9),((38074532,24301322,49742943),(38074529,24301319,49742940),(-3,-3,-3)),891,891)
((112118788,112118785,-3),((38074529,24301319,49742940),(38074526,24301322,49742937),(-3,3,-3)),891,891)
((112118785,112118776,-9),((38074526,24301322,49742937),(38074523,24301319,49742934),(-3,-3,-3)),891,891)
((112118776,112118773,-3),((38074523,24301319,49742934),(38074520,24301322,49742931),(-3,3,-3)),891,891)
((112118773,112118764,-9),((38074520,24301322,49742931),(38074517,24301319,49742928),(-3,-3,-3)),891,891)
((112118764,112118761,-3),((38074517,24301319,49742928),(38074514,24301322,49742925),(-3,3,-3)),891,891)
((112118761,112118752,-9),((38074514,24301322,49742925),(38074511,24301319,49742922),(-3,-3,-3)),891,891)
((112118752,112118749,-3),((38074511,24301319,49742922),(38074508,24301322,49742919),(-3,3,-3)),891,891)
((112118749,112118740,-9),((38074508,24301322,49742919),(38074505,24301319,49742916),(-3,-3,-3)),891,891)
((112118740,112118737,-3),((38074505,24301319,49742916),(38074502,24301322,49742913),(-3,3,-3)),891,891)
((112118737,112118728,-9),((38074502,24301322,49742913),(38074499,24301319,49742910),(-3,-3,-3)),891,891)
((112118728,112118725,-3),((38074499,24301319,49742910),(38074496,24301322,49742907),(-3,3,-3)),891,891)
((112118725,112118716,-9),((38074496,24301322,49742907),(38074493,24301319,49742904),(-3,-3,-3)),891,891)
((112118716,112118713,-3),((38074493,24301319,49742904),(38074490,24301322,49742901),(-3,3,-3)),891,891)
((112118713,112118704,-9),((38074490,24301322,49742901),(38074487,24301319,49742898),(-3,-3,-3)),891,891)
((112118704,112118701,-3),((38074487,24301319,49742898),(38074484,24301322,49742895),(-3,3,-3)),891,891)
((112118701,112118692,-9),((38074484,24301322,49742895),(38074481,24301319,49742892),(-3,-3,-3)),891,891)
((112118692,112118689,-3),((38074481,24301319,49742892),(38074478,24301322,49742889),(-3,3,-3)),891,891)
((112118689,112118680,-9),((38074478,24301322,49742889),(38074475,24301319,49742886),(-3,-3,-3)),891,891)
((112118680,112118677,-3),((38074475,24301319,49742886),(38074472,24301322,49742883),(-3,3,-3)),891,891)
((112118677,112118668,-9),((38074472,24301322,49742883),(38074469,24301319,49742880),(-3,-3,-3)),891,891)
((112118668,112118665,-3),((38074469,24301319,49742880),(38074466,24301322,49742877),(-3,3,-3)),891,891)
((112118665,112118656,-9),((38074466,24301322,49742877),(38074463,24301319,49742874),(-3,-3,-3)),891,891)
((112118656,112118653,-3),((38074463,24301319,49742874),(38074460,24301322,49742871),(-3,3,-3)),891,891)
((112118653,112118644,-9),((38074460,24301322,49742871),(38074457,24301319,49742868),(-3,-3,-3)),891,891)
((112118644,112118641,-3),((38074457,24301319,49742868),(38074454,24301322,49742865),(-3,3,-3)),891,891)
((112118641,112118632,-9),((38074454,24301322,49742865),(38074451,24301319,49742862),(-3,-3,-3)),891,891)
((112118632,112118629,-3),((38074451,24301319,49742862),(38074448,24301322,49742859),(-3,3,-3)),891,891)
((112118629,112118620,-9),((38074448,24301322,49742859),(38074445,24301319,49742856),(-3,-3,-3)),891,891)
((112118620,112118617,-3),((38074445,24301319,49742856),(38074442,24301322,49742853),(-3,3,-3)),891,891)
((112118617,112118608,-9),((38074442,24301322,49742853),(38074439,24301319,49742850),(-3,-3,-3)),891,891)
((112118608,112118605,-3),((38074439,24301319,49742850),(38074436,24301322,49742847),(-3,3,-3)),891,891)
((112118605,112118596,-9),((38074436,24301322,49742847),(38074433,24301319,49742844),(-3,-3,-3)),891,891)
((112118596,112118593,-3),((38074433,24301319,49742844),(38074430,24301322,49742841),(-3,3,-3)),891,891)
((112118593,112118584,-9),((38074430,24301322,49742841),(38074427,24301319,49742838),(-3,-3,-3)),891,891)
((112118584,112118581,-3),((38074427,24301319,49742838),(38074424,24301322,49742835),(-3,3,-3)),891,891)
^C((112118581,112118Interrupted.
*Main> :r
[1 of 1] Compiling Main             ( Main.hs, interpreted )
Ok, one module loaded.
*Main> bs <- fromString <$> readFile "input.txt"
(0.01 secs, 85,896 bytes)
*Main> next p = exhaust' bs $ [ add p (-3,-3,-3), add p (-3,3,-3)  ] :: Point
(0.01 secs, 0 bytes)
*Main> mapM_ print . (\xs -> zipWith (\(n0,p0,iss0) (n1,p1,iss1) -> ((n0,n1,n1-n0),(p0,p1,diff p1 p0),iss0,iss1)) xs (tail xs)) . takeWhile (\(_,_,iss) -> iss >= 891) . map (classify bs) . iterate next $ p4

<interactive>:114:198: error:
    • Variable not in scope: p4 :: Point
    • Perhaps you meant one of these:
        ‘pi’ (imported from Prelude), ‘p_’ (line 15)
(0.01 secs,)
*Main> p4 = (38074562,24301322,49742973)
(0.00 secs, 0 bytes)
*Main> norm p4
112118857
(0.00 secs, 73,784 bytes)
*Main> mapM_ print . (\xs -> zipWith (\(n0,p0,iss0) (n1,p1,iss1) -> ((n0,n1,n1-n0),(p0,p1,diff p1 p0),iss0,iss1)) xs (tail xs)) . takeWhile (\(_,_,iss) -> iss >= 891) . map (classify bs) . iterate next $ p4
((112118857,112118848,-9),((38074562,24301322,49742973),(38074559,24301319,49742970),(-3,-3,-3)),891,891)
((112118848,112118845,-3),((38074559,24301319,49742970),(38074556,24301322,49742967),(-3,3,-3)),891,891)
((112118845,112118836,-9),((38074556,24301322,49742967),(38074553,24301319,49742964),(-3,-3,-3)),891,891)
((112118836,112118833,-3),((38074553,24301319,49742964),(38074550,24301322,49742961),(-3,3,-3)),891,891)
((112118833,112118824,-9),((38074550,24301322,49742961),(38074547,24301319,49742958),(-3,-3,-3)),891,891)
((112118824,112118821,-3),((38074547,24301319,49742958),(38074544,24301322,49742955),(-3,3,-3)),891,891)
((112118821,112118812,-9),((38074544,24301322,49742955),(38074541,24301319,49742952),(-3,-3,-3)),891,891)
((112118812,112118809,-3),((38074541,24301319,49742952),(38074538,24301322,49742949),(-3,3,-3)),891,891)
((112118809,112118800,-9),((38074538,24301322,49742949),(38074535,24301319,49742946),(-3,-3,-3)),891,891)
((112118800,112118797,-3),((38074535,24301319,49742946),(38074532,24301322,49742943),(-3,3,-3)),891,891)
((112118797,112118788,-9),((38074532,24301322,49742943),(38074529,24301319,49742940),(-3,-3,-3)),891,891)
((112118788,112118785,-3),((38074529,24301319,49742940),(38074526,24301322,49742937),(-3,3,-3)),891,891)
((112118785,112118776,-9),((38074526,24301322,49742937),(38074523,24301319,49742934),(-3,-3,-3)),891,891)
((112118776,112118773,-3),((38074523,24301319,49742934),(38074520,24301322,49742931),(-3,3,-3)),891,891)
((112118773,112118764,-9),((38074520,24301322,49742931),(38074517,24301319,49742928),(-3,-3,-3)),891,891)
((112118764,112118761,-3),((38074517,24301319,49742928),(38074514,24301322,49742925),(-3,3,-3)),891,891)
((112118761,112118752,-9),((38074514,24301322,49742925),(38074511,24301319,49742922),(-3,-3,-3)),891,891)
((112118752,112118749,-3),((38074511,24301319,49742922),(38074508,24301322,49742919),(-3,3,-3)),891,891)
((112118749,112118740,-9),((38074508,24301322,49742919),(38074505,24301319,49742916),(-3,-3,-3)),891,891)
((112118740,112118737,-3),((38074505,24301319,49742916),(38074502,24301322,49742913),(-3,3,-3)),891,891)
((112118737,112118728,-9),((38074502,24301322,49742913),(38074499,24301319,49742910),(-3,-3,-3)),891,891)
((112118728,112118725,-3),((38074499,24301319,49742910),(38074496,24301322,49742907),(-3,3,-3)),891,891)
((112118725,112118716,-9),((38074496,24301322,49742907),(38074493,24301319,49742904),(-3,-3,-3)),891,891)
((112118716,112118713,-3),((38074493,24301319,49742904),(38074490,24301322,49742901),(-3,3,-3)),891,891)
((112118713,112118704,-9),((38074490,24301322,49742901),(38074487,24301319,49742898),(-3,-3,-3)),891,891)
((112118704,112118701,-3),((38074487,24301319,49742898),(38074484,24301322,49742895),(-3,3,-3)),891,891)
((112118701,112118692,-9),((38074484,24301322,49742895),(38074481,24301319,49742892),(-3,-3,-3)),891,891)
((112118692,112118689,-3),((38074481,24301319,49742892),(38074478,24301322,49742889),(-3,3,-3)),891,891)
((112118689,112118680,-9),((38074478,24301322,49742889),(38074475,24301319,49742886),(-3,-3,-3)),891,891)
((112118680,112118677,-3),((38074475,24301319,49742886),(38074472,24301322,49742883),(-3,3,-3)),891,891)
((112118677,112118668,-9),((38074472,24301322,49742883),(38074469,24301319,49742880),(-3,-3,-3)),891,891)
((112118668,112118665,-3),((38074469,24301319,49742880),(38074466,24301322,49742877),(-3,3,-3)),891,891)
((112118665,112118656,-9),((38074466,24301322,49742877),(38074463,24301319,49742874),(-3,-3,-3)),891,891)
((112118656,112118653,-3),((38074463,24301319,49742874),(38074460,24301322,49742871),(-3,3,-3)),891,891)
((112118653,112118644,-9),((38074460,24301322,49742871),(38074457,24301319,49742868),(-3,-3,-3)),891,891)
((112118644,112118641,-3),((38074457,24301319,49742868),(38074454,24301322,49742865),(-3,3,-3)),891,891)
((112118641,112118632,-9),((38074454,24301322,49742865),(38074451,24301319,49742862),(-3,-3,-3)),891,891)
((112118632,112118629,-3),((38074451,24301319,49742862),(38074448,24301322,49742859),(-3,3,-3)),891,891)
((112118629,112118620,-9),((38074448,24301322,49742859),(38074445,24301319,49742856),(-3,-3,-3)),891,891)
((112118620,112118617,-3),((38074445,24301319,49742856),(38074442,24301322,49742853),(-3,3,-3)),891,891)
((112118617,112118608,-9),((38074442,24301322,49742853),(38074439,24301319,49742850),(-3,-3,-3)),891,891)
((112118608,112118605,-3),((38074439,24301319,49742850),(38074436,24301322,49742847),(-3,3,-3)),891,891)
((112118605,112118596,-9),((38074436,24301322,49742847),(38074433,24301319,49742844),(-3,-3,-3)),891,891)
((112118596,112118593,-3),((38074433,24301319,49742844),(38074430,24301322,49742841),(-3,3,-3)),891,891)
((112118593,112118584,-9),((38074430,24301322,49742841),(38074427,24301319,49742838),(-3,-3,-3)),891,891)
((112118584,112118581,-3),((38074427,24301319,49742838),(38074424,24301322,49742835),(-3,3,-3)),891,891)
((112118581,112118572,-9),((38074424,24301322,49742835),(38074421,24301319,49742832),(-3,-3,-3)),891,891)
((112118572,112118569,-3),((38074421,24301319,49742832),(38074418,24301322,49742829),(-3,3,-3)),891,891)
((112118569,112118560,-9),((38074418,24301322,49742829),(38074415,24301319,49742826),(-3,-3,-3)),891,891)
((112118560,112118557,-3),((38074415,24301319,49742826),(38074412,24301322,49742823),(-3,3,-3)),891,891)
((112118557,112118548,-9),((38074412,24301322,49742823),(38074409,24301319,49742820),(-3,-3,-3)),891,891)
((112118548,112118545,-3),((38074409,24301319,49742820),(38074406,24301322,49742817),(-3,3,-3)),891,891)
((112118545,112118536,-9),((38074406,24301322,49742817),(38074403,24301319,49742814),(-3,-3,-3)),891,891)
((112118536,112118533,-3),((38074403,24301319,49742814),(38074400,24301322,49742811),(-3,3,-3)),891,891)
((112118533,112118524,-9),((38074400,24301322,49742811),(38074397,24301319,49742808),(-3,-3,-3)),891,891)
((112118524,112118521,-3),((38074397,24301319,49742808),(38074394,24301322,49742805),(-3,3,-3)),891,891)
((112118521,112118512,-9),((38074394,24301322,49742805),(38074391,24301319,49742802),(-3,-3,-3)),891,891)
((112118512,112118509,-3),((38074391,24301319,49742802),(38074388,24301322,49742799),(-3,3,-3)),891,891)
((112118509,112118500,-9),((38074388,24301322,49742799),(38074385,24301319,49742796),(-3,-3,-3)),891,891)
((112118500,112118497,-3),((38074385,24301319,49742796),(38074382,24301322,49742793),(-3,3,-3)),891,891)
((112118497,112118488,-9),((38074382,24301322,49742793),(38074379,24301319,49742790),(-3,-3,-3)),891,891)
((112118488,112118485,-3),((38074379,24301319,49742790),(38074376,24301322,49742787),(-3,3,-3)),891,891)
((112118485,112118476,-9),((38074376,24301322,49742787),(38074373,24301319,49742784),(-3,-3,-3)),891,891)
((112118476,112118473,-3),((38074373,24301319,49742784),(38074370,24301322,49742781),(-3,3,-3)),891,891)
((112118473,112118464,-9),((38074370,24301322,49742781),(38074367,24301319,49742778),(-3,-3,-3)),891,891)
((112118464,112118461,-3),((38074367,24301319,49742778),(38074364,24301322,49742775),(-3,3,-3)),891,891)
((112118461,112118452,-9),((38074364,24301322,49742775),(38074361,24301319,49742772),(-3,-3,-3)),891,891)
((112118452,112118449,-3),((38074361,24301319,49742772),(38074358,24301322,49742769),(-3,3,-3)),891,891)
((112118449,112118440,-9),((38074358,24301322,49742769),(38074355,24301319,49742766),(-3,-3,-3)),891,891)
((112118440,112118437,-3),((38074355,24301319,49742766),(38074352,24301322,49742763),(-3,3,-3)),891,891)
((112118437,112118428,-9),((38074352,24301322,49742763),(38074349,24301319,49742760),(-3,-3,-3)),891,891)
((112118428,112118425,-3),((38074349,24301319,49742760),(38074346,24301322,49742757),(-3,3,-3)),891,891)
((112118425,112118416,-9),((38074346,24301322,49742757),(38074343,24301319,49742754),(-3,-3,-3)),891,891)
((112118416,112118413,-3),((38074343,24301319,49742754),(38074340,24301322,49742751),(-3,3,-3)),891,891)
((112118413,112118404,-9),((38074340,24301322,49742751),(38074337,24301319,49742748),(-3,-3,-3)),891,891)
((112118404,112118401,-3),((38074337,24301319,49742748),(38074334,24301322,49742745),(-3,3,-3)),891,891)
((112118401,112118392,-9),((38074334,24301322,49742745),(38074331,24301319,49742742),(-3,-3,-3)),891,891)
((112118392,112118389,-3),((38074331,24301319,49742742),(38074328,24301322,49742739),(-3,3,-3)),891,891)
((112118389,112118380,-9),((38074328,24301322,49742739),(38074325,24301319,49742736),(-3,-3,-3)),891,891)
((112118380,112118377,-3),((38074325,24301319,49742736),(38074322,24301322,49742733),(-3,3,-3)),891,891)
((112118377,112118368,-9),((38074322,24301322,49742733),(38074319,24301319,49742730),(-3,-3,-3)),891,891)
((112118368,112118365,-3),((38074319,24301319,49742730),(38074316,24301322,49742727),(-3,3,-3)),891,891)
((112118365,112118356,-9),((38074316,24301322,49742727),(38074313,24301319,49742724),(-3,-3,-3)),891,891)
((112118356,112118353,-3),((38074313,24301319,49742724),(38074310,24301322,49742721),(-3,3,-3)),891,891)
((112118353,112118344,-9),((38074310,24301322,49742721),(38074307,24301319,49742718),(-3,-3,-3)),891,891)
((112118344,112118341,-3),((38074307,24301319,49742718),(38074304,24301322,49742715),(-3,3,-3)),891,891)
((112118341,112118332,-9),((38074304,24301322,49742715),(38074301,24301319,49742712),(-3,-3,-3)),891,891)
((112118332,112118329,-3),((38074301,24301319,49742712),(38074298,24301322,49742709),(-3,3,-3)),891,891)
((112118329,112118320,-9),((38074298,24301322,49742709),(38074295,24301319,49742706),(-3,-3,-3)),891,891)
((112118320,112118317,-3),((38074295,24301319,49742706),(38074292,24301322,49742703),(-3,3,-3)),891,891)
((112118317,112118308,-9),((38074292,24301322,49742703),(38074289,24301319,49742700),(-3,-3,-3)),891,891)
((112118308,112118305,-3),((38074289,24301319,49742700),(38074286,24301322,49742697),(-3,3,-3)),891,891)
((112118305,112118296,-9),((38074286,24301322,49742697),(38074283,24301319,49742694),(-3,-3,-3)),891,891)
((112118296,112118293,-3),((38074283,24301319,49742694),(38074280,24301322,49742691),(-3,3,-3)),891,891)
((112118293,112118284,-9),((38074280,24301322,49742691),(38074277,24301319,49742688),(-3,-3,-3)),891,891)
((112118284,112118281,-3),((38074277,24301319,49742688),(38074274,24301322,49742685),(-3,3,-3)),891,891)
((112118281,112118272,-9),((38074274,24301322,49742685),(38074271,24301319,49742682),(-3,-3,-3)),891,891)
((112118272,112118269,-3),((38074271,24301319,49742682),(38074268,24301322,49742679),(-3,3,-3)),891,891)
((112118269,112118260,-9),((38074268,24301322,49742679),(38074265,24301319,49742676),(-3,-3,-3)),891,891)
((112118260,112118257,-3),((38074265,24301319,49742676),(38074262,24301322,49742673),(-3,3,-3)),891,891)
((112118257,112118248,-9),((38074262,24301322,49742673),(38074259,24301319,49742670),(-3,-3,-3)),891,891)
((112118248,112118245,-3),((38074259,24301319,49742670),(38074256,24301322,49742667),(-3,3,-3)),891,891)
((112118245,112118236,-9),((38074256,24301322,49742667),(38074253,24301319,49742664),(-3,-3,-3)),891,891)
((112118236,112118233,-3),((38074253,24301319,49742664),(38074250,24301322,49742661),(-3,3,-3)),891,891)
((112118233,112118224,-9),((38074250,24301322,49742661),(38074247,24301319,49742658),(-3,-3,-3)),891,891)
((112118224,112118221,-3),((38074247,24301319,49742658),(38074244,24301322,49742655),(-3,3,-3)),891,891)
((112118221,112118212,-9),((38074244,24301322,49742655),(38074241,24301319,49742652),(-3,-3,-3)),891,891)
((112118212,112118209,-3),((38074241,24301319,49742652),(38074238,24301322,49742649),(-3,3,-3)),891,891)
((112118209,112118200,-9),((38074238,24301322,49742649),(38074235,24301319,49742646),(-3,-3,-3)),891,891)
((112118200,112118197,-3),((38074235,24301319,49742646),(38074232,24301322,49742643),(-3,3,-3)),891,891)
((112118197,112118188,-9),((38074232,24301322,49742643),(38074229,24301319,49742640),(-3,-3,-3)),891,891)
((112118188,112118185,-3),((38074229,24301319,49742640),(38074226,24301322,49742637),(-3,3,-3)),891,891)
((112118185,112118176,-9),((38074226,24301322,49742637),(38074223,24301319,49742634),(-3,-3,-3)),891,891)
((112118176,112118173,-3),((38074223,24301319,49742634),(38074220,24301322,49742631),(-3,3,-3)),891,891)
((112118173,112118164,-9),((38074220,24301322,49742631),(38074217,24301319,49742628),(-3,-3,-3)),891,891)
((112118164,112118161,-3),((38074217,24301319,49742628),(38074214,24301322,49742625),(-3,3,-3)),891,891)
((112118161,112118152,-9),((38074214,24301322,49742625),(38074211,24301319,49742622),(-3,-3,-3)),891,891)
((112118152,112118149,-3),((38074211,24301319,49742622),(38074208,24301322,49742619),(-3,3,-3)),891,891)
((112118149,112118140,-9),((38074208,24301322,49742619),(38074205,24301319,49742616),(-3,-3,-3)),891,891)
((112118140,112118137,-3),((38074205,24301319,49742616),(38074202,24301322,49742613),(-3,3,-3)),891,891)
((112118137,112118128,-9),((38074202,24301322,49742613),(38074199,24301319,49742610),(-3,-3,-3)),891,891)
((112118128,112118125,-3),((38074199,24301319,49742610),(38074196,24301322,49742607),(-3,3,-3)),891,891)
((112118125,112118116,-9),((38074196,24301322,49742607),(38074193,24301319,49742604),(-3,-3,-3)),891,891)
((112118116,112118113,-3),((38074193,24301319,49742604),(38074190,24301322,49742601),(-3,3,-3)),891,891)
((112118113,112118104,-9),((38074190,24301322,49742601),(38074187,24301319,49742598),(-3,-3,-3)),891,891)
((112118104,112118101,-3),((38074187,24301319,49742598),(38074184,24301322,49742595),(-3,3,-3)),891,891)
((112118101,112118092,-9),((38074184,24301322,49742595),(38074181,24301319,49742592),(-3,-3,-3)),891,891)
((112118092,112118089,-3),((38074181,24301319,49742592),(38074178,24301322,49742589),(-3,3,-3)),891,891)
((112118089,112118080,-9),((38074178,24301322,49742589),(38074175,24301319,49742586),(-3,-3,-3)),891,891)
((112118080,112118077,-3),((38074175,24301319,49742586),(38074172,24301322,49742583),(-3,3,-3)),891,891)
((112118077,112118068,-9),((38074172,24301322,49742583),(38074169,24301319,49742580),(-3,-3,-3)),891,891)
((112118068,112118065,-3),((38074169,24301319,49742580),(38074166,24301322,49742577),(-3,3,-3)),891,891)
((112118065,112118056,-9),((38074166,24301322,49742577),(38074163,24301319,49742574),(-3,-3,-3)),891,891)
((112118056,112118053,-3),((38074163,24301319,49742574),(38074160,24301322,49742571),(-3,3,-3)),891,891)
((112118053,112118044,-9),((38074160,24301322,49742571),(38074157,24301319,49742568),(-3,-3,-3)),891,891)
((112118044,112118041,-3),((38074157,24301319,49742568),(38074154,24301322,49742565),(-3,3,-3)),891,891)
((112118041,112118032,-9),((38074154,24301322,49742565),(38074151,24301319,49742562),(-3,-3,-3)),891,891)
((112118032,112118029,-3),((38074151,24301319,49742562),(38074148,24301322,49742559),(-3,3,-3)),891,891)
((112118029,112118020,-9),((38074148,24301322,49742559),(38074145,24301319,49742556),(-3,-3,-3)),891,891)
((112118020,112118017,-3),((38074145,24301319,49742556),(38074142,24301322,49742553),(-3,3,-3)),891,891)
((112118017,112118008,-9),((38074142,24301322,49742553),(38074139,24301319,49742550),(-3,-3,-3)),891,891)
((112118008,112118005,-3),((38074139,24301319,49742550),(38074136,24301322,49742547),(-3,3,-3)),891,891)
((112118005,112117996,-9),((38074136,24301322,49742547),(38074133,24301319,49742544),(-3,-3,-3)),891,891)
((112117996,112117993,-3),((38074133,24301319,49742544),(38074130,24301322,49742541),(-3,3,-3)),891,891)
((112117993,112117984,-9),((38074130,24301322,49742541),(38074127,24301319,49742538),(-3,-3,-3)),891,891)
((112117984,112117981,-3),((38074127,24301319,49742538),(38074124,24301322,49742535),(-3,3,-3)),891,891)
((112117981,112117972,-9),((38074124,24301322,49742535),(38074121,24301319,49742532),(-3,-3,-3)),891,891)
((112117972,112117969,-3),((38074121,24301319,49742532),(38074118,24301322,49742529),(-3,3,-3)),891,891)
((112117969,112117960,-9),((38074118,24301322,49742529),(38074115,24301319,49742526),(-3,-3,-3)),891,891)
((112117960,112117957,-3),((38074115,24301319,49742526),(38074112,24301322,49742523),(-3,3,-3)),891,891)
((112117957,112117948,-9),((38074112,24301322,49742523),(38074109,24301319,49742520),(-3,-3,-3)),891,891)
((112117948,112117945,-3),((38074109,24301319,49742520),(38074106,24301322,49742517),(-3,3,-3)),891,891)
((112117945,112117936,-9),((38074106,24301322,49742517),(38074103,24301319,49742514),(-3,-3,-3)),891,891)
((112117936,112117933,-3),((38074103,24301319,49742514),(38074100,24301322,49742511),(-3,3,-3)),891,891)
((112117933,112117924,-9),((38074100,24301322,49742511),(38074097,24301319,49742508),(-3,-3,-3)),891,891)
((112117924,112117921,-3),((38074097,24301319,49742508),(38074094,24301322,49742505),(-3,3,-3)),891,891)
((112117921,112117912,-9),((38074094,24301322,49742505),(38074091,24301319,49742502),(-3,-3,-3)),891,891)
((112117912,112117909,-3),((38074091,24301319,49742502),(38074088,24301322,49742499),(-3,3,-3)),891,891)
((112117909,112117900,-9),((38074088,24301322,49742499),(38074085,24301319,49742496),(-3,-3,-3)),891,891)
((112117900,112117897,-3),((38074085,24301319,49742496),(38074082,24301322,49742493),(-3,3,-3)),891,891)
((112117897,112117888,-9),((38074082,24301322,49742493),(38074079,24301319,49742490),(-3,-3,-3)),891,891)
((112117888,112117885,-3),((38074079,24301319,49742490),(38074076,24301322,49742487),(-3,3,-3)),891,891)
((112117885,112117876,-9),((38074076,24301322,49742487),(38074073,24301319,49742484),(-3,-3,-3)),891,891)
((112117876,112117873,-3),((38074073,24301319,49742484),(38074070,24301322,49742481),(-3,3,-3)),891,891)
((112117873,112117864,-9),((38074070,24301322,49742481),(38074067,24301319,49742478),(-3,-3,-3)),891,891)
((112117864,112117861,-3),((38074067,24301319,49742478),(38074064,24301322,49742475),(-3,3,-3)),891,891)
((112117861,112117852,-9),((38074064,24301322,49742475),(38074061,24301319,49742472),(-3,-3,-3)),891,891)
((112117852,112117849,-3),((38074061,24301319,49742472),(38074058,24301322,49742469),(-3,3,-3)),891,891)
((112117849,112117840,-9),((38074058,24301322,49742469),(38074055,24301319,49742466),(-3,-3,-3)),891,891)
((112117840,112117837,-3),((38074055,24301319,49742466),(38074052,24301322,49742463),(-3,3,-3)),891,891)
((112117837,112117828,-9),((38074052,24301322,49742463),(38074049,24301319,49742460),(-3,-3,-3)),891,891)
((112117828,112117825,-3),((38074049,24301319,49742460),(38074046,24301322,49742457),(-3,3,-3)),891,891)
((112117825,112117816,-9),((38074046,24301322,49742457),(38074043,24301319,49742454),(-3,-3,-3)),891,891)
((112117816,112117813,-3),((38074043,24301319,49742454),(38074040,24301322,49742451),(-3,3,-3)),891,891)
((112117813,112117804,-9),((38074040,24301322,49742451),(38074037,24301319,49742448),(-3,-3,-3)),891,891)
((112117804,112117801,-3),((38074037,24301319,49742448),(38074034,24301322,49742445),(-3,3,-3)),891,891)
((112117801,112117792,-9),((38074034,24301322,49742445),(38074031,24301319,49742442),(-3,-3,-3)),891,891)
((112117792,112117789,-3),((38074031,24301319,49742442),(38074028,24301322,49742439),(-3,3,-3)),891,891)
((112117789,112117780,-9),((38074028,24301322,49742439),(38074025,24301319,49742436),(-3,-3,-3)),891,891)
((112117780,112117777,-3),((38074025,24301319,49742436),(38074022,24301322,49742433),(-3,3,-3)),891,891)
((112117777,112117768,-9),((38074022,24301322,49742433),(38074019,24301319,49742430),(-3,-3,-3)),891,891)
((112117768,112117765,-3),((38074019,24301319,49742430),(38074016,24301322,49742427),(-3,3,-3)),891,891)
((112117765,112117756,-9),((38074016,24301322,49742427),(38074013,24301319,49742424),(-3,-3,-3)),891,891)
((112117756,112117753,-3),((38074013,24301319,49742424),(38074010,24301322,49742421),(-3,3,-3)),891,891)
((112117753,112117744,-9),((38074010,24301322,49742421),(38074007,24301319,49742418),(-3,-3,-3)),891,891)
((112117744,112117741,-3),((38074007,24301319,49742418),(38074004,24301322,49742415),(-3,3,-3)),891,891)
((112117741,112117732,-9),((38074004,24301322,49742415),(38074001,24301319,49742412),(-3,-3,-3)),891,891)
((112117732,112117729,-3),((38074001,24301319,49742412),(38073998,24301322,49742409),(-3,3,-3)),891,891)
((112117729,112117720,-9),((38073998,24301322,49742409),(38073995,24301319,49742406),(-3,-3,-3)),891,891)
((112117720,112117717,-3),((38073995,24301319,49742406),(38073992,24301322,49742403),(-3,3,-3)),891,891)
((112117717,112117708,-9),((38073992,24301322,49742403),(38073989,24301319,49742400),(-3,-3,-3)),891,891)
((112117708,112117705,-3),((38073989,24301319,49742400),(38073986,24301322,49742397),(-3,3,-3)),891,891)
((112117705,112117696,-9),((38073986,24301322,49742397),(38073983,24301319,49742394),(-3,-3,-3)),891,891)
((112117696,112117693,-3),((38073983,24301319,49742394),(38073980,24301322,49742391),(-3,3,-3)),891,891)
((112117693,112117684,-9),((38073980,24301322,49742391),(38073977,24301319,49742388),(-3,-3,-3)),891,891)
((112117684,112117681,-3),((38073977,24301319,49742388),(38073974,24301322,49742385),(-3,3,-3)),891,891)
((112117681,112117672,-9),((38073974,24301322,49742385),(38073971,24301319,49742382),(-3,-3,-3)),891,891)
((112117672,112117669,-3),((38073971,24301319,49742382),(38073968,24301322,49742379),(-3,3,-3)),891,891)
((112117669,112117660,-9),((38073968,24301322,49742379),(38073965,24301319,49742376),(-3,-3,-3)),891,891)
((112117660,112117657,-3),((38073965,24301319,49742376),(38073962,24301322,49742373),(-3,3,-3)),891,891)
((112117657,112117648,-9),((38073962,24301322,49742373),(38073959,24301319,49742370),(-3,-3,-3)),891,891)
((112117648,112117645,-3),((38073959,24301319,49742370),(38073956,24301322,49742367),(-3,3,-3)),891,891)
((112117645,112117636,-9),((38073956,24301322,49742367),(38073953,24301319,49742364),(-3,-3,-3)),891,891)
((112117636,112117633,-3),((38073953,24301319,49742364),(38073950,24301322,49742361),(-3,3,-3)),891,891)
((112117633,112117624,-9),((38073950,24301322,49742361),(38073947,24301319,49742358),(-3,-3,-3)),891,891)
((112117624,112117621,-3),((38073947,24301319,49742358),(38073944,24301322,49742355),(-3,3,-3)),891,891)
((112117621,112117612,-9),((38073944,24301322,49742355),(38073941,24301319,49742352),(-3,-3,-3)),891,891)
((112117612,112117609,-3),((38073941,24301319,49742352),(38073938,24301322,49742349),(-3,3,-3)),891,891)
((112117609,112117600,-9),((38073938,24301322,49742349),(38073935,24301319,49742346),(-3,-3,-3)),891,891)
((112117600,112117597,-3),((38073935,24301319,49742346),(38073932,24301322,49742343),(-3,3,-3)),891,891)
((112117597,112117588,-9),((38073932,24301322,49742343),(38073929,24301319,49742340),(-3,-3,-3)),891,891)
((112117588,112117585,-3),((38073929,24301319,49742340),(38073926,24301322,49742337),(-3,3,-3)),891,891)
((112117585,112117576,-9),((38073926,24301322,49742337),(38073923,24301319,49742334),(-3,-3,-3)),891,891)
((112117576,112117573,-3),((38073923,24301319,49742334),(38073920,24301322,49742331),(-3,3,-3)),891,891)
((112117573,112117564,-9),((38073920,24301322,49742331),(38073917,24301319,49742328),(-3,-3,-3)),891,891)
((112117564,112117561,-3),((38073917,24301319,49742328),(38073914,24301322,49742325),(-3,3,-3)),891,891)
((112117561,112117552,-9),((38073914,24301322,49742325),(38073911,24301319,49742322),(-3,-3,-3)),891,891)
((112117552,112117549,-3),((38073911,24301319,49742322),(38073908,24301322,49742319),(-3,3,-3)),891,891)
((112117549,112117540,-9),((38073908,24301322,49742319),(38073905,24301319,49742316),(-3,-3,-3)),891,891)
((112117540,112117537,-3),((38073905,24301319,49742316),(38073902,24301322,49742313),(-3,3,-3)),891,891)
((112117537,112117528,-9),((38073902,24301322,49742313),(38073899,24301319,49742310),(-3,-3,-3)),891,891)
((112117528,112117525,-3),((38073899,24301319,49742310),(38073896,24301322,49742307),(-3,3,-3)),891,891)
((112117525,112117516,-9),((38073896,24301322,49742307),(38073893,24301319,49742304),(-3,-3,-3)),891,891)
((112117516,112117513,-3),((38073893,24301319,49742304),(38073890,24301322,49742301),(-3,3,-3)),891,891)
((112117513,112117504,-9),((38073890,24301322,49742301),(38073887,24301319,49742298),(-3,-3,-3)),891,891)
((112117504,112117501,-3),((38073887,24301319,49742298),(38073884,24301322,49742295),(-3,3,-3)),891,891)
((112117501,112117492,-9),((38073884,24301322,49742295),(38073881,24301319,49742292),(-3,-3,-3)),891,891)
((112117492,112117489,-3),((38073881,24301319,49742292),(38073878,24301322,49742289),(-3,3,-3)),891,891)
((112117489,112117480,-9),((38073878,24301322,49742289),(38073875,24301319,49742286),(-3,-3,-3)),891,891)
((112117480,112117477,-3),((38073875,24301319,49742286),(38073872,24301322,49742283),(-3,3,-3)),891,891)
((112117477,112117468,-9),((38073872,24301322,49742283),(38073869,24301319,49742280),(-3,-3,-3)),891,891)
((112117468,112117465,-3),((38073869,24301319,49742280),(38073866,24301322,49742277),(-3,3,-3)),891,891)
((112117465,112117456,-9),((38073866,24301322,49742277),(38073863,24301319,49742274),(-3,-3,-3)),891,891)
((112117456,112117453,-3),((38073863,24301319,49742274),(38073860,24301322,49742271),(-3,3,-3)),891,891)
((112117453,112117444,-9),((38073860,24301322,49742271),(38073857,24301319,49742268),(-3,-3,-3)),891,891)
((112117444,112117441,-3),((38073857,24301319,49742268),(38073854,24301322,49742265),(-3,3,-3)),891,891)
((112117441,112117432,-9),((38073854,24301322,49742265),(38073851,24301319,49742262),(-3,-3,-3)),891,891)
((112117432,112117429,-3),((38073851,24301319,49742262),(38073848,24301322,49742259),(-3,3,-3)),891,891)
((112117429,112117420,-9),((38073848,24301322,49742259),(38073845,24301319,49742256),(-3,-3,-3)),891,891)
((112117420,112117417,-3),((38073845,24301319,49742256),(38073842,24301322,49742253),(-3,3,-3)),891,891)
((112117417,112117408,-9),((38073842,24301322,49742253),(38073839,24301319,49742250),(-3,-3,-3)),891,891)
((112117408,112117405,-3),((38073839,24301319,49742250),(38073836,24301322,49742247),(-3,3,-3)),891,891)
((112117405,112117396,-9),((38073836,24301322,49742247),(38073833,24301319,49742244),(-3,-3,-3)),891,891)
((112117396,112117393,-3),((38073833,24301319,49742244),(38073830,24301322,49742241),(-3,3,-3)),891,891)
((112117393,112117384,-9),((38073830,24301322,49742241),(38073827,24301319,49742238),(-3,-3,-3)),891,891)
((112117384,112117381,-3),((38073827,24301319,49742238),(38073824,24301322,49742235),(-3,3,-3)),891,891)
((112117381,112117372,-9),((38073824,24301322,49742235),(38073821,24301319,49742232),(-3,-3,-3)),891,891)
((112117372,112117369,-3),((38073821,24301319,49742232),(38073818,24301322,49742229),(-3,3,-3)),891,891)
((112117369,112117360,-9),((38073818,24301322,49742229),(38073815,24301319,49742226),(-3,-3,-3)),891,891)
((112117360,112117357,-3),((38073815,24301319,49742226),(38073812,24301322,49742223),(-3,3,-3)),891,891)
((112117357,112117348,-9),((38073812,24301322,49742223),(38073809,24301319,49742220),(-3,-3,-3)),891,891)
((112117348,112117345,-3),((38073809,24301319,49742220),(38073806,24301322,49742217),(-3,3,-3)),891,891)
((112117345,112117336,-9),((38073806,24301322,49742217),(38073803,24301319,49742214),(-3,-3,-3)),891,891)
((112117336,112117333,-3),((38073803,24301319,49742214),(38073800,24301322,49742211),(-3,3,-3)),891,891)
((112117333,112117324,-9),((38073800,24301322,49742211),(38073797,24301319,49742208),(-3,-3,-3)),891,891)
((112117324,112117321,-3),((38073797,24301319,49742208),(38073794,24301322,49742205),(-3,3,-3)),891,891)
((112117321,112117312,-9),((38073794,24301322,49742205),(38073791,24301319,49742202),(-3,-3,-3)),891,891)
((112117312,112117309,-3),((38073791,24301319,49742202),(38073788,24301322,49742199),(-3,3,-3)),891,891)
((112117309,112117300,-9),((38073788,24301322,49742199),(38073785,24301319,49742196),(-3,-3,-3)),891,891)
((112117300,112117297,-3),((38073785,24301319,49742196),(38073782,24301322,49742193),(-3,3,-3)),891,891)
((112117297,112117288,-9),((38073782,24301322,49742193),(38073779,24301319,49742190),(-3,-3,-3)),891,891)
((112117288,112117285,-3),((38073779,24301319,49742190),(38073776,24301322,49742187),(-3,3,-3)),891,891)
((112117285,112117276,-9),((38073776,24301322,49742187),(38073773,24301319,49742184),(-3,-3,-3)),891,891)
((112117276,112117273,-3),((38073773,24301319,49742184),(38073770,24301322,49742181),(-3,3,-3)),891,891)
((112117273,112117264,-9),((38073770,24301322,49742181),(38073767,24301319,49742178),(-3,-3,-3)),891,891)
((112117264,112117261,-3),((38073767,24301319,49742178),(38073764,24301322,49742175),(-3,3,-3)),891,891)
((112117261,112117252,-9),((38073764,24301322,49742175),(38073761,24301319,49742172),(-3,-3,-3)),891,891)
((112117252,112117249,-3),((38073761,24301319,49742172),(38073758,24301322,49742169),(-3,3,-3)),891,891)
((112117249,112117240,-9),((38073758,24301322,49742169),(38073755,24301319,49742166),(-3,-3,-3)),891,891)
((112117240,112117237,-3),((38073755,24301319,49742166),(38073752,24301322,49742163),(-3,3,-3)),891,891)
((112117237,112117228,-9),((38073752,24301322,49742163),(38073749,24301319,49742160),(-3,-3,-3)),891,891)
((112117228,112117225,-3),((38073749,24301319,49742160),(38073746,24301322,49742157),(-3,3,-3)),891,891)
((112117225,112117216,-9),((38073746,24301322,49742157),(38073743,24301319,49742154),(-3,-3,-3)),891,891)
((112117216,112117213,-3),((38073743,24301319,49742154),(38073740,24301322,49742151),(-3,3,-3)),891,891)
((112117213,112117204,-9),((38073740,24301322,49742151),(38073737,24301319,49742148),(-3,-3,-3)),891,891)
((112117204,112117201,-3),((38073737,24301319,49742148),(38073734,24301322,49742145),(-3,3,-3)),891,891)
((112117201,112117192,-9),((38073734,24301322,49742145),(38073731,24301319,49742142),(-3,-3,-3)),891,891)
((112117192,112117189,-3),((38073731,24301319,49742142),(38073728,24301322,49742139),(-3,3,-3)),891,891)
((112117189,112117180,-9),((38073728,24301322,49742139),(38073725,24301319,49742136),(-3,-3,-3)),891,891)
((112117180,112117177,-3),((38073725,24301319,49742136),(38073722,24301322,49742133),(-3,3,-3)),891,891)
((112117177,112117168,-9),((38073722,24301322,49742133),(38073719,24301319,49742130),(-3,-3,-3)),891,891)
((112117168,112117165,-3),((38073719,24301319,49742130),(38073716,24301322,49742127),(-3,3,-3)),891,891)
((112117165,112117156,-9),((38073716,24301322,49742127),(38073713,24301319,49742124),(-3,-3,-3)),891,891)
((112117156,112117153,-3),((38073713,24301319,49742124),(38073710,24301322,49742121),(-3,3,-3)),891,891)
((112117153,112117144,-9),((38073710,24301322,49742121),(38073707,24301319,49742118),(-3,-3,-3)),891,891)
((112117144,112117141,-3),((38073707,24301319,49742118),(38073704,24301322,49742115),(-3,3,-3)),891,891)
((112117141,112117132,-9),((38073704,24301322,49742115),(38073701,24301319,49742112),(-3,-3,-3)),891,891)
((112117132,112117129,-3),((38073701,24301319,49742112),(38073698,24301322,49742109),(-3,3,-3)),891,891)
((112117129,112117120,-9),((38073698,24301322,49742109),(38073695,24301319,49742106),(-3,-3,-3)),891,891)
((112117120,112117117,-3),((38073695,24301319,49742106),(38073692,24301322,49742103),(-3,3,-3)),891,891)
((112117117,112117108,-9),((38073692,24301322,49742103),(38073689,24301319,49742100),(-3,-3,-3)),891,891)
((112117108,112117105,-3),((38073689,24301319,49742100),(38073686,24301322,49742097),(-3,3,-3)),891,891)
((112117105,112117096,-9),((38073686,24301322,49742097),(38073683,24301319,49742094),(-3,-3,-3)),891,891)
((112117096,112117093,-3),((38073683,24301319,49742094),(38073680,24301322,49742091),(-3,3,-3)),891,891)
((112117093,112117084,-9),((38073680,24301322,49742091),(38073677,24301319,49742088),(-3,-3,-3)),891,891)
((112117084,112117081,-3),((38073677,24301319,49742088),(38073674,24301322,49742085),(-3,3,-3)),891,891)
((112117081,112117072,-9),((38073674,24301322,49742085),(38073671,24301319,49742082),(-3,-3,-3)),891,891)
((112117072,112117069,-3),((38073671,24301319,49742082),(38073668,24301322,49742079),(-3,3,-3)),891,891)
((112117069,112117060,-9),((38073668,24301322,49742079),(38073665,24301319,49742076),(-3,-3,-3)),891,891)
((112117060,112117057,-3),((38073665,24301319,49742076),(38073662,24301322,49742073),(-3,3,-3)),891,891)
((112117057,112117048,-9),((38073662,24301322,49742073),(38073659,24301319,49742070),(-3,-3,-3)),891,891)
((112117048,112117045,-3),((38073659,24301319,49742070),(38073656,24301322,49742067),(-3,3,-3)),891,891)
((112117045,112117036,-9),((38073656,24301322,49742067),(38073653,24301319,49742064),(-3,-3,-3)),891,891)
((112117036,112117033,-3),((38073653,24301319,49742064),(38073650,24301322,49742061),(-3,3,-3)),891,891)
((112117033,112117024,-9),((38073650,24301322,49742061),(38073647,24301319,49742058),(-3,-3,-3)),891,891)
((112117024,112117021,-3),((38073647,24301319,49742058),(38073644,24301322,49742055),(-3,3,-3)),891,891)
((112117021,112117012,-9),((38073644,24301322,49742055),(38073641,24301319,49742052),(-3,-3,-3)),891,891)
((112117012,112117009,-3),((38073641,24301319,49742052),(38073638,24301322,49742049),(-3,3,-3)),891,891)
((112117009,112117000,-9),((38073638,24301322,49742049),(38073635,24301319,49742046),(-3,-3,-3)),891,891)
((112117000,112116997,-3),((38073635,24301319,49742046),(38073632,24301322,49742043),(-3,3,-3)),891,891)
((112116997,112116988,-9),((38073632,24301322,49742043),(38073629,24301319,49742040),(-3,-3,-3)),891,891)
((112116988,112116985,-3),((38073629,24301319,49742040),(38073626,24301322,49742037),(-3,3,-3)),891,891)
((112116985,112116976,-9),((38073626,24301322,49742037),(38073623,24301319,49742034),(-3,-3,-3)),891,891)
((112116976,112116973,-3),((38073623,24301319,49742034),(38073620,24301322,49742031),(-3,3,-3)),891,891)
((112116973,112116964,-9),((38073620,24301322,49742031),(38073617,24301319,49742028),(-3,-3,-3)),891,891)
((112116964,112116961,-3),((38073617,24301319,49742028),(38073614,24301322,49742025),(-3,3,-3)),891,891)
((112116961,112116952,-9),((38073614,24301322,49742025),(38073611,24301319,49742022),(-3,-3,-3)),891,891)
((112116952,112116949,-3),((38073611,24301319,49742022),(38073608,24301322,49742019),(-3,3,-3)),891,891)
((112116949,112116940,-9),((38073608,24301322,49742019),(38073605,24301319,49742016),(-3,-3,-3)),891,891)
((112116940,112116937,-3),((38073605,24301319,49742016),(38073602,24301322,49742013),(-3,3,-3)),891,891)
((112116937,112116928,-9),((38073602,24301322,49742013),(38073599,24301319,49742010),(-3,-3,-3)),891,891)
((112116928,112116925,-3),((38073599,24301319,49742010),(38073596,24301322,49742007),(-3,3,-3)),891,891)
((112116925,112116916,-9),((38073596,24301322,49742007),(38073593,24301319,49742004),(-3,-3,-3)),891,891)
((112116916,112116913,-3),((38073593,24301319,49742004),(38073590,24301322,49742001),(-3,3,-3)),891,891)
((112116913,112116904,-9),((38073590,24301322,49742001),(38073587,24301319,49741998),(-3,-3,-3)),891,891)
((112116904,112116901,-3),((38073587,24301319,49741998),(38073584,24301322,49741995),(-3,3,-3)),891,891)
((112116901,112116892,-9),((38073584,24301322,49741995),(38073581,24301319,49741992),(-3,-3,-3)),891,891)
((112116892,112116889,-3),((38073581,24301319,49741992),(38073578,24301322,49741989),(-3,3,-3)),891,891)
((112116889,112116880,-9),((38073578,24301322,49741989),(38073575,24301319,49741986),(-3,-3,-3)),891,891)
((112116880,112116877,-3),((38073575,24301319,49741986),(38073572,24301322,49741983),(-3,3,-3)),891,891)
((112116877,112116868,-9),((38073572,24301322,49741983),(38073569,24301319,49741980),(-3,-3,-3)),891,891)
((112116868,112116865,-3),((38073569,24301319,49741980),(38073566,24301322,49741977),(-3,3,-3)),891,891)
((112116865,112116856,-9),((38073566,24301322,49741977),(38073563,24301319,49741974),(-3,-3,-3)),891,891)
^C((112116856,Interrupted.
*Main> mapM_ print . drop 1000 . (\xs -> zipWith (\(n0,p0,iss0) (n1,p1,iss1) -> ((n0,n1,n1-n0),(p0,p1,diff p1 p0),iss0,iss1)) xs (tail xs)) . takeWhile (\(_,_,iss) -> iss >= 891) . map (classify bs) . iterate next $ p4
^CInterrupted.
*Main> mapM_ print . drop 100 . (\xs -> zipWith (\(n0,p0,iss0) (n1,p1,iss1) -> ((n0,n1,n1-n0),(p0,p1,diff p1 p0),iss0,iss1)) xs (tail xs)) . takeWhile (\(_,_,iss) -> iss >= 891) . map (classify bs) . iterate next $ p4
((112118257,112118248,-9),((38074262,24301322,49742673),(38074259,24301319,49742670),(-3,-3,-3)),891,891)
((112118248,112118245,-3),((38074259,24301319,49742670),(38074256,24301322,49742667),(-3,3,-3)),891,891)
((112118245,112118236,-9),((38074256,24301322,49742667),(38074253,24301319,49742664),(-3,-3,-3)),891,891)
((112118236,112118233,-3),((38074253,24301319,49742664),(38074250,24301322,49742661),(-3,3,-3)),891,891)
((112118233,112118224,-9),((38074250,24301322,49742661),(38074247,24301319,49742658),(-3,-3,-3)),891,891)
((112118224,112118221,-3),((38074247,24301319,49742658),(38074244,24301322,49742655),(-3,3,-3)),891,891)
((112118221,112118212,-9),((38074244,24301322,49742655),(38074241,24301319,49742652),(-3,-3,-3)),891,891)
((112118212,112118209,-3),((38074241,24301319,49742652),(38074238,24301322,49742649),(-3,3,-3)),891,891)
((112118209,112118200,-9),((38074238,24301322,49742649),(38074235,24301319,49742646),(-3,-3,-3)),891,891)
((112118200,112118197,-3),((38074235,24301319,49742646),(38074232,24301322,49742643),(-3,3,-3)),891,891)
((112118197,112118188,-9),((38074232,24301322,49742643),(38074229,24301319,49742640),(-3,-3,-3)),891,891)
((112118188,112118185,-3),((38074229,24301319,49742640),(38074226,24301322,49742637),(-3,3,-3)),891,891)
((112118185,112118176,-9),((38074226,24301322,49742637),(38074223,24301319,49742634),(-3,-3,-3)),891,891)
((112118176,112118173,-3),((38074223,24301319,49742634),(38074220,24301322,49742631),(-3,3,-3)),891,891)
((112118173,112118164,-9),((38074220,24301322,49742631),(38074217,24301319,49742628),(-3,-3,-3)),891,891)
((112118164,112118161,-3),((38074217,24301319,49742628),(38074214,24301322,49742625),(-3,3,-3)),891,891)
((112118161,112118152,-9),((38074214,24301322,49742625),(38074211,24301319,49742622),(-3,-3,-3)),891,891)
((112118152,112118149,-3),((38074211,24301319,49742622),(38074208,24301322,49742619),(-3,3,-3)),891,891)
((112118149,112118140,-9),((38074208,24301322,49742619),(38074205,24301319,49742616),(-3,-3,-3)),891,891)
((112118140,112118137,-3),((38074205,24301319,49742616),(38074202,24301322,49742613),(-3,3,-3)),891,891)
((112118137,112118128,-9),((38074202,24301322,49742613),(38074199,24301319,49742610),(-3,-3,-3)),891,891)
((112118128,112118125,-3),((38074199,24301319,49742610),(38074196,24301322,49742607),(-3,3,-3)),891,891)
((112118125,112118116,-9),((38074196,24301322,49742607),(38074193,24301319,49742604),(-3,-3,-3)),891,891)
((112118116,112118113,-3),((38074193,24301319,49742604),(38074190,24301322,49742601),(-3,3,-3)),891,891)
((112118113,112118104,-9),((38074190,24301322,49742601),(38074187,24301319,49742598),(-3,-3,-3)),891,891)
((112118104,112118101,-3),((38074187,24301319,49742598),(38074184,24301322,49742595),(-3,3,-3)),891,891)
((112118101,112118092,-9),((38074184,24301322,49742595),(38074181,24301319,49742592),(-3,-3,-3)),891,891)
((112118092,112118089,-3),((38074181,24301319,49742592),(38074178,24301322,49742589),(-3,3,-3)),891,891)
((112118089,112118080,-9),((38074178,24301322,49742589),(38074175,24301319,49742586),(-3,-3,-3)),891,891)
((112118080,112118077,-3),((38074175,24301319,49742586),(38074172,24301322,49742583),(-3,3,-3)),891,891)
((112118077,112118068,-9),((38074172,24301322,49742583),(38074169,24301319,49742580),(-3,-3,-3)),891,891)
((112118068,112118065,-3),((38074169,24301319,49742580),(38074166,24301322,49742577),(-3,3,-3)),891,891)
((112118065,112118056,-9),((38074166,24301322,49742577),(38074163,24301319,49742574),(-3,-3,-3)),891,891)
((112118056,112118053,-3),((38074163,24301319,49742574),(38074160,24301322,49742571),(-3,3,-3)),891,891)
((112118053,112118044,-9),((38074160,24301322,49742571),(38074157,24301319,49742568),(-3,-3,-3)),891,891)
((112118044,112118041,-3),((38074157,24301319,49742568),(38074154,24301322,49742565),(-3,3,-3)),891,891)
((112118041,112118032,-9),((38074154,24301322,49742565),(38074151,24301319,49742562),(-3,-3,-3)),891,891)
((112118032,112118029,-3),((38074151,24301319,49742562),(38074148,24301322,49742559),(-3,3,-3)),891,891)
((112118029,112118020,-9),((38074148,24301322,49742559),(38074145,24301319,49742556),(-3,-3,-3)),891,891)
((112118020,112118017,-3),((38074145,24301319,49742556),(38074142,24301322,49742553),(-3,3,-3)),891,891)
((112118017,112118008,-9),((38074142,24301322,49742553),(38074139,24301319,49742550),(-3,-3,-3)),891,891)
((112118008,112118005,-3),((38074139,24301319,49742550),(38074136,24301322,49742547),(-3,3,-3)),891,891)
((112118005,112117996,-9),((38074136,24301322,49742547),(38074133,24301319,49742544),(-3,-3,-3)),891,891)
((112117996,112117993,-3),((38074133,24301319,49742544),(38074130,24301322,49742541),(-3,3,-3)),891,891)
((112117993,112117984,-9),((38074130,24301322,49742541),(38074127,24301319,49742538),(-3,-3,-3)),891,891)
((112117984,112117981,-3),((38074127,24301319,49742538),(38074124,24301322,49742535),(-3,3,-3)),891,891)
((112117981,112117972,-9),((38074124,24301322,49742535),(38074121,24301319,49742532),(-3,-3,-3)),891,891)
((112117972,112117969,-3),((38074121,24301319,49742532),(38074118,24301322,49742529),(-3,3,-3)),891,891)
((112117969,112117960,-9),((38074118,24301322,49742529),(38074115,24301319,49742526),(-3,-3,-3)),891,891)
((112117960,112117957,-3),((38074115,24301319,49742526),(38074112,24301322,49742523),(-3,3,-3)),891,891)
((112117957,112117948,-9),((38074112,24301322,49742523),(38074109,24301319,49742520),(-3,-3,-3)),891,891)
((112117948,112117945,-3),((38074109,24301319,49742520),(38074106,24301322,49742517),(-3,3,-3)),891,891)
((112117945,112117936,-9),((38074106,24301322,49742517),(38074103,24301319,49742514),(-3,-3,-3)),891,891)
((112117936,112117933,-3),((38074103,24301319,49742514),(38074100,24301322,49742511),(-3,3,-3)),891,891)
((112117933,112117924,-9),((38074100,24301322,49742511),(38074097,24301319,49742508),(-3,-3,-3)),891,891)
((112117924,112117921,-3),((38074097,24301319,49742508),(38074094,24301322,49742505),(-3,3,-3)),891,891)
((112117921,112117912,-9),((38074094,24301322,49742505),(38074091,24301319,49742502),(-3,-3,-3)),891,891)
((112117912,112117909,-3),((38074091,24301319,49742502),(38074088,24301322,49742499),(-3,3,-3)),891,891)
((112117909,112117900,-9),((38074088,24301322,49742499),(38074085,24301319,49742496),(-3,-3,-3)),891,891)
((112117900,112117897,-3),((38074085,24301319,49742496),(38074082,24301322,49742493),(-3,3,-3)),891,891)
((112117897,112117888,-9),((38074082,24301322,49742493),(38074079,24301319,49742490),(-3,-3,-3)),891,891)
((112117888,112117885,-3),((38074079,24301319,49742490),(38074076,24301322,49742487),(-3,3,-3)),891,891)
((112117885,112117876,-9),((38074076,24301322,49742487),(38074073,24301319,49742484),(-3,-3,-3)),891,891)
((112117876,112117873,-3),((38074073,24301319,49742484),(38074070,24301322,49742481),(-3,3,-3)),891,891)
((112117873,112117864,-9),((38074070,24301322,49742481),(38074067,24301319,49742478),(-3,-3,-3)),891,891)
((112117864,112117861,-3),((38074067,24301319,49742478),(38074064,24301322,49742475),(-3,3,-3)),891,891)
((112117861,112117852,-9),((38074064,24301322,49742475),(38074061,24301319,49742472),(-3,-3,-3)),891,891)
((112117852,112117849,-3),((38074061,24301319,49742472),(38074058,24301322,49742469),(-3,3,-3)),891,891)
((112117849,112117840,-9),((38074058,24301322,49742469),(38074055,24301319,49742466),(-3,-3,-3)),891,891)
((112117840,112117837,-3),((38074055,24301319,49742466),(38074052,24301322,49742463),(-3,3,-3)),891,891)
((112117837,112^C7828,-9),((38074052,24301322,49742463),(38074049,24301319,49742460),(-3,-3,-3)),891,891)
((112117828,11Interrupted.
*Main> norm (38074052,24301322,49742463)
112117837
(0.01 secs, 73,752 bytes)
*Main> norm (38074052,24301322,49742463) - norm p4
-1020
(0.01 secs, 74,272 bytes)
*Main> p5 = (38074052,24301322,49742463)
(0.00 secs, 0 bytes)
*Main> mapM_ print . drop 100 . (\xs -> zipWith (\(n0,p0,iss0) (n1,p1,iss1) -> ((n0,n1,n1-n0),(p0,p1,diff p1 p0),iss0,iss1)) xs (tail xs)) . takeWhile (\(_,_,iss) -> iss >= 891) . map (classify bs) . iterate next $ p5
((112117237,112117228,-9),((38073752,24301322,49742163),(38073749,24301319,49742160),(-3,-3,-3)),891,891)
((112117228,112117225,-3),((38073749,24301319,49742160),(38073746,24301322,49742157),(-3,3,-3)),891,891)
((112117225,112117216,-9),((38073746,24301322,49742157),(38073743,24301319,49742154),(-3,-3,-3)),891,891)
((112117216,112117213,-3),((38073743,24301319,49742154),(38073740,24301322,49742151),(-3,3,-3)),891,891)
((112117213,112117204,-9),((38073740,24301322,49742151),(38073737,24301319,49742148),(-3,-3,-3)),891,891)
((112117204,112117201,-3),((38073737,24301319,49742148),(38073734,24301322,49742145),(-3,3,-3)),891,891)
((112117201,112117192,-9),((38073734,24301322,49742145),(38073731,24301319,49742142),(-3,-3,-3)),891,891)
((112117192,112117189,-3),((38073731,24301319,49742142),(38073728,24301322,49742139),(-3,3,-3)),891,891)
((112117189,112117180,-9),((38073728,24301322,49742139),(38073725,24301319,49742136),(-3,-3,-3)),891,891)
((112117180,112117177,-3),((38073725,24301319,49742136),(38073722,24301322,49742133),(-3,3,-3)),891,891)
((112117177,112117168,-9),((38073722,24301322,49742133),(38073719,24301319,49742130),(-3,-3,-3)),891,891)
((112117168,112117165,-3),((38073719,24301319,49742130),(38073716,24301322,49742127),(-3,3,-3)),891,891)
((112117165,112117156,-9),((38073716,24301322,49742127),(38073713,24301319,49742124),(-3,-3,-3)),891,891)
((112117156,112117153,-3),((38073713,24301319,49742124),(38073710,24301322,49742121),(-3,3,-3)),891,891)
((112117153,112117144,-9),((38073710,24301322,49742121),(38073707,24301319,49742118),(-3,-3,-3)),891,891)
((112117144,112117141,-3),((38073707,24301319,49742118),(38073704,24301322,49742115),(-3,3,-3)),891,891)
((112117141,112117132,-9),((38073704,24301322,49742115),(38073701,24301319,49742112),(-3,-3,-3)),891,891)
((112117132,112117129,-3),((38073701,24301319,49742112),(38073698,24301322,49742109),(-3,3,-3)),891,891)
((112117129,112117120,-9),((38073698,24301322,49742109),(38073695,24301319,49742106),(-3,-3,-3)),891,891)
((112117120,112117117,-3),((38073695,24301319,49742106),(38073692,24301322,49742103),(-3,3,-3)),891,891)
((112117117,112117108,-9),((38073692,24301322,49742103),(38073689,24301319,49742100),(-3,-3,-3)),891,891)
((112117108,112117105,-3),((38073689,24301319,49742100),(38073686,24301322,49742097),(-3,3,-3)),891,891)
((112117105,112117096,-9),((38073686,24301322,49742097),(38073683,24301319,49742094),(-3,-3,-3)),891,891)
((112117096,112117093,-3),((38073683,24301319,49742094),(38073680,24301322,49742091),(-3,3,-3)),891,891)
((112117093,112117084,-9),((38073680,24301322,49742091),(38073677,24301319,49742088),(-3,-3,-3)),891,891)
((112117084,112117081,-3),((38073677,24301319,49742088),(38073674,24301322,49742085),(-3,3,-3)),891,891)
((112117081,112117072,-9),((38073674,24301322,49742085),(38073671,24301319,49742082),(-3,-3,-3)),891,891)
((112117072,112117069,-3),((38073671,24301319,49742082),(38073668,24301322,49742079),(-3,3,-3)),891,891)
((112117069,112117060,-9),((38073668,24301322,49742079),(38073665,24301319,49742076),(-3,-3,-3)),891,891)
((112117060,112117057,-3),((38073665,24301319,49742076),(38073662,24301322,49742073),(-3,3,-3)),891,891)
((112117057,112117048,-9),((38073662,24301322,49742073),(38073659,24301319,49742070),(-3,-3,-3)),891,891)
((112117048,112117045,-3),((38073659,24301319,49742070),(38073656,24301322,49742067),(-3,3,-3)),891,891)
((112117045,112117036,-9),((38073656,24301322,49742067),(38073653,24301319,49742064),(-3,-3,-3)),891,891)
((112117036,112117033,-3),((38073653,24301319,49742064),(38073650,24301322,49742061),(-3,3,-3)),891,891)
((112117033,112117024,-9),((38073650,24301322,49742061),(38073647,24301319,49742058),(-3,-3,-3)),891,891)
((112117024,112117021,-3),((38073647,24301319,49742058),(38073644,24301322,49742055),(-3,3,-3)),891,891)
((112117021,112117012,-9),((38073644,24301322,49742055),(38073641,24301319,49742052),(-3,-3,-3)),891,891)
((112117012,112117009,-3),((38073641,24301319,49742052),(38073638,24301322,49742049),(-3,3,-3)),891,891)
((112117009,112117000,-9),((38073638,24301322,49742049),(38073635,24301319,49742046),(-3,-3,-3)),891,891)
((112117000,112116997,-3),((38073635,24301319,49742046),(38073632,24301322,49742043),(-3,3,-3)),891,891)
((112116997,112116988,-9),((38073632,24301322,49742043),(38073629,24301319,49742040),(-3,-3,-3)),891,891)
((112116988,112116985,-3),((38073629,24301319,49742040),(38073626,24301322,49742037),(-3,3,-3)),891,891)
((112116985,112116976,-9),((38073626,24301322,49742037),(38073623,24301319,49742034),(-3,-3,-3)),891,891)
((112116976,112116973,-3),((38073623,24301319,49742034),(38073620,24301322,49742031),(-3,3,-3)),891,891)
((112116973,112116964,-9),((38073620,24301322,49742031),(38073617,24301319,49742028),(-3,-3,-3)),891,891)
((112116964,112116961,-3),((38073617,24301319,49742028),(38073614,24301322,49742025),(-3,3,-3)),891,891)
((112116961,112116952,-9),((38073614,24301322,49742025),(38073611,24301319,49742022),(-3,-3,-3)),891,891)
((112116952,112116949,-3),((38073611,24301319,49742022),(38073608,24301322,49742019),(-3,3,-3)),891,891)
((112116949,112116940,-9),((38073608,24301322,49742019),(38073605,24301319,49742016),(-3,-3,-3)),891,891)
((112116940,112116937,-3),((38073605,24301319,49742016),(38073602,24301322,49742013),(-3,3,-3)),891,891)
((112116937,112116928,-9),((38073602,24301322,49742013),(38073599,24301319,49742010),(-3,-3,-3)),891,891)
((112116928,112116925,-3),((38073599,24301319,49742010),(38073596,24301322,49742007),(-3,3,-3)),891,891)
((112116925,112116916,-9),((38073596,24301322,49742007),(38073593,24301319,49742004),(-3,-3,-3)),891,891)
((112116916,112116913,-3),((38073593,24301319,49742004),(38073590,24301322,49742001),(-3,3,-3)),891,891)
((112116913,112116904,-9),((38073590,24301322,49742001),(38073587,24301319,49741998),(-3,-3,-3)),891,891)
((112116904,112116901,-3),((38073587,24301319,49741998),(38073584,24301322,49741995),(-3,3,-3)),891,891)
((112116901,112116892,-9),((38073584,24301322,49741995),(38073581,24301319,49741992),(-3,-3,-3)),891,891)
((112116892,112116889,-3),((38073581,24301319,49741992),(38073578,24301322,49741989),(-3,3,-3)),891,891)
((112116889,112116880,-9),((38073578,24301322,49741989),(38073575,24301319,49741986),(-3,-3,-3)),891,891)
((112116880,112116877,-3),((38073575,24301319,49741986),(38073572,24301322,49741983),(-3,3,-3)),891,891)
((112116877,112116868,-9),((38073572,24301322,49741983),(38073569,24301319,49741980),(-3,-3,-3)),891,891)
((112116868,112116865,-3),((38073569,24301319,49741980),(38073566,24301322,49741977),(-3,3,-3)),891,891)
((112116865,112116856,-9),((38073566,24301322,49741977),(38073563,24301319,49741974),(-3,-3,-3)),891,891)
((112116856,112116853,-3),((38073563,24301319,49741974),(38073560,24301322,49741971),(-3,3,-3)),891,891)
((112116853,112116844,-9),((38073560,24301322,49741971),(38073557,24301319,49741968),(-3,-3,-3)),891,891)
((112116844,112116841,-3),((38073557,24301319,49741968),(38073554,24301322,49741965),(-3,3,-3)),891,891)
((112116841,112116832,-9),((38073554,24301322,49741965),(38073551,24301319,49741962),(-3,-3,-3)),891,891)
((112116832,112116829,-3),((38073551,24301319,49741962),(38073548,24301322,49741959),(-3,3,-3)),891,891)
((112116829,112116820,-9),((38073548,24301322,49741959),(38073545,24301319,49741956),(-3,-3,-3)),891,891)
((112116820,112116817,-3),((38073545,24301319,49741956),(38073542,24301322,49741953),(-3,3,-3)),891,891)
((112116817,112116808,-9),((38073542,24301322,49741953),(38073539,24301319,49741950),(-3,-3,-3)),891,891)
((112116808,112116805,-3),((38073539,24301319,49741950),(38073536,24301322,49741947),(-3,3,-3)),891,891)
((112116805,112116796,-9),((38073536,24301322,49741947),(38073533,24301319,49741944),(-3,-3,-3)),891,891)
((112116796,112116793,-3),((38073533,24301319,49741944),(38073530,24301322,49741941),(-3,3,-3)),891,891)
((112116793,112116784,-9),((38073530,24301322,49741941),(38073527,24301319,49741938),(-3,-3,-3)),891,891)
((112116784,112116781,-3),((38073527,24301319,49741938),(38073524,24301322,49741935),(-3,3,-3)),891,891)
((112116781,112116772,-9),((38073524,24301322,49741935),(38073521,24301319,49741932),(-3,-3,-3)),891,891)
((112116772,112116769,-3),((38073521,24301319,49741932),(38073518,24301322,49741929),(-3,3,-3)),891,891)
((112116769,112116760,-9),((38073518,24301322,49741929),(38073515,24301319,49741926),(-3,-3,-3)),891,891)
((112116760,112116757,-3),((38073515,24301319,49741926),(38073512,24301322,49741923),(-3,3,-3)),891,891)
((112116757,112116748,-9),((38073512,24301322,49741923),(38073509,24301319,49741920),(-3,-3,-3)),891,891)
((112116748,112116745,-3),((38073509,24301319,49741920),(38073506,24301322,49741917),(-3,3,-3)),891,891)
((112116745,112116736,-9),((38073506,24301322,49741917),(38073503,24301319,49741914),(-3,-3,-3)),891,891)
((112116736,112116733,-3),((38073503,24301319,49741914),(38073500,24301322,49741911),(-3,3,-3)),891,891)
((112116733,112116724,-9),((38073500,24301322,49741911),(38073497,24301319,49741908),(-3,-3,-3)),891,891)
((112116724,112116721,-3),((38073497,24301319,49741908),(38073494,24301322,49741905),(-3,3,-3)),891,891)
((112116721,112116712,-9),((38073494,24301322,49741905),(38073491,24301319,49741902),(-3,-3,-3)),891,891)
((112116712,112116709,-3),((38073491,24301319,49741902),(38073488,24301322,49741899),(-3,3,-3)),891,891)
((112116709,112116700,-9),((38073488,24301322,49741899),(38073485,24301319,49741896),(-3,-3,-3)),891,891)
((112116700,112116697,-3),((38073485,24301319,49741896),(38073482,24301322,49741893),(-3,3,-3)),891,891)
((112116697,112116688,-9),((38073482,24301322,49741893),(38073479,24301319,49741890),(-3,-3,-3)),891,891)
((112116688,112116685,-3),((38073479,24301319,49741890),(38073476,24301322,49741887),(-3,3,-3)),891,891)
((112116685,112116676,-9),((38073476,24301322,49741887),(38073473,24301319,49741884),(-3,-3,-3)),891,891)
((112116676,112116673,-3),((38073473,24301319,49741884),(38073470,24301322,49741881),(-3,3,-3)),891,891)
((112116673,112116664,-9),((38073470,24301322,49741881),(38073467,24301319,49741878),(-3,-3,-3)),891,891)
((112116664,112116661,-3),((38073467,24301319,49741878),(38073464,24301322,49741875),(-3,3,-3)),891,891)
((112116661,112116652,-9),((38073464,24301322,49741875),(38073461,24301319,49741872),(-3,-3,-3)),891,891)
((112116652,112116649,-3),((38073461,24301319,49741872),(38073458,24301322,49741869),(-3,3,-3)),891,891)
((112116649,112116640,-9),((38073458,24301322,49741869),(38073455,24301319,49741866),(-3,-3,-3)),891,891)
((112116640,112116637,-3),((38073455,24301319,49741866),(38073452,24301322,49741863),(-3,3,-3)),891,891)
((112116637,112116628,-9),((38073452,24301322,49741863),(38073449,24301319,49741860),(-3,-3,-3)),891,891)
((112116628,112116625,-3),((38073449,24301319,49741860),(38073446,24301322,49741857),(-3,3,-3)),891,891)
((112116625,112116616,-9),((38073446,24301322,49741857),(38073443,24301319,49741854),(-3,-3,-3)),891,891)
((112116616,112116613,-3),((38073443,24301319,49741854),(38073440,24301322,49741851),(-3,3,-3)),891,891)
((112116613,112116604,-9),((38073440,24301322,49741851),(38073437,24301319,49741848),(-3,-3,-3)),891,891)
((112116604,112116601,-3),((38073437,24301319,49741848),(38073434,24301322,49741845),(-3,3,-3)),891,891)
((112116601,112116592,-9),((38073434,24301322,49741845),(38073431,24301319,49741842),(-3,-3,-3)),891,891)
((112116592,112116589,-3),((38073431,24301319,49741842),(38073428,24301322,49741839),(-3,3,-3)),891,891)
((112116589,112116580,-9),((38073428,24301322,49741839),(38073425,24301319,49741836),(-3,-3,-3)),891,891)
^C((112116Interrupted.
*Main> mapM_ print . drop 10000 . (\xs -> zipWith (\(n0,p0,iss0) (n1,p1,iss1) -> ((n0,n1,n1-n0),(p0,p1,diff p1 p0),iss0,iss1)) xs (tail xs)) . takeWhile (\(_,_,iss) -> iss >= 891) . map (classify bs) . iterate next $ p5
^CInterrupted.
*Main> norm (38073428,24301322,49741839) - norm p4
-2268
(0.01 secs, 70,264 bytes)
*Main> norm p4 - norm (38073428,24301322,49741839)
2268
(0.01 secs, 70,280 bytes)
*Main> norm (38073428-3*10000,24301322,49741839-3*10000)
112056589
(0.01 secs, 74,192 bytes)
*Main> intersect bs (38073428-3*10000,24301322,49741839-3*10000)

<interactive>:128:1: error:
    • Variable not in scope:
        intersect :: [Bot] -> (Integer, Integer, Integer) -> t
    • Perhaps you meant one of these:
        ‘L.intersect’ (imported from Data.List), ‘intersects’ (line 118),
        ‘interact’ (imported from Prelude)
(0.01 secs,)
*Main> :t intersect

<interactive>:1:1: error:
    • Variable not in scope: intersect
    • Perhaps you meant one of these:
        ‘L.intersect’ (imported from Data.List), ‘intersects’ (line 118),
        ‘interact’ (imported from Prelude)
*Main> :t intersects
intersects :: Bot -> Bot -> Bool
*Main> intersects bs (38073428-3*10000,24301322,49741839-3*10000)

<interactive>:131:12: error:
    • Couldn't match expected type ‘Bot’ with actual type ‘[Bot]’
    • In the first argument of ‘intersects’, namely ‘bs’
      In the expression:
        intersects
          bs (38073428 - 3 * 10000, 24301322, 49741839 - 3 * 10000)
      In an equation for ‘it’:
          it
            = intersects
                bs (38073428 - 3 * 10000, 24301322, 49741839 - 3 * 10000)

<interactive>:131:15: error:
    • Couldn't match expected type ‘Bot’
                  with actual type ‘(Integer, Integer, Integer)’
    • In the second argument of ‘intersects’, namely
        ‘(38073428 - 3 * 10000, 24301322, 49741839 - 3 * 10000)’
      In the expression:
        intersects
          bs (38073428 - 3 * 10000, 24301322, 49741839 - 3 * 10000)
      In an equation for ‘it’:
          it
            = intersects
                bs (38073428 - 3 * 10000, 24301322, 49741839 - 3 * 10000)
(0.03 secs,)
*Main> :t intersection
intersection :: [Bot] -> (Int, Int, Int) -> Int
*Main> intersection bs (38073428-3*10000,24301322,49741839-3*10000)
891
(0.01 secs, 996,768 bytes)
*Main> intersection bs (38073428-3*1000000,24301322,49741839-3*1000000)
780
(0.01 secs, 985,224 bytes)
*Main> intersection bs (38073428-3*100000,24301322,49741839-3*100000)
891
(0.01 secs, 996,768 bytes)
*Main> intersection bs (38073428-3*200000,24301322,49741839-3*200000)
813
(0.01 secs, 988,488 bytes)
*Main> intersection bs (38073428-3*100000,24301322,49741839-3*100000)
891
(0.01 secs, 996,616 bytes)
*Main> p5 =  (38073428-3*100000,24301322,49741839-3*100000)
(0.00 secs, 0 bytes)
*Main> norm p5
111516589
(0.00 secs, 74,144 bytes)
*Main> norm p4 - norm (38073428,24301322,49741839)
*Main> mapM_ print . (\xs -> zipWith (\(n0,p0,iss0) (n1,p1,iss1) -> ((n0,n1,n1-n0),(p0,p1,diff p1 p0),iss0,iss1)) xs (tail xs)) . takeWhile (\(_,_,iss) -> iss >= 891) . map (classify bs) . iterate next $ p5
((111516589,111516580,-9),((37773428,24301322,49441839),(37773425,24301319,49441836),(-3,-3,-3)),891,891)
((111516580,111516577,-3),((37773425,24301319,49441836),(37773422,24301322,49441833),(-3,3,-3)),891,891)
((111516577,111516568,-9),((37773422,24301322,49441833),(37773419,24301319,49441830),(-3,-3,-3)),891,891)
((111516568,111516565,-3),((37773419,24301319,49441830),(37773416,24301322,49441827),(-3,3,-3)),891,891)
((111516565,111516556,-9),((37773416,24301322,49441827),(37773413,24301319,49441824),(-3,-3,-3)),891,891)
((111516556,111516553,-3),((37773413,24301319,49441824),(37773410,24301322,49441821),(-3,3,-3)),891,891)
((111516553,111516544,-9),((37773410,24301322,49441821),(37773407,24301319,49441818),(-3,-3,-3)),891,891)
((111516544,111516541,-3),((37773407,24301319,49441818),(37773404,24301322,49441815),(-3,3,-3)),891,891)
((111516541,111516532,-9),((37773404,24301322,49441815),(37773401,24301319,49441812),(-3,-3,-3)),891,891)
((111516532,111516529,-3),((37773401,24301319,49441812),(37773398,24301322,49441809),(-3,3,-3)),891,891)
((111516529,111516520,-9),((37773398,24301322,49441809),(37773395,24301319,49441806),(-3,-3,-3)),891,891)
((111516520,111516517,-3),((37773395,24301319,49441806),(37773392,24301322,49441803),(-3,3,-3)),891,891)
((111516517,111516508,-9),((37773392,24301322,49441803),(37773389,24301319,49441800),(-3,-3,-3)),891,891)
((111516508,111516505,-3),((37773389,24301319,49441800),(37773386,24301322,49441797),(-3,3,-3)),891,891)
((111516505,111516496,-9),((37773386,24301322,49441797),(37773383,24301319,49441794),(-3,-3,-3)),891,891)
((111516496,111516493,-3),((37773383,24301319,49441794),(37773380,24301322,49441791),(-3,3,-3)),891,891)
((111516493,111516484,-9),((37773380,24301322,49441791),(37773377,24301319,49441788),(-3,-3,-3)),891,891)
((111516484,111516481,-3),((37773377,24301319,49441788),(37773374,24301322,49441785),(-3,3,-3)),891,891)
((111516481,111516472,-9),((37773374,24301322,49441785),(37773371,24301319,49441782),(-3,-3,-3)),891,891)
((111516472,111516469,-3),((37773371,24301319,49441782),(37773368,24301322,49441779),(-3,3,-3)),891,891)
((111516469,111516460,-9),((37773368,24301322,49441779),(37773365,24301319,49441776),(-3,-3,-3)),891,891)
((111516460,111516457,-3),((37773365,24301319,49441776),(37773362,24301322,49441773),(-3,3,-3)),891,891)
((111516457,111516448,-9),((37773362,24301322,49441773),(37773359,24301319,49441770),(-3,-3,-3)),891,891)
((111516448,111516445,-3),((37773359,24301319,49441770),(37773356,24301322,49441767),(-3,3,-3)),891,891)
((111516445,111516436,-9),((37773356,24301322,49441767),(37773353,24301319,49441764),(-3,-3,-3)),891,891)
((111516436,111516433,-3),((37773353,24301319,49441764),(37773350,24301322,49441761),(-3,3,-3)),891,891)
((111516433,111516424,-9),((37773350,24301322,49441761),(37773347,24301319,49441758),(-3,-3,-3)),891,891)
((111516424,111516421,-3),((37773347,24301319,49441758),(37773344,24301322,49441755),(-3,3,-3)),891,891)
((111516421,111516412,-9),((37773344,24301322,49441755),(37773341,24301319,49441752),(-3,-3,-3)),891,891)
((111516412,111516409,-3),((37773341,24301319,49441752),(37773338,24301322,49441749),(-3,3,-3)),891,891)
((111516409,111516400,-9),((37773338,24301322,49441749),(37773335,24301319,49441746),(-3,-3,-3)),891,891)
((111516400,111516397,-3),((37773335,24301319,49441746),(37773332,24301322,49441743),(-3,3,-3)),891,891)
((111516397,111516388,-9),((37773332,24301322,49441743),(37773329,24301319,49441740),(-3,-3,-3)),891,891)
((111516388,111516385,-3),((37773329,24301319,49441740),(37773326,24301322,49441737),(-3,3,-3)),891,891)
((111516385,111516376,-9),((37773326,24301322,49441737),(37773323,24301319,49441734),(-3,-3,-3)),891,891)
((111516376,111516373,-3),((37773323,24301319,49441734),(37773320,24301322,49441731),(-3,3,-3)),891,891)
((111516373,111516364,-9),((37773320,24301322,49441731),(37773317,24301319,49441728),(-3,-3,-3)),891,891)
((111516364,111516361,-3),((37773317,24301319,49441728),(37773314,24301322,49441725),(-3,3,-3)),891,891)
((111516361,111516352,-9),((37773314,24301322,49441725),(37773311,24301319,49441722),(-3,-3,-3)),891,891)
((111516352,111516349,-3),((37773311,24301319,49441722),(37773308,24301322,49441719),(-3,3,-3)),891,891)
((111516349,111516340,-9),((37773308,24301322,49441719),(37773305,24301319,49441716),(-3,-3,-3)),891,891)
((111516340,111516337,-3),((37773305,24301319,49441716),(37773302,24301322,49441713),(-3,3,-3)),891,891)
((111516337,111516328,-9),((37773302,24301322,49441713),(37773299,24301319,49441710),(-3,-3,-3)),891,891)
((111516328,111516325,-3),((37773299,24301319,49441710),(37773296,24301322,49441707),(-3,3,-3)),891,891)
((111516325,111516316,-9),((37773296,24301322,49441707),(37773293,24301319,49441704),(-3,-3,-3)),891,891)
((111516316,111516313,-3),((37773293,24301319,49441704),(37773290,24301322,49441701),(-3,3,-3)),891,891)
((111516313,111516304,-9),((37773290,24301322,49441701),(37773287,24301319,49441698),(-3,-3,-3)),891,891)
((111516304,111516301,-3),((37773287,24301319,49441698),(37773284,24301322,49441695),(-3,3,-3)),891,891)
((111516301,111516292,-9),((37773284,24301322,49441695),(37773281,24301319,49441692),(-3,-3,-3)),891,891)
((111516292,111516289,-3),((37773281,24301319,49441692),(37773278,24301322,49441689),(-3,3,-3)),891,891)
((111516289,111516280,-9),((37773278,24301322,49441689),(37773275,24301319,49441686),(-3,-3,-3)),891,891)
((111516280,111516277,-3),((37773275,24301319,49441686),(37773272,24301322,49441683),(-3,3,-3)),891,891)
((111516277,111516268,-9),((37773272,24301322,49441683),(37773269,24301319,49441680),(-3,-3,-3)),891,891)
((111516268,111516265,-3),((37773269,24301319,49441680),(37773266,24301322,49441677),(-3,3,-3)),891,891)
((111516265,111516256,-9),((37773266,24301322,49441677),(37773263,24301319,49441674),(-3,-3,-3)),891,891)
((111516256,111516253,-3),((37773263,24301319,49441674),(37773260,24301322,49441671),(-3,3,-3)),891,891)
((111516253,111516244,-9),((37773260,24301322,49441671),(37773257,24301319,49441668),(-3,-3,-3)),891,891)
((111516244,111516241,-3),((37773257,24301319,49441668),(37773254,24301322,49441665),(-3,3,-3)),891,891)
((111516241,111516232,-9),((37773254,24301322,49441665),(37773251,24301319,49441662),(-3,-3,-3)),891,891)
((111516232,111516229,-3),((37773251,24301319,49441662),(37773248,24301322,49441659),(-3,3,-3)),891,891)
((111516229,111516220,-9),((37773248,24301322,49441659),(37773245,24301319,49441656),(-3,-3,-3)),891,891)
((111516220,111516217,-3),((37773245,24301319,49441656),(37773242,24301322,49441653),(-3,3,-3)),891,891)
((111516217,111516208,-9),((37773242,24301322,49441653),(37773239,24301319,49441650),(-3,-3,-3)),891,891)
((111516208,111516205,-3),((37773239,24301319,49441650),(37773236,24301322,49441647),(-3,3,-3)),891,891)
((111516205,111516196,-9),((37773236,24301322,49441647),(37773233,24301319,49441644),(-3,-3,-3)),891,891)
((111516196,111516193,-3),((37773233,24301319,49441644),(37773230,24301322,49441641),(-3,3,-3)),891,891)
((111516193,111516184,-9),((37773230,24301322,49441641),(37773227,24301319,49441638),(-3,-3,-3)),891,891)
((111516184,111516181,-3),((37773227,24301319,49441638),(37773224,24301322,49441635),(-3,3,-3)),891,891)
((111516181,111516172,-9),((37773224,24301322,49441635),(37773221,24301319,49441632),(-3,-3,-3)),891,891)
((111516172,111516169,-3),((37773221,24301319,49441632),(37773218,24301322,49441629),(-3,3,-3)),891,891)
((111516169,111516160,-9),((37773218,24301322,49441629),(37773215,24301319,49441626),(-3,-3,-3)),891,891)
((111516160,111516157,-3),((37773215,24301319,49441626),(37773212,24301322,49441623),(-3,3,-3)),891,891)
((111516157,111516148,-9),((37773212,24301322,49441623),(37773209,24301319,49441620),(-3,-3,-3)),891,891)
((111516148,111516145,-3),((37773209,24301319,49441620),(37773206,24301322,49441617),(-3,3,-3)),891,891)
((111516145,111516136,-9),((37773206,24301322,49441617),(37773203,24301319,49441614),(-3,-3,-3)),891,891)
((111516136,111516133,-3),((37773203,24301319,49441614),(37773200,24301322,49441611),(-3,3,-3)),891,891)
((111516133,111516124,-9),((37773200,24301322,49441611),(37773197,24301319,49441608),(-3,-3,-3)),891,891)
((111516124,111516121,-3),((37773197,24301319,49441608),(37773194,24301322,49441605),(-3,3,-3)),891,891)
((111516121,111516112,-9),((37773194,24301322,49441605),(37773191,24301319,49441602),(-3,-3,-3)),891,891)
((111516112,111516109,-3),((37773191,24301319,49441602),(37773188,24301322,49441599),(-3,3,-3)),891,891)
((111516109,111516100,-9),((37773188,24301322,49441599),(37773185,24301319,49441596),(-3,-3,-3)),891,891)
((111516100,111516097,-3),((37773185,24301319,49441596),(37773182,24301322,49441593),(-3,3,-3)),891,891)
((111516097,111516088,-9),((37773182,24301322,49441593),(37773179,24301319,49441590),(-3,-3,-3)),891,891)
((111516088,111516085,-3),((37773179,24301319,49441590),(37773176,24301322,49441587),(-3,3,-3)),891,891)
((111516085,111516076,-9),((37773176,24301322,49441587),(37773173,24301319,49441584),(-3,-3,-3)),891,891)
((111516076,111516073,-3),((37773173,24301319,49441584),(37773170,24301322,49441581),(-3,3,-3)),891,891)
((111516073,111516064,-9),((37773170,24301322,49441581),(37773167,24301319,49441578),(-3,-3,-3)),891,891)
((111516064,111516061,-3),((37773167,24301319,49441578),(37773164,24301322,49441575),(-3,3,-3)),891,891)
((111516061,111516052,-9),((37773164,24301322,49441575),(37773161,24301319,49441572),(-3,-3,-3)),891,891)
((111516052,111516049,-3),((37773161,24301319,49441572),(37773158,24301322,49441569),(-3,3,-3)),891,891)
((111516049,111516040,-9),((37773158,24301322,49441569),(37773155,24301319,49441566),(-3,-3,-3)),891,891)
((111516040,111516037,-3),((37773155,24301319,49441566),(37773152,24301322,49441563),(-3,3,-3)),891,891)
((111516037,111516028,-9),((37773152,24301322,49441563),(37773149,24301319,49441560),(-3,-3,-3)),891,891)
((111516028,111516025,-3),((37773149,24301319,49441560),(37773146,24301322,49441557),(-3,3,-3)),891,891)
((111516025,111516016,-9),((37773146,24301322,49441557),(37773143,24301319,49441554),(-3,-3,-3)),891,891)
((111516016,111516013,-3),((37773143,24301319,49441554),(37773140,24301322,49441551),(-3,3,-3)),891,891)
((111516013,111516004,-9),((37773140,24301322,49441551),(37773137,24301319,49441548),(-3,-3,-3)),891,891)
((111516004,111516001,-3),((37773137,24301319,49441548),(37773134,24301322,49441545),(-3,3,-3)),891,891)
((111516001,111515992,-9),((37773134,24301322,49441545),(37773131,24301319,49441542),(-3,-3,-3)),891,891)
((111515992,111515989,-3),((37773131,24301319,49441542),(37773128,24301322,49441539),(-3,3,-3)),891,891)
((111515989,111515980,-9),((37773128,24301322,49441539),(37773125,24301319,49441536),(-3,-3,-3)),891,891)
((111515980,111515977,-3),((37773125,24301319,49441536),(37773122,24301322,49441533),(-3,3,-3)),891,891)
((111515977,111515968,-9),((37773122,24301322,49441533),(37773119,24301319,49441530),(-3,-3,-3)),891,891)
((111515968,111515965,-3),((37773119,24301319,49441530),(37773116,24301322,49441527),(-3,3,-3)),891,891)
((111515965,111515956,-9),((37773116,24301322,49441527),(37773113,24301319,49441524),(-3,-3,-3)),891,891)
((111515956,111515953,-3),((37773113,24301319,49441524),(37773110,24301322,49441521),(-3,3,-3)),891,891)
((111515953,111515944,-9),((37773110,24301322,49441521),(37773107,24301319,49441518),(-3,-3,-3)),891,891)
((111515944,111515941,-3),((37773107,24301319,49441518),(37773104,24301322,49441515),(-3,3,-3)),891,891)
((111515941,111515932,-9),((37773104,24301322,49441515),(37773101,24301319,49441512),(-3,-3,-3)),891,891)
((111515932,111515929,-3),((37773101,24301319,49441512),(37773098,24301322,49441509),(-3,3,-3)),891,891)
((111515929,111515920,-9),((37773098,24301322,49441509),(37773095,24301319,49441506),(-3,-3,-3)),891,891)
((111515920,111515917,-3),((37773095,24301319,49441506),(37773092,24301322,49441503),(-3,3,-3)),891,891)
((111515917,111515908,-9),((37773092,24301322,49441503),(37773089,24301319,49441500),(-3,-3,-3)),891,891)
((111515908,111515905,-3),((37773089,24301319,49441500),(37773086,24301322,49441497),(-3,3,-3)),891,891)
((111515905,111515896,-9),((37773086,24301322,49441497),(37773083,24301319,49441494),(-3,-3,-3)),891,891)
((111515896,111515893,-3),((37773083,24301319,49441494),(37773080,24301322,49441491),(-3,3,-3)),891,891)
((111515893,111515884,-9),((37773080,24301322,49441491),(37773077,24301319,49441488),(-3,-3,-3)),891,891)
((111515884,111515881,-3),((37773077,24301319,49441488),(37773074,24301322,49441485),(-3,3,-3)),891,891)
((111515881,111515872,-9),((37773074,24301322,49441485),(37773071,24301319,49441482),(-3,-3,-3)),891,891)
((111515872,111515869,-3),((37773071,24301319,49441482),(37773068,24301322,49441479),(-3,3,-3)),891,891)
((111515869,111515860,-9),((37773068,24301322,49441479),(37773065,24301319,49441476),(-3,-3,-3)),891,891)
((111515860,111515857,-3),((37773065,24301319,49441476),(37773062,24301322,49441473),(-3,3,-3)),891,891)
((111515857,111515848,-9),((37773062,24301322,49441473),(37773059,24301319,49441470),(-3,-3,-3)),891,891)
((111515848,111515845,-3),((37773059,24301319,49441470),(37773056,24301322,49441467),(-3,3,-3)),891,891)
((111515845,111515836,-9),((37773056,24301322,49441467),(37773053,24301319,49441464),(-3,-3,-3)),891,891)
((111515836,111515833,-3),((37773053,24301319,49441464),(37773050,24301322,49441461),(-3,3,-3)),891,891)
((111515833,111515824,-9),((37773050,24301322,49441461),(37773047,24301319,49441458),(-3,-3,-3)),891,891)
((111515824,111515821,-3),((37773047,24301319,49441458),(37773044,24301322,49441455),(-3,3,-3)),891,891)
((111515821,111515812,-9),((37773044,24301322,49441455),(37773041,24301319,49441452),(-3,-3,-3)),891,891)
((111515812,111515809,-3),((37773041,24301319,49441452),(37773038,24301322,49441449),(-3,3,-3)),891,891)
((111515809,111515800,-9),((37773038,24301322,49441449),(37773035,24301319,49441446),(-3,-3,-3)),891,891)
((111515800,111515797,-3),((37773035,24301319,49441446),(37773032,24301322,49441443),(-3,3,-3)),891,891)
((111515797,111515788,-9),((37773032,24301322,49441443),(37773029,24301319,49441440),(-3,-3,-3)),891,891)
((111515788,111515785,-3),((37773029,24301319,49441440),(37773026,24301322,49441437),(-3,3,-3)),891,891)
((111515785,111515776,-9),((37773026,24301322,49441437),(37773023,24301319,49441434),(-3,-3,-3)),891,891)
((111515776,111515773,-3),((37773023,24301319,49441434),(37773020,24301322,49441431),(-3,3,-3)),891,891)
((111515773,111515764,-9),((37773020,24301322,49441431),(37773017,24301319,49441428),(-3,-3,-3)),891,891)
((111515764,111515761,-3),((37773017,24301319,49441428),(37773014,24301322,49441425),(-3,3,-3)),891,891)
((111515761,111515752,-9),((37773014,24301322,49441425),(37773011,24301319,49441422),(-3,-3,-3)),891,891)
((111515752,111515749,-3),((37773011,24301319,49441422),(37773008,24301322,49441419),(-3,3,-3)),891,891)
((111515749,111515740,-9),((37773008,24301322,49441419),(37773005,24301319,49441416),(-3,-3,-3)),891,891)
((111515740,111515737,-3),((37773005,24301319,49441416),(37773002,24301322,49441413),(-3,3,-3)),891,891)
((111515737,111515728,-9),((37773002,24301322,49441413),(37772999,24301319,49441410),(-3,-3,-3)),891,891)
((111515728,111515725,-3),((37772999,24301319,49441410),(37772996,24301322,49441407),(-3,3,-3)),891,891)
((111515725,111515716,-9),((37772996,24301322,49441407),(37772993,24301319,49441404),(-3,-3,-3)),891,891)
((111515716,111515713,-3),((37772993,24301319,49441404),(37772990,24301322,49441401),(-3,3,-3)),891,891)
((111515713,111515704,-9),((37772990,24301322,49441401),(37772987,24301319,49441398),(-3,-3,-3)),891,891)
((111515704,111515701,-3),((37772987,24301319,49441398),(37772984,24301322,49441395),(-3,3,-3)),891,891)
((111515701,111515692,-9),((37772984,24301322,49441395),(37772981,24301319,49441392),(-3,-3,-3)),891,891)
((111515692,111515689,-3),((37772981,24301319,49441392),(37772978,24301322,49441389),(-3,3,-3)),891,891)
((111515689,111515680,-9),((37772978,24301322,49441389),(37772975,24301319,49441386),(-3,-3,-3)),891,891)
((111515680,111515677,-3),((37772975,24301319,49441386),(37772972,24301322,49441383),(-3,3,-3)),891,891)
((111515677,111515668,-9),((37772972,24301322,49441383),(37772969,24301319,49441380),(-3,-3,-3)),891,891)
((111515668,111515665,-3),((37772969,24301319,49441380),(37772966,24301322,49441377),(-3,3,-3)),891,891)
((111515665,111515656,-9),((37772966,24301322,49441377),(37772963,24301319,49441374),(-3,-3,-3)),891,891)
((111515656,111515653,-3),((37772963,24301319,49441374),(37772960,24301322,49441371),(-3,3,-3)),891,891)
((111515653,111515644,-9),((37772960,24301322,49441371),(37772957,24301319,49441368),(-3,-3,-3)),891,891)
((111515644,111515641,-3),((37772957,24301319,49441368),(37772954,24301322,49441365),(-3,3,-3)),891,891)
((111515641,111515632,-9),((37772954,24301322,49441365),(37772951,24301319,49441362),(-3,-3,-3)),891,891)
((111515632,111515629,-3),((37772951,24301319,49441362),(37772948,24301322,49441359),(-3,3,-3)),891,891)
((111515629,111515620,-9),((37772948,24301322,49441359),(37772945,24301319,49441356),(-3,-3,-3)),891,891)
((111515620,111515617,-3),((37772945,24301319,49441356),(37772942,24301322,49441353),(-3,3,-3)),891,891)
((111515617,111515608,-9),((37772942,24301322,49441353),(37772939,24301319,49441350),(-3,-3,-3)),891,891)
((111515608,111515605,-3),((37772939,24301319,49441350),(37772936,24301322,49441347),(-3,3,-3)),891,891)
((111515605,111515596,-9),((37772936,24301322,49441347),(37772933,24301319,49441344),(-3,-3,-3)),891,891)
((111515596,111515593,-3),((37772933,24301319,49441344),(37772930,24301322,49441341),(-3,3,-3)),891,891)
((111515593,111515584,-9),((37772930,24301322,49441341),(37772927,24301319,49441338),(-3,-3,-3)),891,891)
((111515584,111515581,-3),((37772927,24301319,49441338),(37772924,24301322,49441335),(-3,3,-3)),891,891)
((111515581,111515572,-9),((37772924,24301322,49441335),(37772921,24301319,49441332),(-3,-3,-3)),891,891)
((111515572,111515569,-3),((37772921,24301319,49441332),(37772918,24301322,49441329),(-3,3,-3)),891,891)
((111515569,111515560,-9),((37772918,24301322,49441329),(37772915,24301319,49441326),(-3,-3,-3)),891,891)
((111515560,111515557,-3),((37772915,24301319,49441326),(37772912,24301322,49441323),(-3,3,-3)),891,891)
((111515557,111515548,-9),((37772912,24301322,49441323),(37772909,24301319,49441320),(-3,-3,-3)),891,891)
((111515548,111515545,-3),((37772909,24301319,49441320),(37772906,24301322,49441317),(-3,3,-3)),891,891)
((111515545,111515536,-9),((37772906,24301322,49441317),(37772903,24301319,49441314),(-3,-3,-3)),891,891)
((111515536,111515533,-3),((37772903,24301319,49441314),(37772900,24301322,49441311),(-3,3,-3)),891,891)
((111515533,111515524,-9),((37772900,24301322,49441311),(37772897,24301319,49441308),(-3,-3,-3)),891,891)
((111515524,111515521,-3),((37772897,24301319,49441308),(37772894,24301322,49441305),(-3,3,-3)),891,891)
((111515521,111515512,-9),((37772894,24301322,49441305),(37772891,24301319,49441302),(-3,-3,-3)),891,891)
((111515512,111515509,-3),((37772891,24301319,49441302),(37772888,24301322,49441299),(-3,3,-3)),891,891)
((111515509,111515500,-9),((37772888,24301322,49441299),(37772885,24301319,49441296),(-3,-3,-3)),891,891)
((111515500,111515497,-3),((37772885,24301319,49441296),(37772882,24301322,49441293),(-3,3,-3)),891,891)
((111515497,111515488,-9),((37772882,24301322,49441293),(37772879,24301319,49441290),(-3,-3,-3)),891,891)
((111515488,111515485,-3),((37772879,24301319,49441290),(37772876,24301322,49441287),(-3,3,-3)),891,891)
((111515485,111515476,-9),((37772876,24301322,49441287),(37772873,24301319,49441284),(-3,-3,-3)),891,891)
((111515476,111515473,-3),((37772873,24301319,49441284),(37772870,24301322,49441281),(-3,3,-3)),891,891)
((111515473,111515464,-9),((37772870,24301322,49441281),(37772867,24301319,49441278),(-3,-3,-3)),891,891)
((111515464,111515461,-3),((37772867,24301319,49441278),(37772864,24301322,49441275),(-3,3,-3)),891,891)
((111515461,111515452,-9),((37772864,24301322,49441275),(37772861,24301319,49441272),(-3,-3,-3)),891,891)
((111515452,111515449,-3),((37772861,24301319,49441272),(37772858,24301322,49441269),(-3,3,-3)),891,891)
((111515449,111515440,-9),((37772858,24301322,49441269),(37772855,24301319,49441266),(-3,-3,-3)),891,891)
((111515440,111515437,-3),((37772855,24301319,49441266),(37772852,24301322,49441263),(-3,3,-3)),891,891)
((111515437,111515428,-9),((37772852,24301322,49441263),(37772849,24301319,49441260),(-3,-3,-3)),891,891)
((111515428,111515425,-3),((37772849,24301319,49441260),(37772846,24301322,49441257),(-3,3,-3)),891,891)
((111515425,111515416,-9),((37772846,24301322,49441257),(37772843,24301319,49441254),(-3,-3,-3)),891,891)
((111515416,111515413,-3),((37772843,24301319,49441254),(37772840,24301322,49441251),(-3,3,-3)),891,891)
((111515413,111515404,-9),((37772840,24301322,49441251),(37772837,24301319,49441248),(-3,-3,-3)),891,891)
((111515404,111515401,-3),((37772837,24301319,49441248),(37772834,24301322,49441245),(-3,3,-3)),891,891)
((111515401,111515392,-9),((37772834,24301322,49441245),(37772831,24301319,49441242),(-3,-3,-3)),891,891)
((111515392,111515389,-3),((37772831,24301319,49441242),(37772828,24301322,49441239),(-3,3,-3)),891,891)
((111515389,111515380,-9),((37772828,24301322,49441239),(37772825,24301319,49441236),(-3,-3,-3)),891,891)
((111515380,111515377,-3),((37772825,24301319,49441236),(37772822,24301322,49441233),(-3,3,-3)),891,891)
((111515377,111515368,-9),((37772822,24301322,49441233),(37772819,24301319,49441230),(-3,-3,-3)),891,891)
((111515368,111515365,-3),((37772819,24301319,49441230),(37772816,24301322,49441227),(-3,3,-3)),891,891)
((111515365,111515356,-9),((37772816,24301322,49441227),(37772813,24301319,49441224),(-3,-3,-3)),891,891)
((111515356,111515353,-3),((37772813,24301319,49441224),(37772810,24301322,49441221),(-3,3,-3)),891,891)
((111515353,111515344,-9),((37772810,24301322,49441221),(37772807,24301319,49441218),(-3,-3,-3)),891,891)
((111515344,111515341,-3),((37772807,24301319,49441218),(37772804,24301322,49441215),(-3,3,-3)),891,891)
((111515341,111515332,-9),((37772804,24301322,49441215),(37772801,24301319,49441212),(-3,-3,-3)),891,891)
((111515332,111515329,-3),((37772801,24301319,49441212),(37772798,24301322,49441209),(-3,3,-3)),891,891)
((111515329,111515320,-9),((37772798,24301322,49441209),(37772795,24301319,49441206),(-3,-3,-3)),891,891)
((111515320,111515317,-3),((37772795,24301319,49441206),(37772792,24301322,49441203),(-3,3,-3)),891,891)
((111515317,111515308,-9),((37772792,24301322,49441203),(37772789,24301319,49441200),(-3,-3,-3)),891,891)
((111515308,111515305,-3),((37772789,24301319,49441200),(37772786,24301322,49441197),(-3,3,-3)),891,891)
((111515305,111515296,-9),((37772786,24301322,49441197),(37772783,24301319,49441194),(-3,-3,-3)),891,891)
((111515296,111515293,-3),((37772783,24301319,49441194),(37772780,24301322,49441191),(-3,3,-3)),891,891)
((111515293,111515284,-9),((37772780,24301322,49441191),(37772777,24301319,49441188),(-3,-3,-3)),891,891)
((111515284,111515281,-3),((37772777,24301319,49441188),(37772774,24301322,49441185),(-3,3,-3)),891,891)
((111515281,111515272,-9),((37772774,24301322,49441185),(37772771,24301319,49441182),(-3,-3,-3)),891,891)
((111515272,111515269,-3),((37772771,24301319,49441182),(37772768,24301322,49441179),(-3,3,-3)),891,891)
((111515269,111515260,-9),((37772768,24301322,49441179),(37772765,24301319,49441176),(-3,-3,-3)),891,891)
((111515260,111515257,-3),((37772765,24301319,49441176),(37772762,24301322,49441173),(-3,3,-3)),891,891)
((111515257,111515248,-9),((37772762,24301322,49441173),(37772759,24301319,49441170),(-3,-3,-3)),891,891)
((111515248,111515245,-3),((37772759,24301319,49441170),(37772756,24301322,49441167),(-3,3,-3)),891,891)
((111515245,111515236,-9),((37772756,24301322,49441167),(37772753,24301319,49441164),(-3,-3,-3)),891,891)
((111515236,111515233,-3),((37772753,24301319,49441164),(37772750,24301322,49441161),(-3,3,-3)),891,891)
((111515233,111515224,-9),((37772750,24301322,49441161),(37772747,24301319,49441158),(-3,-3,-3)),891,891)
((111515224,111515221,-3),((37772747,24301319,49441158),(37772744,24301322,49441155),(-3,3,-3)),891,891)
((111515221,111515212,-9),((37772744,24301322,49441155),(37772741,24301319,49441152),(-3,-3,-3)),891,891)
((111515212,111515209,-3),((37772741,24301319,49441152),(37772738,24301322,49441149),(-3,3,-3)),891,891)
((111515209,111515200,-9),((37772738,24301322,49441149),(37772735,24301319,49441146),(-3,-3,-3)),891,891)
((111515200,111515197,-3),((37772735,24301319,49441146),(37772732,24301322,49441143),(-3,3,-3)),891,891)
((111515197,111515188,-9),((37772732,24301322,49441143),(37772729,24301319,49441140),(-3,-3,-3)),891,891)
((111515188,111515185,-3),((37772729,24301319,49441140),(37772726,24301322,49441137),(-3,3,-3)),891,891)
((111515185,111515176,-9),((37772726,24301322,49441137),(37772723,24301319,49441134),(-3,-3,-3)),891,891)
((111515176,111515173,-3),((37772723,24301319,49441134),(37772720,24301322,49441131),(-3,3,-3)),891,891)
((111515173,111515164,-9),((37772720,24301322,49441131),(37772717,24301319,49441128),(-3,-3,-3)),891,891)
((111515164,111515161,-3),((37772717,24301319,49441128),(37772714,24301322,49441125),(-3,3,-3)),891,891)
((111515161,111515152,-9),((37772714,24301322,49441125),(37772711,24301319,49441122),(-3,-3,-3)),891,891)
((111515152,111515149,-3),((37772711,24301319,49441122),(37772708,24301322,49441119),(-3,3,-3)),891,891)
((111515149,111515140,-9),((37772708,24301322,49441119),(37772705,24301319,49441116),(-3,-3,-3)),891,891)
((111515140,111515137,-3),((37772705,24301319,49441116),(37772702,24301322,49441113),(-3,3,-3)),891,891)
((111515137,111515128,-9),((37772702,24301322,49441113),(37772699,24301319,49441110),(-3,-3,-3)),891,891)
((111515128,111515125,-3),((37772699,24301319,49441110),(37772696,24301322,49441107),(-3,3,-3)),891,891)
((111515125,111515116,-9),((37772696,24301322,49441107),(37772693,24301319,49441104),(-3,-3,-3)),891,891)
((111515116,111515113,-3),((37772693,24301319,49441104),(37772690,24301322,49441101),(-3,3,-3)),891,891)
((111515113,111515104,-9),((37772690,24301322,49441101),(37772687,24301319,49441098),(-3,-3,-3)),891,891)
((111515104,111515101,-3),((37772687,24301319,49441098),(37772684,24301322,49441095),(-3,3,-3)),891,891)
((111515101,111515092,-9),((37772684,24301322,49441095),(37772681,24301319,49441092),(-3,-3,-3)),891,891)
((111515092,111515089,-3),((37772681,24301319,49441092),(37772678,24301322,49441089),(-3,3,-3)),891,891)
((111515089,111515080,-9),((37772678,24301322,49441089),(37772675,24301319,49441086),(-3,-3,-3)),891,891)
((111515080,111515077,-3),((37772675,24301319,49441086),(37772672,24301322,49441083),(-3,3,-3)),891,891)
((111515077,111515068,-9),((37772672,24301322,49441083),(37772669,24301319,49441080),(-3,-3,-3)),891,891)
((111515068,111515065,-3),((37772669,24301319,49441080),(37772666,24301322,49441077),(-3,3,-3)),891,891)
((111515065,111515056,-9),((37772666,24301322,49441077),(37772663,24301319,49441074),(-3,-3,-3)),891,891)
((111515056,111515053,-3),((37772663,24301319,49441074),(37772660,24301322,49441071),(-3,3,-3)),891,891)
((111515053,111515044,-9),((37772660,24301322,49441071),(37772657,24301319,49441068),(-3,-3,-3)),891,891)
((111515044,111515041,-3),((37772657,24301319,49441068),(37772654,24301322,49441065),(-3,3,-3)),891,891)
((111515041,111515032,-9),((37772654,24301322,49441065),(37772651,24301319,49441062),(-3,-3,-3)),891,891)
((111515032,111515029,-3),((37772651,24301319,49441062),(37772648,24301322,49441059),(-3,3,-3)),891,891)
((111515029,111515020,-9),((37772648,24301322,49441059),(37772645,24301319,49441056),(-3,-3,-3)),891,891)
((111515020,111515017,-3),((37772645,24301319,49441056),(37772642,24301322,49441053),(-3,3,-3)),891,891)
((111515017,111515008,-9),((37772642,24301322,49441053),(37772639,24301319,49441050),(-3,-3,-3)),891,891)
^C((Interrupted.
*Main> p5
(37773428,24301322,49441839)
(0.01 secs, 89,952 bytes)
*Main> p5 = (37773428-3*10000,24301322,49441839-3*10000)
(0.00 secs, 0 bytes)
*Main> p5 = (37773428,24301322,49441839)
(0.00 secs, 0 bytes)
*Main> p6 = (37773428-3*10000,24301322,49441839-3*10000)
(0.01 secs, 0 bytes)
*Main> norm p6
111456589
(0.00 secs, 74,216 bytes)
*Main> inter
interact      intersection  intersects
*Main> intersection bs p6
891
(0.01 secs, 996,968 bytes)
*Main> p6
(37743428,24301322,49411839)
(0.00 secs, 90,264 bytes)
*Main> (x,y,z) = p6
(0.01 secs, 0 bytes)
*Main> last $ takeWhile (891 == intersection bs (x-3*n,y,z-3*n)) [1..]

<interactive>:149:19: error:
    • Couldn't match expected type ‘a -> Bool’ with actual type ‘Bool’
    • Possible cause: ‘(==)’ is applied to too many arguments
      In the first argument of ‘takeWhile’, namely
        ‘(891 == intersection bs (x - 3 * n, y, z - 3 * n))’
      In the second argument of ‘($)’, namely
        ‘takeWhile
           (891 == intersection bs (x - 3 * n, y, z - 3 * n)) [1 .. ]’
      In the expression:
        last
          $ takeWhile
              (891 == intersection bs (x - 3 * n, y, z - 3 * n)) [1 .. ]
    • Relevant bindings include it :: a (bound at <interactive>:149:1)

<interactive>:149:47: error: Variable not in scope: n :: Int

<interactive>:149:55: error: Variable not in scope: n :: Int
(0.02 secs,)
*Main> last $ takeWhile (\n -> 891 == intersection bs (x-3*n,y,z-3*n)) [1..]
^CInterrupted.
*Main> last $ takeWhile (\n -> 891 == intersection bs (x-3*n,y,z-3*n)) [1,1000..]
34966
(0.10 secs, 34,491,616 bytes)
*Main> p7 = (x-3*34966,y,z-3*34966)
(0.00 secs, 0 bytes)
*Main> norm p7
111246793
(0.01 secs, 74,936 bytes)
*Main> exhaust
exhaust   exhaust'
*Main> exhaust bs p7 10
^CInterrupted.
*Main> exhaust bs p7 4
(37638526,24301319,49306937)
(3.39 secs, 1,352,452,496 bytes)
*Main> p7
(37638530,24301322,49306941)
(0.01 secs, 86,672 bytes)
*Main> norm (37638526,24301319,49306937)
111246782
(0.01 secs, 73,744 bytes)
*Main> norm (37638526,24301319,49306937) - norm p7
-11
(0.01 secs, 71,528 bytes)
*Main> p8 = (37638526,24301319,49306937)
(0.00 secs, 0 bytes)
*Main> mapM_ print . (\xs -> zipWith (\(n0,p0,iss0) (n1,p1,iss1) -> ((n0,n1,n1-n0),(p0,p1,diff p1 p0),iss0,iss1)) xs (tail xs)) . takeWhile (\(_,_,iss) -> iss >= 891) . map (classify bs) . iterate next $ p8
((111246782,111246779,-3),((37638526,24301319,49306937),(37638523,24301322,49306934),(-3,3,-3)),891,891)
((111246779,111246770,-9),((37638523,24301322,49306934),(37638520,24301319,49306931),(-3,-3,-3)),891,891)
((111246770,111246767,-3),((37638520,24301319,49306931),(37638517,24301322,49306928),(-3,3,-3)),891,891)
((111246767,111246758,-9),((37638517,24301322,49306928),(37638514,24301319,49306925),(-3,-3,-3)),891,891)
((111246758,111246755,-3),((37638514,24301319,49306925),(37638511,24301322,49306922),(-3,3,-3)),891,891)
((111246755,111246746,-9),((37638511,24301322,49306922),(37638508,24301319,49306919),(-3,-3,-3)),891,891)
((111246746,111246743,-3),((37638508,24301319,49306919),(37638505,24301322,49306916),(-3,3,-3)),891,891)
((111246743,111246734,-9),((37638505,24301322,49306916),(37638502,24301319,49306913),(-3,-3,-3)),891,891)
((111246734,111246731,-3),((37638502,24301319,49306913),(37638499,24301322,49306910),(-3,3,-3)),891,891)
((111246731,111246722,-9),((37638499,24301322,49306910),(37638496,24301319,49306907),(-3,-3,-3)),891,891)
((111246722,111246719,-3),((37638496,24301319,49306907),(37638493,24301322,49306904),(-3,3,-3)),891,891)
((111246719,111246710,-9),((37638493,24301322,49306904),(37638490,24301319,49306901),(-3,-3,-3)),891,891)
((111246710,111246707,-3),((37638490,24301319,49306901),(37638487,24301322,49306898),(-3,3,-3)),891,891)
((111246707,111246698,-9),((37638487,24301322,49306898),(37638484,24301319,49306895),(-3,-3,-3)),891,891)
((111246698,111246695,-3),((37638484,24301319,49306895),(37638481,24301322,49306892),(-3,3,-3)),891,891)
((111246695,111246686,-9),((37638481,24301322,49306892),(37638478,24301319,49306889),(-3,-3,-3)),891,891)
((111246686,111246683,-3),((37638478,24301319,49306889),(37638475,24301322,49306886),(-3,3,-3)),891,891)
((111246683,111246674,-9),((37638475,24301322,49306886),(37638472,24301319,49306883),(-3,-3,-3)),891,891)
((111246674,111246671,-3),((37638472,24301319,49306883),(37638469,24301322,49306880),(-3,3,-3)),891,891)
((111246671,111246662,-9),((37638469,24301322,49306880),(37638466,24301319,49306877),(-3,-3,-3)),891,891)
((111246662,111246659,-3),((37638466,24301319,49306877),(37638463,24301322,49306874),(-3,3,-3)),891,891)
((111246659,111246650,-9),((37638463,24301322,49306874),(37638460,24301319,49306871),(-3,-3,-3)),891,891)
((111246650,111246647,-3),((37638460,24301319,49306871),(37638457,24301322,49306868),(-3,3,-3)),891,891)
((111246647,111246638,-9),((37638457,24301322,49306868),(37638454,24301319,49306865),(-3,-3,-3)),891,891)
((111246638,111246635,-3),((37638454,24301319,49306865),(37638451,24301322,49306862),(-3,3,-3)),891,891)
((111246635,111246626,-9),((37638451,24301322,49306862),(37638448,24301319,49306859),(-3,-3,-3)),891,891)
((111246626,111246623,-3),((37638448,24301319,49306859),(37638445,24301322,49306856),(-3,3,-3)),891,891)
((111246623,111246614,-9),((37638445,24301322,49306856),(37638442,24301319,49306853),(-3,-3,-3)),891,891)
((111246614,111246611,-3),((37638442,24301319,49306853),(37638439,24301322,49306850),(-3,3,-3)),891,891)
((111246611,111246602,-9),((37638439,24301322,49306850),(37638436,24301319,49306847),(-3,-3,-3)),891,891)
((111246602,111246599,-3),((37638436,24301319,49306847),(37638433,24301322,49306844),(-3,3,-3)),891,891)
((111246599,111246590,-9),((37638433,24301322,49306844),(37638430,24301319,49306841),(-3,-3,-3)),891,891)
(0.30 secs, 95,562,072 bytes)
*Main>
*Main> norm (37638526,24301319,49306937)
*Main> (x,y,z) = p
p4              p7              part2           print           pure            putStrLn
p5              p8              pi              product         putChar         putTraceMsg
p6              p_              pred            properFraction  putStr
*Main> (x,y,z) = p8
(0.01 secs, 0 bytes)
*Main> last $ takeWhile (\n -> 891 == intersection bs (x-3*n,y,z-3*n)) [1,1000..]
1
(0.01 secs, 1,925,608 bytes)
*Main> last $ takeWhile (\n -> 891 == intersection bs (x-3*n,y,z-3*n)) [1,100..]
1
(0.01 secs, 1,925,544 bytes)
*Main> last $ takeWhile (\n -> 891 == intersection bs (x-3*n,y,z-3*n)) [1,10..]
28
(0.02 secs, 4,714,064 bytes)
*Main> last $ takeWhile (\n -> 891 == intersection bs (x-3*n,y,z-3*n)) [1..]
32
(0.08 secs, 30,749,232 bytes)
*Main> p9 = (x-3*32,y,z-3*32)
(0.00 secs, 0 bytes)
*Main> norm p9
111246590
(0.01 secs, 74,608 bytes)
*Main> norm p9 - norm p8
-192
(0.01 secs, 71,144 bytes)
*Main> mapM_ print . (\xs -> zipWith (\(n0,p0,iss0) (n1,p1,iss1) -> ((n0,n1,n1-n0),(p0,p1,diff p1 p0),iss0,iss1)) xs (tail xs)) . takeWhile (\(_,_,iss) -> iss >= 891) . map (classify bs) . iterate next $ p9
(0.02 secs, 3,784,856 bytes)
*Main> last $ takeWhile (\n -> 891 == intersection bs (x-3*n,y,z-3*n)) [1..]
*Main> mapM_ print . (\xs -> zipWith (\(n0,p0,iss0) (n1,p1,iss1) -> ((n0,n1,n1-n0),(p0,p1,diff p1 p0),iss0,iss1)) xs (tail xs)) . takeWhile (\(_,_,iss) -> iss >= 891) . map (classify bs) . iterate next $ p9
(0.02 secs, 3,784,880 bytes)
*Main> next p = exhaust' bs $ concat [ cubeVerts p r | r <- [0..10] ] :: Point
(0.00 secs, 0 bytes)
*Main> mapM_ print . (\xs -> zipWith (\(n0,p0,iss0) (n1,p1,iss1) -> ((n0,n1,n1-n0),(p0,p1,diff p1 p0),iss0,iss1)) xs (tail xs)) . takeWhile (\(_,_,iss) -> iss >= 891) . map (classify bs) . iterate next $ p9
((111246590,111246587,-3),((37638430,24301319,49306841),(37638427,24301316,49306844),(-3,-3,3)),891,891)
((111246587,111246578,-9),((37638427,24301316,49306844),(37638424,24301313,49306841),(-3,-3,-3)),891,891)
((111246578,111246575,-3),((37638424,24301313,49306841),(37638421,24301310,49306844),(-3,-3,3)),891,891)
((111246575,111246566,-9),((37638421,24301310,49306844),(37638418,24301307,49306841),(-3,-3,-3)),891,891)
((111246566,111246563,-3),((37638418,24301307,49306841),(37638415,24301304,49306844),(-3,-3,3)),891,891)
((111246563,111246554,-9),((37638415,24301304,49306844),(37638412,24301301,49306841),(-3,-3,-3)),891,891)
((111246554,111246551,-3),((37638412,24301301,49306841),(37638409,24301298,49306844),(-3,-3,3)),891,891)
((111246551,111246542,-9),((37638409,24301298,49306844),(37638406,24301295,49306841),(-3,-3,-3)),891,891)
((111246542,111246539,-3),((37638406,24301295,49306841),(37638403,24301292,49306844),(-3,-3,3)),891,891)
((111246539,111246530,-9),((37638403,24301292,49306844),(37638400,24301289,49306841),(-3,-3,-3)),891,891)
((111246530,111246527,-3),((37638400,24301289,49306841),(37638397,24301286,49306844),(-3,-3,3)),891,891)
((111246527,111246518,-9),((37638397,24301286,49306844),(37638394,24301283,49306841),(-3,-3,-3)),891,891)
((111246518,111246515,-3),((37638394,24301283,49306841),(37638391,24301280,49306844),(-3,-3,3)),891,891)
((111246515,111246506,-9),((37638391,24301280,49306844),(37638388,24301277,49306841),(-3,-3,-3)),891,891)
((111246506,111246503,-3),((37638388,24301277,49306841),(37638385,24301274,49306844),(-3,-3,3)),891,891)
((111246503,111246494,-9),((37638385,24301274,49306844),(37638382,24301271,49306841),(-3,-3,-3)),891,891)
((111246494,111246491,-3),((37638382,24301271,49306841),(37638379,24301268,49306844),(-3,-3,3)),891,891)
((111246491,111246482,-9),((37638379,24301268,49306844),(37638376,24301265,49306841),(-3,-3,-3)),891,891)
((111246482,111246479,-3),((37638376,24301265,49306841),(37638373,24301262,49306844),(-3,-3,3)),891,891)
((111246479,111246470,-9),((37638373,24301262,49306844),(37638370,24301259,49306841),(-3,-3,-3)),891,891)
((111246470,111246467,-3),((37638370,24301259,49306841),(37638367,24301256,49306844),(-3,-3,3)),891,891)
((111246467,111246458,-9),((37638367,24301256,49306844),(37638364,24301253,49306841),(-3,-3,-3)),891,891)
((111246458,111246455,-3),((37638364,24301253,49306841),(37638361,24301250,49306844),(-3,-3,3)),891,891)
((111246455,111246446,-9),((37638361,24301250,49306844),(37638358,24301247,49306841),(-3,-3,-3)),891,891)
((111246446,111246443,-3),((37638358,24301247,49306841),(37638355,24301244,49306844),(-3,-3,3)),891,891)
((111246443,111246434,-9),((37638355,24301244,49306844),(37638352,24301241,49306841),(-3,-3,-3)),891,891)
((111246434,111246431,-3),((37638352,24301241,49306841),(37638349,24301238,49306844),(-3,-3,3)),891,891)
((111246431,111246422,-9),((37638349,24301238,49306844),(37638346,24301235,49306841),(-3,-3,-3)),891,891)
((111246422,111246419,-3),((37638346,24301235,49306841),(37638343,24301232,49306844),(-3,-3,3)),891,891)
((111246419,111246410,-9),((37638343,24301232,49306844),(37638340,24301229,49306841),(-3,-3,-3)),891,891)
((111246410,111246407,-3),((37638340,24301229,49306841),(37638337,24301226,49306844),(-3,-3,3)),891,891)
((111246407,111246398,-9),((37638337,24301226,49306844),(37638334,24301223,49306841),(-3,-3,-3)),891,891)
((111246398,111246395,-3),((37638334,24301223,49306841),(37638331,24301220,49306844),(-3,-3,3)),891,891)
((111246395,111246386,-9),((37638331,24301220,49306844),(37638328,24301217,49306841),(-3,-3,-3)),891,891)
((111246386,111246383,-3),((37638328,24301217,49306841),(37638325,24301214,49306844),(-3,-3,3)),891,891)
((111246383,111246374,-9),((37638325,24301214,49306844),(37638322,24301211,49306841),(-3,-3,-3)),891,891)
((111246374,111246371,-3),((37638322,24301211,49306841),(37638319,24301208,49306844),(-3,-3,3)),891,891)
^CInterrupted.
*Main> norm p9
111246590
(0.01 secs, 74,640 bytes)
*Main> norm (37638319,24301208,49306844)
111246371
(0.01 secs, 73,432 bytes)
*Main> norm (37638319,24301208,49306844) - norm p9
-219
(0.01 secs, 70,952 bytes)
*Main> next p = exhaust' bs $ [ add p (-3,-3,-3), add p (-3,3,-3)  ] :: Point
(0.01 secs, 0 bytes)
*Main> norm p9
*Main> p10 = (37638319,24301208,49306844)
(0.00 secs, 0 bytes)
*Main> mapM_ print . (\xs -> zipWith (\(n0,p0,iss0) (n1,p1,iss1) -> ((n0,n1,n1-n0),(p0,p1,diff p1 p0),iss0,iss1)) xs (tail xs)) . takeWhile (\(_,_,iss) -> iss >= 891) . map (classify bs) . iterate next $ p10
((111246371,111246362,-9),((37638319,24301208,49306844),(37638316,24301205,49306841),(-3,-3,-3)),891,891)
(0.02 secs, 6,651,896 bytes)
*Main> p10
(37638319,24301208,49306844)
(0.01 secs, 89,576 bytes)
*Main> next p = exhaust' bs $ [ add p (-3,-3,-3), add p (-3,-3,3)  ] :: Point
(0.00 secs, 0 bytes)
*Main> mapM_ print . (\xs -> zipWith (\(n0,p0,iss0) (n1,p1,iss1) -> ((n0,n1,n1-n0),(p0,p1,diff p1 p0),iss0,iss1)) xs (tail xs)) . takeWhile (\(_,_,iss) -> iss >= 891) . map (classify bs) . iterate next $ p10
((111246371,111246362,-9),((37638319,24301208,49306844),(37638316,24301205,49306841),(-3,-3,-3)),891,891)
((111246362,111246359,-3),((37638316,24301205,49306841),(37638313,24301202,49306844),(-3,-3,3)),891,891)
((111246359,111246350,-9),((37638313,24301202,49306844),(37638310,24301199,49306841),(-3,-3,-3)),891,891)
((111246350,111246347,-3),((37638310,24301199,49306841),(37638307,24301196,49306844),(-3,-3,3)),891,891)
((111246347,111246338,-9),((37638307,24301196,49306844),(37638304,24301193,49306841),(-3,-3,-3)),891,891)
((111246338,111246335,-3),((37638304,24301193,49306841),(37638301,24301190,49306844),(-3,-3,3)),891,891)
((111246335,111246326,-9),((37638301,24301190,49306844),(37638298,24301187,49306841),(-3,-3,-3)),891,891)
((111246326,111246323,-3),((37638298,24301187,49306841),(37638295,24301184,49306844),(-3,-3,3)),891,891)
((111246323,111246314,-9),((37638295,24301184,49306844),(37638292,24301181,49306841),(-3,-3,-3)),891,891)
((111246314,111246311,-3),((37638292,24301181,49306841),(37638289,24301178,49306844),(-3,-3,3)),891,891)
((111246311,111246302,-9),((37638289,24301178,49306844),(37638286,24301175,49306841),(-3,-3,-3)),891,891)
((111246302,111246299,-3),((37638286,24301175,49306841),(37638283,24301172,49306844),(-3,-3,3)),891,891)
((111246299,111246290,-9),((37638283,24301172,49306844),(37638280,24301169,49306841),(-3,-3,-3)),891,891)
((111246290,111246287,-3),((37638280,24301169,49306841),(37638277,24301166,49306844),(-3,-3,3)),891,891)
((111246287,111246278,-9),((37638277,24301166,49306844),(37638274,24301163,49306841),(-3,-3,-3)),891,891)
((111246278,111246275,-3),((37638274,24301163,49306841),(37638271,24301160,49306844),(-3,-3,3)),891,891)
((111246275,111246266,-9),((37638271,24301160,49306844),(37638268,24301157,49306841),(-3,-3,-3)),891,891)
((111246266,111246263,-3),((37638268,24301157,49306841),(37638265,24301154,49306844),(-3,-3,3)),891,891)
((111246263,111246254,-9),((37638265,24301154,49306844),(37638262,24301151,49306841),(-3,-3,-3)),891,891)
((111246254,111246251,-3),((37638262,24301151,49306841),(37638259,24301148,49306844),(-3,-3,3)),891,891)
((111246251,111246242,-9),((37638259,24301148,49306844),(37638256,24301145,49306841),(-3,-3,-3)),891,891)
((111246242,111246239,-3),((37638256,24301145,49306841),(37638253,24301142,49306844),(-3,-3,3)),891,891)
((111246239,111246230,-9),((37638253,24301142,49306844),(37638250,24301139,49306841),(-3,-3,-3)),891,891)
((111246230,111246227,-3),((37638250,24301139,49306841),(37638247,24301136,49306844),(-3,-3,3)),891,891)
((111246227,111246218,-9),((37638247,24301136,49306844),(37638244,24301133,49306841),(-3,-3,-3)),891,891)
((111246218,111246215,-3),((37638244,24301133,49306841),(37638241,24301130,49306844),(-3,-3,3)),891,891)
((111246215,111246206,-9),((37638241,24301130,49306844),(37638238,24301127,49306841),(-3,-3,-3)),891,891)
((111246206,111246203,-3),((37638238,24301127,49306841),(37638235,24301124,49306844),(-3,-3,3)),891,891)
((111246203,111246194,-9),((37638235,24301124,49306844),(37638232,24301121,49306841),(-3,-3,-3)),891,891)
((111246194,111246191,-3),((37638232,24301121,49306841),(37638229,24301118,49306844),(-3,-3,3)),891,891)
((111246191,111246182,-9),((37638229,24301118,49306844),(37638226,24301115,49306841),(-3,-3,-3)),891,891)
((111246182,111246179,-3),((37638226,24301115,49306841),(37638223,24301112,49306844),(-3,-3,3)),891,891)
((111246179,111246170,-9),((37638223,24301112,49306844),(37638220,24301109,49306841),(-3,-3,-3)),891,891)
((111246170,111246167,-3),((37638220,24301109,49306841),(37638217,24301106,49306844),(-3,-3,3)),891,891)
((111246167,111246158,-9),((37638217,24301106,49306844),(37638214,24301103,49306841),(-3,-3,-3)),891,891)
((111246158,111246155,-3),((37638214,24301103,49306841),(37638211,24301100,49306844),(-3,-3,3)),891,891)
((111246155,111246146,-9),((37638211,24301100,49306844),(37638208,24301097,49306841),(-3,-3,-3)),891,891)
((111246146,111246143,-3),((37638208,24301097,49306841),(37638205,24301094,49306844),(-3,-3,3)),891,891)
((111246143,111246134,-9),((37638205,24301094,49306844),(37638202,24301091,49306841),(-3,-3,-3)),891,891)
((111246134,111246131,-3),((37638202,24301091,49306841),(37638199,24301088,49306844),(-3,-3,3)),891,891)
((111246131,111246122,-9),((37638199,24301088,49306844),(37638196,24301085,49306841),(-3,-3,-3)),891,891)
((111246122,111246119,-3),((37638196,24301085,49306841),(37638193,24301082,49306844),(-3,-3,3)),891,891)
((111246119,111246110,-9),((37638193,24301082,49306844),(37638190,24301079,49306841),(-3,-3,-3)),891,891)
((111246110,111246107,-3),((37638190,24301079,49306841),(37638187,24301076,49306844),(-3,-3,3)),891,891)
((111246107,111246098,-9),((37638187,24301076,49306844),(37638184,24301073,49306841),(-3,-3,-3)),891,891)
((111246098,111246095,-3),((37638184,24301073,49306841),(37638181,24301070,49306844),(-3,-3,3)),891,891)
((111246095,111246086,-9),((37638181,24301070,49306844),(37638178,24301067,49306841),(-3,-3,-3)),891,891)
((111246086,111246083,-3),((37638178,24301067,49306841),(37638175,24301064,49306844),(-3,-3,3)),891,891)
((111246083,111246074,-9),((37638175,24301064,49306844),(37638172,24301061,49306841),(-3,-3,-3)),891,891)
((111246074,111246071,-3),((37638172,24301061,49306841),(37638169,24301058,49306844),(-3,-3,3)),891,891)
((111246071,111246062,-9),((37638169,24301058,49306844),(37638166,24301055,49306841),(-3,-3,-3)),891,891)
((111246062,111246059,-3),((37638166,24301055,49306841),(37638163,24301052,49306844),(-3,-3,3)),891,891)
((111246059,111246050,-9),((37638163,24301052,49306844),(37638160,24301049,49306841),(-3,-3,-3)),891,891)
((111246050,111246047,-3),((37638160,24301049,49306841),(37638157,24301046,49306844),(-3,-3,3)),891,891)
((111246047,111246038,-9),((37638157,24301046,49306844),(37638154,24301043,49306841),(-3,-3,-3)),891,891)
((111246038,111246035,-3),((37638154,24301043,49306841),(37638151,24301040,49306844),(-3,-3,3)),891,891)
((111246035,111246026,-9),((37638151,24301040,49306844),(37638148,24301037,49306841),(-3,-3,-3)),891,891)
((111246026,111246023,-3),((37638148,24301037,49306841),(37638145,24301034,49306844),(-3,-3,3)),891,891)
((111246023,111246014,-9),((37638145,24301034,49306844),(37638142,24301031,49306841),(-3,-3,-3)),891,891)
((111246014,111246011,-3),((37638142,24301031,49306841),(37638139,24301028,49306844),(-3,-3,3)),891,891)
((111246011,111246002,-9),((37638139,24301028,49306844),(37638136,24301025,49306841),(-3,-3,-3)),891,891)
((111246002,111245999,-3),((37638136,24301025,49306841),(37638133,24301022,49306844),(-3,-3,3)),891,891)
((111245999,111245990,-9),((37638133,24301022,49306844),(37638130,24301019,49306841),(-3,-3,-3)),891,891)
((111245990,111245987,-3),((37638130,24301019,49306841),(37638127,24301016,49306844),(-3,-3,3)),891,891)
((111245987,111245978,-9),((37638127,24301016,49306844),(37638124,24301013,49306841),(-3,-3,-3)),891,891)
((111245978,111245975,-3),((37638124,24301013,49306841),(37638121,24301010,49306844),(-3,-3,3)),891,891)
((111245975,111245966,-9),((37638121,24301010,49306844),(37638118,24301007,49306841),(-3,-3,-3)),891,891)
((111245966,111245963,-3),((37638118,24301007,49306841),(37638115,24301004,49306844),(-3,-3,3)),891,891)
((111245963,111245954,-9),((37638115,24301004,49306844),(37638112,24301001,49306841),(-3,-3,-3)),891,891)
((111245954,111245951,-3),((37638112,24301001,49306841),(37638109,24300998,49306844),(-3,-3,3)),891,891)
((111245951,111245942,-9),((37638109,24300998,49306844),(37638106,24300995,49306841),(-3,-3,-3)),891,891)
((111245942,111245939,-3),((37638106,24300995,49306841),(37638103,24300992,49306844),(-3,-3,3)),891,891)
((111245939,111245930,-9),((37638103,24300992,49306844),(37638100,24300989,49306841),(-3,-3,-3)),891,891)
((111245930,111245927,-3),((37638100,24300989,49306841),(37638097,24300986,49306844),(-3,-3,3)),891,891)
((111245927,111245918,-9),((37638097,24300986,49306844),(37638094,24300983,49306841),(-3,-3,-3)),891,891)
((111245918,111245915,-3),((37638094,24300983,49306841),(37638091,24300980,49306844),(-3,-3,3)),891,891)
((111245915,111245906,-9),((37638091,24300980,49306844),(37638088,24300977,49306841),(-3,-3,-3)),891,891)
((111245906,111245903,-3),((37638088,24300977,49306841),(37638085,24300974,49306844),(-3,-3,3)),891,891)
((111245903,111245894,-9),((37638085,24300974,49306844),(37638082,24300971,49306841),(-3,-3,-3)),891,891)
((111245894,111245891,-3),((37638082,24300971,49306841),(37638079,24300968,49306844),(-3,-3,3)),891,891)
((111245891,111245882,-9),((37638079,24300968,49306844),(37638076,24300965,49306841),(-3,-3,-3)),891,891)
((111245882,111245879,-3),((37638076,24300965,49306841),(37638073,24300962,49306844),(-3,-3,3)),891,891)
((111245879,111245870,-9),((37638073,24300962,49306844),(37638070,24300959,49306841),(-3,-3,-3)),891,891)
((111245870,111245867,-3),((37638070,24300959,49306841),(37638067,24300956,49306844),(-3,-3,3)),891,891)
((111245867,111245858,-9),((37638067,24300956,49306844),(37638064,24300953,49306841),(-3,-3,-3)),891,891)
((111245858,111245855,-3),((37638064,24300953,49306841),(37638061,24300950,49306844),(-3,-3,3)),891,891)
((111245855,111245846,-9),((37638061,24300950,49306844),(37638058,24300947,49306841),(-3,-3,-3)),891,891)
((111245846,111245843,-3),((37638058,24300947,49306841),(37638055,24300944,49306844),(-3,-3,3)),891,891)
((111245843,111245834,-9),((37638055,24300944,49306844),(37638052,24300941,49306841),(-3,-3,-3)),891,891)
((111245834,111245831,-3),((37638052,24300941,49306841),(37638049,24300938,49306844),(-3,-3,3)),891,891)
((111245831,111245822,-9),((37638049,24300938,49306844),(37638046,24300935,49306841),(-3,-3,-3)),891,891)
((111245822,111245819,-3),((37638046,24300935,49306841),(37638043,24300932,49306844),(-3,-3,3)),891,891)
((111245819,111245810,-9),((37638043,24300932,49306844),(37638040,24300929,49306841),(-3,-3,-3)),891,891)
((111245810,111245807,-3),((37638040,24300929,49306841),(37638037,24300926,49306844),(-3,-3,3)),891,891)
((111245807,111245798,-9),((37638037,24300926,49306844),(37638034,24300923,49306841),(-3,-3,-3)),891,891)
((111245798,111245795,-3),((37638034,24300923,49306841),(37638031,24300920,49306844),(-3,-3,3)),891,891)
((111245795,111245786,-9),((37638031,24300920,49306844),(37638028,24300917,49306841),(-3,-3,-3)),891,891)
((111245786,111245783,-3),((37638028,24300917,49306841),(37638025,24300914,49306844),(-3,-3,3)),891,891)
((111245783,111245774,-9),((37638025,24300914,49306844),(37638022,24300911,49306841),(-3,-3,-3)),891,891)
((111245774,111245771,-3),((37638022,24300911,49306841),(37638019,24300908,49306844),(-3,-3,3)),891,891)
((111245771,111245762,-9),((37638019,24300908,49306844),(37638016,24300905,49306841),(-3,-3,-3)),891,891)
((111245762,111245759,-3),((37638016,24300905,49306841),(37638013,24300902,49306844),(-3,-3,3)),891,891)
((111245759,111245750,-9),((37638013,24300902,49306844),(37638010,24300899,49306841),(-3,-3,-3)),891,891)
((111245750,111245747,-3),((37638010,24300899,49306841),(37638007,24300896,49306844),(-3,-3,3)),891,891)
((111245747,111245738,-9),((37638007,24300896,49306844),(37638004,24300893,49306841),(-3,-3,-3)),891,891)
((111245738,111245735,-3),((37638004,24300893,49306841),(37638001,24300890,49306844),(-3,-3,3)),891,891)
((111245735,111245726,-9),((37638001,24300890,49306844),(37637998,24300887,49306841),(-3,-3,-3)),891,891)
((111245726,111245723,-3),((37637998,24300887,49306841),(37637995,24300884,49306844),(-3,-3,3)),891,891)
((111245723,111245714,-9),((37637995,24300884,49306844),(37637992,24300881,49306841),(-3,-3,-3)),891,891)
((111245714,111245711,-3),((37637992,24300881,49306841),(37637989,24300878,49306844),(-3,-3,3)),891,891)
((111245711,111245702,-9),((37637989,24300878,49306844),(37637986,24300875,49306841),(-3,-3,-3)),891,891)
((111245702,111245699,-3),((37637986,24300875,49306841),(37637983,24300872,49306844),(-3,-3,3)),891,891)
((111245699,111245690,-9),((37637983,24300872,49306844),(37637980,24300869,49306841),(-3,-3,-3)),891,891)
((111245690,111245687,-3),((37637980,24300869,49306841),(37637977,24300866,49306844),(-3,-3,3)),891,891)
((111245687,111245678,-9),((37637977,24300866,49306844),(37637974,24300863,49306841),(-3,-3,-3)),891,891)
((111245678,111245675,-3),((37637974,24300863,49306841),(37637971,24300860,49306844),(-3,-3,3)),891,891)
((111245675,111245666,-9),((37637971,24300860,49306844),(37637968,24300857,49306841),(-3,-3,-3)),891,891)
((111245666,111245663,-3),((37637968,24300857,49306841),(37637965,24300854,49306844),(-3,-3,3)),891,891)
((111245663,111245654,-9),((37637965,24300854,49306844),(37637962,24300851,49306841),(-3,-3,-3)),891,891)
((111245654,111245651,-3),((37637962,24300851,49306841),(37637959,24300848,49306844),(-3,-3,3)),891,891)
((111245651,111245642,-9),((37637959,24300848,49306844),(37637956,24300845,49306841),(-3,-3,-3)),891,891)
((111245642,111245639,-3),((37637956,24300845,49306841),(37637953,24300842,49306844),(-3,-3,3)),891,891)
((111245639,111245630,-9),((37637953,24300842,49306844),(37637950,24300839,49306841),(-3,-3,-3)),891,891)
((111245630,111245627,-3),((37637950,24300839,49306841),(37637947,24300836,49306844),(-3,-3,3)),891,891)
((111245627,111245618,-9),((37637947,24300836,49306844),(37637944,24300833,49306841),(-3,-3,-3)),891,891)
((111245618,111245615,-3),((37637944,24300833,49306841),(37637941,24300830,49306844),(-3,-3,3)),891,891)
((111245615,111245606,-9),((37637941,24300830,49306844),(37637938,24300827,49306841),(-3,-3,-3)),891,891)
((111245606,111245603,-3),((37637938,24300827,49306841),(37637935,24300824,49306844),(-3,-3,3)),891,891)
((111245603,111245594,-9),((37637935,24300824,49306844),(37637932,24300821,49306841),(-3,-3,-3)),891,891)
((111245594,111245591,-3),((37637932,24300821,49306841),(37637929,24300818,49306844),(-3,-3,3)),891,891)
((111245591,111245582,-9),((37637929,24300818,49306844),(37637926,24300815,49306841),(-3,-3,-3)),891,891)
((111245582,111245579,-3),((37637926,24300815,49306841),(37637923,24300812,49306844),(-3,-3,3)),891,891)
((111245579,111245570,-9),((37637923,24300812,49306844),(37637920,24300809,49306841),(-3,-3,-3)),891,891)
((111245570,111245567,-3),((37637920,24300809,49306841),(37637917,24300806,49306844),(-3,-3,3)),891,891)
((111245567,111245558,-9),((37637917,24300806,49306844),(37637914,24300803,49306841),(-3,-3,-3)),891,891)
((111245558,111245555,-3),((37637914,24300803,49306841),(37637911,24300800,49306844),(-3,-3,3)),891,891)
((111245555,111245546,-9),((37637911,24300800,49306844),(37637908,24300797,49306841),(-3,-3,-3)),891,891)
((111245546,111245543,-3),((37637908,24300797,49306841),(37637905,24300794,49306844),(-3,-3,3)),891,891)
((111245543,111245534,-9),((37637905,24300794,49306844),(37637902,24300791,49306841),(-3,-3,-3)),891,891)
((111245534,111245531,-3),((37637902,24300791,49306841),(37637899,24300788,49306844),(-3,-3,3)),891,891)
((111245531,111245522,-9),((37637899,24300788,49306844),(37637896,24300785,49306841),(-3,-3,-3)),891,891)
((111245522,111245519,-3),((37637896,24300785,49306841),(37637893,24300782,49306844),(-3,-3,3)),891,891)
((111245519,111245510,-9),((37637893,24300782,49306844),(37637890,24300779,49306841),(-3,-3,-3)),891,891)
((111245510,111245507,-3),((37637890,24300779,49306841),(37637887,24300776,49306844),(-3,-3,3)),891,891)
((111245507,111245498,-9),((37637887,24300776,49306844),(37637884,24300773,49306841),(-3,-3,-3)),891,891)
((111245498,111245495,-3),((37637884,24300773,49306841),(37637881,24300770,49306844),(-3,-3,3)),891,891)
((111245495,111245486,-9),((37637881,24300770,49306844),(37637878,24300767,49306841),(-3,-3,-3)),891,891)
((111245486,111245483,-3),((37637878,24300767,49306841),(37637875,24300764,49306844),(-3,-3,3)),891,891)
((111245483,111245474,-9),((37637875,24300764,49306844),(37637872,24300761,49306841),(-3,-3,-3)),891,891)
((111245474,111245471,-3),((37637872,24300761,49306841),(37637869,24300758,49306844),(-3,-3,3)),891,891)
((111245471,111245462,-9),((37637869,24300758,49306844),(37637866,24300755,49306841),(-3,-3,-3)),891,891)
((111245462,111245459,-3),((37637866,24300755,49306841),(37637863,24300752,49306844),(-3,-3,3)),891,891)
((111245459,111245450,-9),((37637863,24300752,49306844),(37637860,24300749,49306841),(-3,-3,-3)),891,891)
((111245450,111245447,-3),((37637860,24300749,49306841),(37637857,24300746,49306844),(-3,-3,3)),891,891)
((111245447,111245438,-9),((37637857,24300746,49306844),(37637854,24300743,49306841),(-3,-3,-3)),891,891)
((111245438,111245435,-3),((37637854,24300743,49306841),(37637851,24300740,49306844),(-3,-3,3)),891,891)
((111245435,111245426,-9),((37637851,24300740,49306844),(37637848,24300737,49306841),(-3,-3,-3)),891,891)
((111245426,111245423,-3),((37637848,24300737,49306841),(37637845,24300734,49306844),(-3,-3,3)),891,891)
((111245423,111245414,-9),((37637845,24300734,49306844),(37637842,24300731,49306841),(-3,-3,-3)),891,891)
((111245414,111245411,-3),((37637842,24300731,49306841),(37637839,24300728,49306844),(-3,-3,3)),891,891)
((111245411,111245402,-9),((37637839,24300728,49306844),(37637836,24300725,49306841),(-3,-3,-3)),891,891)
((111245402,111245399,-3),((37637836,24300725,49306841),(37637833,24300722,49306844),(-3,-3,3)),891,891)
((111245399,111245390,-9),((37637833,24300722,49306844),(37637830,24300719,49306841),(-3,-3,-3)),891,891)
((111245390,111245387,-3),((37637830,24300719,49306841),(37637827,24300716,49306844),(-3,-3,3)),891,891)
((111245387,111245378,-9),((37637827,24300716,49306844),(37637824,24300713,49306841),(-3,-3,-3)),891,891)
((111245378,111245375,-3),((37637824,24300713,49306841),(37637821,24300710,49306844),(-3,-3,3)),891,891)
((111245375,111245366,-9),((37637821,24300710,49306844),(37637818,24300707,49306841),(-3,-3,-3)),891,891)
((111245366,111245363,-3),((37637818,24300707,49306841),(37637815,24300704,49306844),(-3,-3,3)),891,891)
^C((111245363,1Interrupted.
(reverse-i-search)`p1': mapM_ print . (\xs -> zipWith (\(n0,p0,iss0) (n1,p1,iss1) -> ((n0,n1,n1-n0),(p0,p1,diff p1 p0),iss0,iss1)) xs (tail xs)) . takeWhile (\(_,_,iss) -> iss >= 891) . map (classify bs) . iterate next $ p8
*Main> p10 = (37638319,24301208,49306844)
(0.00 secs, 0 bytes)
*Main> (x,y,z) = p10
(0.01 secs, 0 bytes)
*Main> last $ takeWhile (\n -> 891 == intersection bs (x-3*n,y-3*n,z)) [1,1000..]
2998
(0.02 secs, 4,710,352 bytes)
*Main> last $ takeWhile (\n -> 891 == intersection bs (x-3*n,y-3*n,z)) [1..]
3046
(6.33 secs, 2,833,322,480 bytes)
*Main>
(reverse-i-search)`last': last $ takeWhile (\n -> 891 == intersection bs (x-3*n,y,z-3*n)) [1..]
(reverse-i-search)`mapM': mapM_ print . (\xs -> zipWith (\(n0,p0,iss0) (n1,p1,iss1) -> ((n0,n1,n1-n0),(p0,p1,diff p1 p0),iss0,iss1)) xs (tail xs)) . takeWhile (\(_,_,iss) -> iss >= 891) . map (classify bs) . iterate next $ p10
(reverse-i-search)`next p': next p = exhaust' bs $ concat [ cubeVerts p r | r <- [0..10] ] :: Point
*Main>





SECOND LEG OF THE SOLUTION USING Main2.hs
=========================================




*Main> p10 = (37638319,24301208,49306844)
(0.00 secs, 0 bytes)
*Main> walk bs p10
(37629181,24292070,49306844)
(10.41 secs, 2,905,991,392 bytes)
*Main> intersect
intersection  intersects
*Main> intersection bs (37629181,24292070,49306844)
891
(0.01 secs, 996,480 bytes)
*Main> p11 = (37629181,24292070,49306844)
(0.00 secs, 0 bytes)
*Main> norm p11 - norm p10
-18276
(0.01 secs, 70,240 bytes)
*Main> :r
[1 of 1] Compiling Main             ( Main2.hs, interpreted )
Ok, one module loaded.
*Main> :t walk
walk :: [Bot] -> (Int, Int, Int) -> (Int, Int, Int)
*Main> :t walk bs

<interactive>:1:6: error:
    • Variable not in scope: bs :: [Bot]
    • Perhaps you meant ‘abs’ (imported from Prelude)
*Main> bs <- fromString <$> readFile "input.txt"
(0.02 secs, 81,920 bytes)
*Main> p11 = (37629181,24292070,49306844)
(0.00 secs, 0 bytes)
*Main> mapM_ print $ iterate (walk bs) p11
(37629181,24292070,49306844)
(37629172,24292070,49306835)
(37629172,24292070,49306835)
(37629172,24292070,49306835)
(37629172,24292070,49306835)
(37629172,24292070,49306835)
(37629172,24292070,49306835)
(37629172,24292070,49306835)
(37629172,24292070,49306835)
(37629172,24292070,49306835)
(37629172,24292070,49306835)
(37629172,24292070,49306835)
(37629172,24292070,49306835)
(37629172,24292070,49306835)
(37629172,24292070,49306835)
(37629172,24292070,49306835)
(37629172,24292070,49306835)
(37629172,24292070,49306835)
(37629172,24292070,49306835)
(37629172,24292070,49306835)
(37629172,24292070,49306835)
(37629172,24292070,49306835)
(37629172,24292070,49306835)
(37629172,24292070,49306835)
(37629172,24292070,49306835)
(37629172,24292070,49306835)
(37629172,24292070,49306835)
(37629172,24292070,49306835)
(37629172,24292070,49306835)
(37629172,24292070,49306835)
(37629172,24292070,49306835)
(37629172,24292070,49306835)
(37629172,24292070,49306835)
(37629172,24292070,49306835)
(37629172,24292070,49306835)
(37629172,24292070,49306835)
(37629172,24292070,49306835)
(37629172,24292070,49306835)
(37629172,24292070,49306835)
(37629172,24292070,49306835)
(37629172,24292070,49306835)
(37629172,24292070,49306835)
(37629172,24292070,49306835)
(37629172,24292070,49306835)
(37629172,24292070,49306835)
(37629172,24292070,49306835)
(37629172,24292070,49306835)
(37629172,24292070,49306835)
(37629172,24292070,49306835)
^CInterrupted.
*Main> norm p11
111228095
(0.01 secs, 77,624 bytes)
*Main> norm (37629172,24292070,49306835)
111228077
(0.02 secs, 73,568 bytes)
*Main> p12 = (37629172,24292070,49306835)
(0.00 secs, 0 bytes)
*Main> mapM_ print $ iterate (walk bs) p12
(37629172,24292070,49306835)
(37629172,24292070,49306835)
(37629172,24292070,49306835)
(37629172,24292070,49306835)
(37629172,24292070,49306835)
(37629172,24292070,49306835)
(37629172,24292070,49306835)
(37629172,24292070,49306835)
(37629172,24292070,49306835)
(37629172,24292070,49306835)
(37629172,24292070,49306835)
(37629172,24292070,49306835)
(37629172,24292070,49306835)
(37629172,24292070,49306835)
(37629172,24292070,49306835)
(37629172,24292070,49306835)
(37629172,24292070,49306835)
(37629172,24292070,49306835)
(37629172,24292070,49306835)
(37629172,24292070,49306835)
(37629172,24292070,49306835)
(37629172,24292070,49306835)
(37629172,24292070,49306835)
(37629172,24292070,49306835)
^C(Interrupted.
*Main> norm p12
111228077
(0.01 secs, 73,824 bytes)
*Main>
*Main> norm (37629172,24292070,49306835)
111228077
(0.01 secs, 73,864 bytes)
*Main> :t exhaust
exhaust :: [Bot] -> Point -> Int -> (Int, Int, Int)
*Main> :t exhaust'
exhaust'
  :: Foldable t => [Bot] -> t (Int, Int, Int) -> (Int, Int, Int)
*Main> exhaust bs p12 20
^C^CInterrupted.
*Main>
*Main> exhaust bs p12 6
(37629166,24292067,49306829)
(16.27 secs, 4,078,927,056 bytes)
*Main> p12 == (37629166,24292067,49306829)
False
(0.02 secs, 73,384 bytes)
*Main> norm (37629166,24292067,49306829)
111228062
(0.01 secs, 73,568 bytes)
*Main> intersection bs (37629166,24292067,49306829)
892
(0.01 secs, 998,440 bytes)
*Main> p12 = (37629166,24292067,49306829)
(0.01 secs, 0 bytes)
*Main> mapM_ print $ map classify $ iterate (walk bs) p12

<interactive>:49:19: error:
    Variable not in scope: classify :: (Int, Int, Int) -> ()
(0.01 secs,)
*Main>  classify bots p = (norm p, p, intersection bots p)
(0.02 secs, 0 bytes)
*Main> mapM_ print $ map classify $ iterate (walk bs) p12

<interactive>:51:30: error:
    • Couldn't match type ‘(Int, Int, Int)’ with ‘[Bot]’
      Expected type: [[Bot]]
        Actual type: [(Int, Int, Int)]
    • In the second argument of ‘($)’, namely ‘iterate (walk bs) p12’
      In the second argument of ‘($)’, namely
        ‘map classify $ iterate (walk bs) p12’
      In the expression:
        mapM_ print $ map classify $ iterate (walk bs) p12
(0.01 secs,)
*Main> :t classify
classify :: [Bot] -> (Int, Int, Int) -> (Int, (Int, Int, Int), Int)
*Main> mapM_ print $ map (classify bs) $ iterate (walk bs) p12
(111228062,(37629166,24292067,49306829),892)
(*** Exception: Prelude.last: empty list
*Main> exhaust bs ((37629166,24292067,49306829) 6

<interactive>:54:43: error:
    parse error (possibly incorrect indentation or mismatched brackets)
(0.00 secs,)
*Main> exhaust bs (37629166,24292067,49306829) 6
(37629160,24292067,49306823)
(14.65 secs, 4,080,073,008 bytes)
*Main> p12
(37629166,24292067,49306829)
(0.01 secs, 89,696 bytes)
*Main> p13

<interactive>:57:1: error:
    • Variable not in scope: p13
    • Perhaps you meant one of these:
        ‘p11’ (line 32), ‘Ghci5.p12’ (imported from Ghci5), ‘p12’ (line 48)
(0.01 secs,)
*Main> norm (37629160,24292067,49306823)
111228050
(0.01 secs, 73,656 bytes)
*Main> norm (37629160,24292067,49306823) - norm p12
-12
(0.01 secs, 70,240 bytes)
*Main> intersection bs (37629160,24292067,49306823)
892
(0.01 secs, 996,712 bytes)
*Main> mapM_ print $ map classify $ iterate (walk bs) p12

<interactive>:61:30: error:
    • Couldn't match type ‘(Int, Int, Int)’ with ‘[Bot]’
      Expected type: [[Bot]]
        Actual type: [(Int, Int, Int)]
    • In the second argument of ‘($)’, namely ‘iterate (walk bs) p12’
      In the second argument of ‘($)’, namely
        ‘map classify $ iterate (walk bs) p12’
      In the expression:
        mapM_ print $ map classify $ iterate (walk bs) p12
(0.01 secs,)
*Main> mapM_ print $ map (classify bs) $ iterate (walk bs) p12
(111228062,(37629166,24292067,49306829),892)
(*** Exception: Prelude.last: empty list
(reverse-i-search)`nt': mapM_ print $ map (classify bs) $ iterate (walk bs) p12
*Main> :t mapM_ print . (\xs -> zipWith (\(n0,p0,iss0) (n1,p1,iss1) -> ((n0,n1,n1-n0),(p0,p1,diff p1 p0),iss0,iss1)) xs (tail xs)) . takeWhile (\(_,_,iss) -> iss >= 891) . map (classify bs) . iterate (walk bs)
mapM_ print . (\xs -> zipWith (\(n0,p0,iss0) (n1,p1,iss1) -> ((n0,n1,n1-n0),(p0,p1,diff p1 p0),iss0,iss1)) xs (tail xs)) . takeWhile (\(_,_,iss) -> iss >= 891) . map (classify bs) . iterate (walk bs)
  :: (Int, Int, Int) -> IO ()
*Main>
*Main>
*Main>
*Main> mapM_ print . (\xs -> zipWith (\(n0,p0,iss0) (n1,p1,iss1) -> ((n0,n1,n1-n0),(p0,p1,diff p1 p0),iss0,iss1)) xs (tail xs)) . takeWhile (\(_,_,iss) -> iss >= 891) . map (classify bs) . iterate (walk bs) $ p12
*** Exception: Prelude.last: empty list
*Main> intersection bs p12
892
(0.01 secs, 1,000,760 bytes)
(reverse-i-search)`(': mapM_ print . (\xs -> zipWith (\(n0,p0,iss0) (n1,p1,iss1) -> ((n0,n1,n1-n0),(p0,p1,diff p1 p0),iss0,iss1)) xs (tail xs)) . takeWhile (\(_,_,iss) -> iss >= 891) . map (classify bs) . iterate (walk bs) $ p12
*Main>
*Main>
*Main> (x,y,z) = p12
(0.01 secs, 0 bytes)
*Main> takeWhile (\n -> 891 >= intersection bots (x-3*n,y    ,z-3*n)) [0..]

<interactive>:72:38: error: Variable not in scope: bots :: [Bot]
(0.01 secs,)
*Main> takeWhile (\n -> 891 >= intersection bs (x-3*n,y    ,z-3*n)) [0..]
[]
(0.01 secs, 997,648 bytes)
*Main> intersection bs (x,y,z)
892
(0.01 secs, 997,096 bytes)
*Main> mapM_ print . (\xs -> zipWith (\(n0,p0,iss0) (n1,p1,iss1) -> ((n0,n1,n1-n0),(p0,p1,diff p1 p0),iss0,iss1)) xs (tail xs)) . takeWhile (\(_,_,iss) -> iss >= 891) . map (classify bs) . iterate (walk bs) $ p12
*** Exception: Prelude.last: empty list
*Main> :r
[1 of 1] Compiling Main             ( Main2.hs, interpreted )
Ok, one module loaded.
*Main> bs <- fromString <$> readFile "input.txt"
(0.04 secs, 81,920 bytes)
*Main> p12 = (37629166,24292067,49306829)
(0.00 secs, 0 bytes)
*Main> :r
*Main>  classify bots p = (norm p, p, intersection bots p)
(0.00 secs, 0 bytes)
*Main> mapM_ print . (\xs -> zipWith (\(n0,p0,iss0) (n1,p1,iss1) -> ((n0,n1,n1-n0),(p0,p1,diff p1 p0),iss0,iss1)) xs (tail xs)) . takeWhile (\(_,_,iss) -> iss >= 891) . map (classify bs) . iterate (walk bs) $ p12
((111228062,111227612,-450),((37629166,24292067,49306829),(37628941,24292067,49306604),(-225,0,-225)),892,892)
((111227612,111227612,0),((37628941,24292067,49306604),(37628941,24292067,49306604),(0,0,0)),892,892)
((111227612,111227612,0),((37628941,24292067,49306604),(37628941,24292067,49306604),(0,0,0)),892,892)
((111227612,111227612,0),((37628941,24292067,49306604),(37628941,24292067,49306604),(0,0,0)),892,892)
((111227612,111227612,0),((37628941,24292067,49306604),(37628941,24292067,49306604),(0,0,0)),892,892)
((111227612,111227612,0),((37628941,24292067,49306604),(37628941,24292067,49306604),(0,0,0)),892,892)
((111227612,111227612,0),((37628941,24292067,49306604),(37628941,24292067,49306604),(0,0,0)),892,892)
((111227612,111227612,0),((37628941,24292067,49306604),(37628941,24292067,49306604),(0,0,0)),892,892)
((111227612,111227612,0),((37628941,24292067,49306604),(37628941,24292067,49306604),(0,0,0)),892,892)
((111227612,111227612,0),((37628941,24292067,49306604),(37628941,24292067,49306604),(0,0,0)),892,892)
((111227612,111227612,0),((37628941,24292067,49306604),(37628941,24292067,49306604),(0,0,0)),892,892)
((111227612,111227612,0),((37628941,24292067,49306604),(37628941,24292067,49306604),(0,0,0)),892,892)
((111227612,111227612,0),((37628941,24292067,49306604),(37628941,24292067,49306604),(0,0,0)),892,892)
((111227612,111227612,0),((37628941,24292067,49306604),(37628941,24292067,49306604),(0,0,0)),892,892)
((111227612,111227612,0),((37628941,24292067,49306604),(37628941,24292067,49306604),(0,0,0)),892,892)
((111227612,111227612,0),((37628941,24292067,49306604),(37628941,24292067,49306604),(0,0,0)),892,892)
((111227612,111227612,0),((37628941,24292067,49306604),(37628941,24292067,49306604),(0,0,0)),892,892)
((111227612,111227612,0),((37628941,24292067,49306604),(37628941,24292067,49306604),(0,0,0)),892,892)
((111227612,111227612,0),((37628941,24292067,49306604),(37628941,24292067,49306604),(0,0,0)),892,892)
((111227612,111227612,0),((37628941,24292067,49306604),(37628941,24292067,49306604),(0,0,0)),892,892)
((111227612,111227612,0),((37628941,24292067,49306604),(37628941,24292067,49306604),(0,0,0)),892,892)
((111227612,111227612,0),((37628941,24292067,49306604),(37628941,24292067,49306604),(0,0,0)),892,892)
((111227612,111227612,0),((37628941,24292067,49306604),(37628941,24292067,49306604),(0,0,0)),892,892)
((111227612,111227612,0),((37628941,24292067,49306604),(37628941,24292067,49306604),(0,0,0)),892,892)
((111227612,111227612,0),((37628941,24292067,49306604),(37628941,24292067,49306604),(0,0,0)),892,892)
((111227612,111227612,0),((37628941,24292067,49306604),(37628941,24292067,49306604),(0,0,0)),892,892)
((111227612,111227612,0),((37628941,24292067,49306604),(37628941,24292067,49306604),(0,0,0)),892,892)
((111227612,111227612,0),((37628941,24292067,49306604),(37628941,24292067,49306604),(0,0,0)),892,892)
((111227612,111227612,0),((37628941,24292067,49306604),(37628941,24292067,49306604),(0,0,0)),892,892)
((111227612,111227612,0),((37628941,24292067,49306604),(37628941,24292067,49306604),(0,0,0)),892,892)
((111227612,111227612,0),((37628941,24292067,49306604),(37628941,24292067,49306604),(0,0,0)),892,892)
((111227612,111227612,0),((37628941,24292067,49306604),(37628941,24292067,49306604),(0,0,0)),892,892)
((111227612,111227612,0),((37628941,24292067,49306604),(37628941,24292067,49306604),(0,0,0)),892,892)
((111227612,111227612,0),((37628941,24292067,49306604),(37628941,24292067,49306604),(0,0,0)),892,892)
((111227612,111227612,0),((37628941,24292067,49306604),(37628941,24292067,49306604),(0,0,0)),892,892)
((111227612,111227612,0),((37628941,24292067,49306604),(37628941,24292067,49306604),(0,0,0)),892,892)
((111227612,111227612,0),((37628941,24292067,49306604),(37628941,24292067,49306604),(0,0,0)),892,892)
((111227612,111227612,0),((37628941,24292067,49306604),(37628941,24292067,49306604),(0,0,0)),892,892)
((111227612,111227612,0),((37628941,24292067,49306604),(37628941,24292067,49306604),(0,0,0)),892,892)
((111227612,111227612,0),((37628941,24292067,49306604),(37628941,24292067,49306604),(0,0,0)),892,892)
((111227612,111227612,0),((37628941,24292067,49306604),(37628941,24292067,49306604),(0,0,0)),892,892)
((111227612,111227612,0),((37628941,24292067,49306604),(37628941,24292067,49306604),(0,0,0)),892,892)
((111227612,111227612,0),((37628941,24292067,49306604),(37628941,24292067,49306604),(0,0,0)),892,892)
((111227612,111227612,0),((37628941,24292067,49306604),(37628941,24292067,49306604),(0,0,0)),892,892)
((111227612,111227612,0),((37628941,24292067,49306604),(37628941,24292067,49306604),(0,0,0)),892,892)
((111227612,111227612,0),((37628941,24292067,49306604),(37628941,24292067,49306604),(0,0,0)),892,892)
((111227612,111227612,0),((37628941,24292067,49306604),(37628941,24292067,49306604),(0,0,0)),892,892)
((111227612,111227612,0),((37628941,24292067,49306604),(37628941,24292067,49306604),(0,0,0)),892,892)
((111227612,111227612,0),((37628941,24292067,49306604),(37628941,24292067,49306604),(0,0,0)),892,892)
((111227612,111227612,0),((37628941,24292067,49306604),(37628941,24292067,49306604),(0,0,0)),892,892)
((111227612,111227612,0),((37628941,24292067,49306604),(37628941,24292067,49306604),(0,0,0)),892,892)
((111227612,111227612,0),((37628941,24292067,49306604),(37628941,24292067,49306604),(0,0,0)),892,892)
((111227612,111227612,0),((37628941,24292067,49306604),(37628941,24292067,49306604),(0,0,0)),892,892)
((111227612,111227612,0),((37628941,24292067,49306604),(37628941,24292067,49306604),(0,0,0)),892,892)
((111227612,111227612,0),((37628941,24292067,49306604),(37628941,24292067,49306604),(0,0,0)),892,892)
((111227612,111227612,0),((37628941,24292067,49306604),(37628941,24292067,49306604),(0,0,0)),892,892)
((111227612,111227612,0),((37628941,24292067,49306604),(37628941,24292067,49306604),(0,0,0)),892,892)
((111227612,111227612,0),((37628941,24292067,49306604),(37628941,24292067,49306604),(0,0,0)),892,892)
((111227612,111227612,0),((37628941,24292067,49306604),(37628941,24292067,49306604),(0,0,0)),892,892)
((111227612,111227612,0),((37628941,24292067,49306604),(37628941,24292067,49306604),(0,0,0)),892,892)
((111227612,111227612,0),((37628941,24292067,49306604),(37628941,24292067,49306604),(0,0,0)),892,892)
((111227612,111227612,0),((37628941,24292067,49306604),(37628941,24292067,49306604),(0,0,0)),892,892)
((111227612,111227612,0),((37628941,24292067,49306604),(37628941,24292067,49306604),(0,0,0)),892,892)
((111227612,111227612,0),((37628941,24292067,49306604),(37628941,24292067,49306604),(0,0,0)),892,892)
((111227612,111227612,0),((37628941,24292067,49306604),(37628941,24292067,49306604),(0,0,0)),892,892)
((111227612,111227612,0),((37628941,24292067,49306604),(37628941,24292067,49306604),(0,0,0)),892,892)
((111227612,111227612,0),((37628941,24292067,49306604),(37628941,24292067,49306604),(0,0,0)),892,892)
((111227612,111227612,0),((37628941,24292067,49306604),(37628941,24292067,49306604),(0,0,0)),892,892)
((111227612,111227612,0),((37628941,24292067,49306604),(37628941,24292067,49306604),(0,0,0)),892,892)
((111227612,111227612,0),((37628941,24292067,49306604),(37628941,24292067,49306604),(0,0,0)),892,892)
((111227612,111227612,0),((37628941,24292067,49306604),(37628941,24292067,49306604),(0,0,0)),892,892)
((111227612,111227612,0),((37628941,24292067,49306604),(37628941,24292067,49306604),(0,0,0)),892,892)
((111227612,111227612,0),((37628941,24292067,49306604),(37628941,24292067,49306604),(0,0,0)),892,892)
((111227612,111227612,0),((37628941,24292067,49306604),(37628941,24292067,49306604),(0,0,0)),892,892)
((111227612,111227612,0),((37628941,24292067,49306604),(37628941,24292067,49306604),(0,0,0)),892,892)
((111227612,111227612,0),((37628941,24292067,49306604),(37628941,24292067,49306604),(0,0,0)),892,892)
((111227612,111227612,0),((37628941,24292067,49306604),(37628941,24292067,49306604),(0,0,0)),892,892)
((111227612,111227612,0),((37628941,24292067,49306604),(37628941,24292067,49306604),(0,0,0)),892,892)
((111227612,111227612,0),((37628941,24292067,49306604),(37628941,24292067,49306604),(0,0,0)),892,892)
((111227612,111227612,0),((37628941,24292067,49306604),(37628941,24292067,49306604),(0,0,0)),892,892)
((111227612,111227612,0),((37628941,24292067,49306604),(37628941,24292067,49306604),(0,0,0)),892,892)
((111227612,111227612,0),((37628941,24292067,49306604),(37628941,24292067,49306604),(0,0,0)),892,892)
((111227612,111227612,0),((37628941,24292067,49306604),(37628941,24292067,49306604),(0,0,0)),892,892)
((111227612,111227612,0),((37628941,24292067,49306604),(37628941,24292067,49306604),(0,0,0)),892,892)
((111227612,111227612,0),((37628941,24292067,49306604),(37628941,24292067,49306604),(0,0,0)),892,892)
((111227612,111227612,0),((37628941,24292067,49306604),(37628941,24292067,49306604),(0,0,0)),892,892)
((111227612,111227612,0),((37628941,24292067,49306604),(37628941,24292067,49306604),(0,0,0)),892,892)
((111227612,111227612,0),((37628941,24292067,49306604),(37628941,24292067,49306604),(0,0,0)),892,892)
((111227612,111227612,0),((37628941,24292067,49306604),(37628941,24292067,49306604),(0,0,0)),892,892)
((111227612,111227612,0),((37628941,24292067,49306604),(37628941,24292067,49306604),(0,0,0)),892,892)
((111227612,111227612,0),((37628941,24292067,49306604),(37628941,24292067,49306604),(0,0,0)),892,892)
((111227612,111227612,0),((37628941,24292067,49306604),(37628941,24292067,49306604),(0,0,0)),892,892)
((111227612,111227612,0),((37628941,24292067,49306604),(37628941,24292067,49306604),(0,0,0)),892,892)
((111227612,111227612,0),((37628941,24292067,49306604),(37628941,24292067,49306604),(0,0,0)),892,892)
((111227612,111227612,0),((37628941,24292067,49306604),(37628941,24292067,49306604),(0,0,0)),892,892)
((111227612,111227612,0),((37628941,24292067,49306604),(37628941,24292067,49306604),(0,0,0)),892,892)
((111227612,111227612,0),((37628941,24292067,49306604),(37628941,24292067,49306604),(0,0,0)),892,892)
^C(Interrupted.
*Main> exhaust bs (37628941,24292067,49306604) 4
(37628945,24292071,49306607)
(4.92 secs, 1,352,785,568 bytes)
*Main> classify (37628945,24292071,49306607)

<interactive>:82:10: error:
    • Couldn't match expected type ‘[Bot]’
                  with actual type ‘(Integer, Integer, Integer)’
    • In the first argument of ‘classify’, namely
        ‘(37628945, 24292071, 49306607)’
      In the expression: classify (37628945, 24292071, 49306607)
      In an equation for ‘it’:
          it = classify (37628945, 24292071, 49306607)
(0.02 secs,)
*Main> classify bs (37628945,24292071,49306607)
(111227623,(37628945,24292071,49306607),899)
(0.01 secs, 1,030,248 bytes)
*Main>
*Main>
*Main> next p = exhaust' bs $ concat [ cubeVerts p r | r <- [0..10] ] :: Point
(0.00 secs, 0 bytes)
*Main> mapM_ print . (\xs -> zipWith (\(n0,p0,iss0) (n1,p1,iss1) -> ((n0,n1,n1-n0),(p0,p1,diff p1 p0),iss0,iss1)) xs (tail xs)) . takeWhile (\(_,_,iss) -> iss >= 891) . map (classify bs) . iterate (next) $ p12
((111228062,111228059,-3),((37629166,24292067,49306829),(37629163,24292070,49306826),(-3,3,-3)),892,892)
((111228059,111228050,-9),((37629163,24292070,49306826),(37629160,24292067,49306823),(-3,-3,-3)),892,892)
((111228050,111228047,-3),((37629160,24292067,49306823),(37629157,24292070,49306820),(-3,3,-3)),892,892)
((111228047,111228032,-15),((37629157,24292070,49306820),(37629152,24292065,49306815),(-5,-5,-5)),892,893)
((111228032,111228027,-5),((37629152,24292065,49306815),(37629147,24292070,49306810),(-5,5,-5)),893,895)
((111228027,111228018,-9),((37629147,24292070,49306810),(37629144,24292067,49306807),(-3,-3,-3)),895,895)
((111228018,111228015,-3),((37629144,24292067,49306807),(37629141,24292070,49306804),(-3,3,-3)),895,895)
((111228015,111228006,-9),((37629141,24292070,49306804),(37629138,24292067,49306801),(-3,-3,-3)),895,895)
((111228006,111228003,-3),((37629138,24292067,49306801),(37629135,24292070,49306798),(-3,3,-3)),895,895)
((111228003,111227994,-9),((37629135,24292070,49306798),(37629132,24292067,49306795),(-3,-3,-3)),895,895)
((111227994,111227991,-3),((37629132,24292067,49306795),(37629129,24292070,49306792),(-3,3,-3)),895,895)
((111227991,111227982,-9),((37629129,24292070,49306792),(37629126,24292067,49306789),(-3,-3,-3)),895,895)
((111227982,111227979,-3),((37629126,24292067,49306789),(37629123,24292070,49306786),(-3,3,-3)),895,895)
((111227979,111227970,-9),((37629123,24292070,49306786),(37629120,24292067,49306783),(-3,-3,-3)),895,895)
((111227970,111227967,-3),((37629120,24292067,49306783),(37629117,24292070,49306780),(-3,3,-3)),895,895)
((111227967,111227958,-9),((37629117,24292070,49306780),(37629114,24292067,49306777),(-3,-3,-3)),895,895)
((111227958,111227955,-3),((37629114,24292067,49306777),(37629111,24292070,49306774),(-3,3,-3)),895,895)
((111227955,111227946,-9),((37629111,24292070,49306774),(37629108,24292067,49306771),(-3,-3,-3)),895,895)
((111227946,111227943,-3),((37629108,24292067,49306771),(37629105,24292070,49306768),(-3,3,-3)),895,895)
((111227943,111227934,-9),((37629105,24292070,49306768),(37629102,24292067,49306765),(-3,-3,-3)),895,895)
((111227934,111227931,-3),((37629102,24292067,49306765),(37629099,24292070,49306762),(-3,3,-3)),895,895)
((111227931,111227922,-9),((37629099,24292070,49306762),(37629096,24292067,49306759),(-3,-3,-3)),895,895)
((111227922,111227919,-3),((37629096,24292067,49306759),(37629093,24292070,49306756),(-3,3,-3)),895,895)
((111227919,111227910,-9),((37629093,24292070,49306756),(37629090,24292067,49306753),(-3,-3,-3)),895,895)
((111227910,111227907,-3),((37629090,24292067,49306753),(37629087,24292070,49306750),(-3,3,-3)),895,895)
^CInterrupted.
*Main> norm (37629090,24292067,49306753)
111227910
(0.00 secs, 73,800 bytes)
*Main> norm (37629087,24292070,49306750)
111227907
(0.01 secs, 73,864 bytes)
*Main> p14 = (37629087,24292070,49306750)
(0.01 secs, 0 bytes)
*Main> intersection bs p14
895
(0.01 secs, 997,160 bytes)
*Main> exhaust bs p14 10
(37629077,24292067,49306740)
(63.21 secs, 17,202,900,352 bytes)
*Main> norm (37629077,24292067,49306740)
111227884
(0.01 secs, 73,656 bytes)
*Main> norm (37629077,24292067,49306740) - norm p14
-23
(0.01 secs, 70,168 bytes)
*Main> p15 = (37629077,24292067,49306740)
(0.00 secs, 0 bytes)
*Main> mapM_ print . (\xs -> zipWith (\(n0,p0,iss0) (n1,p1,iss1) -> ((n0,n1,n1-n0),(p0,p1,diff p1 p0),iss0,iss1)) xs (tail xs)) . takeWhile (\(_,_,iss) -> iss >= 891) . map (classify bs) . iterate (next) $ p15
((111227884,111227881,-3),((37629077,24292067,49306740),(37629074,24292070,49306737),(-3,3,-3)),896,896)
((111227881,111227872,-9),((37629074,24292070,49306737),(37629071,24292067,49306734),(-3,-3,-3)),896,896)
((111227872,111227869,-3),((37629071,24292067,49306734),(37629068,24292070,49306731),(-3,3,-3)),896,896)
^CInterrupted.
*Main> mapM_ print . (\xs -> zipWith (\(n0,p0,iss0) (n1,p1,iss1) -> ((n0,n1,n1-n0),(p0,p1,diff p1 p0),iss0,iss1)) xs (tail xs)) . takeWhile (\(_,_,iss) -> iss >= 891) . map (classify bs) . iterate (walk bs) $ p15
((111227884,111227614,-270),((37629077,24292067,49306740),(37628942,24292067,49306605),(-135,0,-135)),896,892)
((111227614,111227614,0),((37628942,24292067,49306605),(37628942,24292067,49306605),(0,0,0)),892,892)
((111227614,111227614,0),((37628942,24292067,49306605),(37628942,24292067,49306605),(0,0,0)),892,892)
((111227614,111227614,0),((37628942,24292067,49306605),(37628942,24292067,49306605),(0,0,0)),892,892)
((111227614,111227614,0),((37628942,24292067,49306605),(37628942,24292067,49306605),(0,0,0)),892,892)
((111227614,111227614,0),((37628942,24292067,49306605),(37628942,24292067,49306605),(0,0,0)),892,892)
((111227614,111227614,0),((37628942,24292067,49306605),(37628942,24292067,49306605),(0,0,0)),892,892)
((111227614,111227614,0),((37628942,24292067,49306605),(37628942,24292067,49306605),(0,0,0)),892,892)
((111227614,111227614,0),((37628942,24292067,49306605),(37628942,24292067,49306605),(0,0,0)),892,892)
((111227614,111227614,0),((37628942,24292067,49306605),(37628942,24292067,49306605),(0,0,0)),892,892)
((111227614,111227614,0),((37628942,24292067,49306605),(37628942,24292067,49306605),(0,0,0)),892,892)
((111227614,111227614,0),((37628942,24292067,49306605),(37628942,24292067,49306605),(0,0,0)),892,892)
((111227614,111227614,0),((37628942,24292067,49306605),(37628942,24292067,49306605),(0,0,0)),892,892)
((111227614,111227614,0),((37628942,24292067,49306605),(37628942,24292067,49306605),(0,0,0)),892,892)
((111227614,111227614,0),((37628942,24292067,49306605),(37628942,24292067,49306605),(0,0,0)),892,892)
((111227614,111227614,0),((37628942,24292067,49306605),(37628942,24292067,49306605),(0,0,0)),892,892)
((111227614,111227614,0),((37628942,24292067,49306605),(37628942,24292067,49306605),(0,0,0)),892,892)
((111227614,111227614,0),((37628942,24292067,49306605),(37628942,24292067,49306605),(0,0,0)),892,892)
((111227614,111227614,0),((37628942,24292067,49306605),(37628942,24292067,49306605),(0,0,0)),892,892)
((111227614,111227614,0),((37628942,24292067,49306605),(37628942,24292067,49306605),(0,0,0)),892,892)
((111227614,111227614,0),((37628942,24292067,49306605),(37628942,24292067,49306605),(0,0,0)),892,892)
((111227614,111227614,0),((37628942,24292067,49306605),(37628942,24292067,49306605),(0,0,0)),892,892)
((111227614,111227614,0),((37628942,24292067,49306605),(37628942,24292067,49306605),(0,0,0)),892,892)
((111227614,111227614,0),((37628942,24292067,49306605),(37628942,24292067,49306605),(0,0,0)),892,892)
((111227614,111227614,0),((37628942,24292067,49306605),(37628942,24292067,49306605),(0,0,0)),892,892)
((111227614,111227614,0),((37628942,24292067,49306605),(37628942,24292067,49306605),(0,0,0)),892,892)
((111227614,111227614,0),((37628942,24292067,49306605),(37628942,24292067,49306605),(0,0,0)),892,892)
((111227614,111227614,0),((37628942,24292067,49306605),(37628942,24292067,49306605),(0,0,0)),892,892)
((111227614,111227614,0),((37628942,24292067,49306605),(37628942,24292067,49306605),(0,0,0)),892,892)
((111227614,111227614,0),((37628942,24292067,49306605),(37628942,24292067,49306605),(0,0,0)),892,892)
((111227614,111227614,0),((37628942,24292067,49306605),(37628942,24292067,49306605),(0,0,0)),892,892)
((111227614,111227614,0),((37628942,24292067,49306605),(37628942,24292067,49306605),(0,0,0)),892,892)
((111227614,111227614,0),((37628942,24292067,49306605),(37628942,24292067,49306605),(0,0,0)),892,892)
((111227614,111227614,0),((37628942,24292067,49306605),(37628942,24292067,49306605),(0,0,0)),892,892)
((111227614,111227614,0),((37628942,24292067,49306605),(37628942,24292067,49306605),(0,0,0)),892,892)
((111227614,111227614,0),((37628942,24292067,49306605),(37628942,24292067,49306605),(0,0,0)),892,892)
((111227614,111227614,0),((37628942,24292067,49306605),(37628942,24292067,49306605),(0,0,0)),892,892)
((111227614,111227614,0),((37628942,24292067,49306605),(37628942,24292067,49306605),(0,0,0)),892,892)
((111227614,111227614,0),((37628942,24292067,49306605),(37628942,24292067,49306605),(0,0,0)),892,892)
((111227614,111227614,0),((37628942,24292067,49306605),(37628942,24292067,49306605),(0,0,0)),892,892)
((111227614,111227614,0),((37628942,24292067,49306605),(37628942,24292067,49306605),(0,0,0)),892,892)
((111227614,111227614,0),((37628942,24292067,49306605),(37628942,24292067,49306605),(0,0,0)),892,892)
((111227614,111227614,0),((37628942,24292067,49306605),(37628942,24292067,49306605),(0,0,0)),892,892)
((111227614,111227614,0),((37628942,24292067,49306605),(37628942,24292067,49306605),(0,0,0)),892,892)
((111227614,111227614,0),((37628942,24292067,49306605),(37628942,24292067,49306605),(0,0,0)),892,892)
((111227614,111227614,0),((37628942,24292067,49306605),(37628942,24292067,49306605),(0,0,0)),892,892)
((111227614,111227614,0),((37628942,24292067,49306605),(37628942,24292067,49306605),(0,0,0)),892,892)
((111227614,111227614,0),((37628942,24292067,49306605),(37628942,24292067,49306605),(0,0,0)),892,892)
((111227614,111227614,0),((37628942,24292067,49306605),(37628942,24292067,49306605),(0,0,0)),892,892)
((111227614,111227614,0),((37628942,24292067,49306605),(37628942,24292067,49306605),(0,0,0)),892,892)
((111227614,111227614,0),((37628942,24292067,49306605),(37628942,24292067,49306605),(0,0,0)),892,892)
((111227614,111227614,0),((37628942,24292067,49306605),(37628942,24292067,49306605),(0,0,0)),892,892)
((111227614,111227614,0),((37628942,24292067,49306605),(37628942,24292067,49306605),(0,0,0)),892,892)
((111227614,111227614,0),((37628942,24292067,49306605),(37628942,24292067,49306605),(0,0,0)),892,892)
((111227614,111227614,0),((37628942,24292067,49306605),(37628942,24292067,49306605),(0,0,0)),892,892)
((111227614,111227614,0),((37628942,24292067,49306605),(37628942,24292067,49306605),(0,0,0)),892,892)
((111227614,111227614,0),((37628942,24292067,49306605),(37628942,24292067,49306605),(0,0,0)),892,892)
((111227614,111227614,0),((37628942,24292067,49306605),(37628942,24292067,49306605),(0,0,0)),892,892)
((111227614,111227614,0),((37628942,24292067,49306605),(37628942,24292067,49306605),(0,0,0)),892,892)
((111227614,111227614,0),((37628942,24292067,49306605),(37628942,24292067,49306605),(0,0,0)),892,892)
((111227614,111227614,0),((37628942,24292067,49306605),(37628942,24292067,49306605),(0,0,0)),892,892)
^C(Interrupted.
*Main> mapM_ print . (\xs -> zipWith (\(n0,p0,iss0) (n1,p1,iss1) -> ((n0,n1,n1-n0),(p0,p1,diff p1 p0),iss0,iss1)) xs (tail xs)) . takeWhile (\(_,_,iss) -> iss >= 891) . map (classify bs) . iterate (next) $ p15
((111227884,111227881,-3),((37629077,24292067,49306740),(37629074,24292070,49306737),(-3,3,-3)),896,896)
((111227881,111227872,-9),((37629074,24292070,49306737),(37629071,24292067,49306734),(-3,-3,-3)),896,896)
((111227872,111227869,-3),((37629071,24292067,49306734),(37629068,24292070,49306731),(-3,3,-3)),896,896)
((111227869,111227860,-9),((37629068,24292070,49306731),(37629065,24292067,49306728),(-3,-3,-3)),896,896)
((111227860,111227857,-3),((37629065,24292067,49306728),(37629062,24292070,49306725),(-3,3,-3)),896,896)
((111227857,111227848,-9),((37629062,24292070,49306725),(37629059,24292067,49306722),(-3,-3,-3)),896,897)
((111227848,111227845,-3),((37629059,24292067,49306722),(37629056,24292070,49306719),(-3,3,-3)),897,897)
((111227845,111227836,-9),((37629056,24292070,49306719),(37629053,24292067,49306716),(-3,-3,-3)),897,898)
((111227836,111227833,-3),((37629053,24292067,49306716),(37629050,24292070,49306713),(-3,3,-3)),898,898)
((111227833,111227824,-9),((37629050,24292070,49306713),(37629047,24292067,49306710),(-3,-3,-3)),898,898)
((111227824,111227821,-3),((37629047,24292067,49306710),(37629044,24292070,49306707),(-3,3,-3)),898,898)
((111227821,111227812,-9),((37629044,24292070,49306707),(37629041,24292067,49306704),(-3,-3,-3)),898,898)
((111227812,111227809,-3),((37629041,24292067,49306704),(37629038,24292070,49306701),(-3,3,-3)),898,898)
((111227809,111227800,-9),((37629038,24292070,49306701),(37629035,24292067,49306698),(-3,-3,-3)),898,898)
((111227800,111227797,-3),((37629035,24292067,49306698),(37629032,24292070,49306695),(-3,3,-3)),898,898)
((111227797,111227788,-9),((37629032,24292070,49306695),(37629029,24292067,49306692),(-3,-3,-3)),898,899)
((111227788,111227785,-3),((37629029,24292067,49306692),(37629026,24292070,49306689),(-3,3,-3)),899,899)
((111227785,111227776,-9),((37629026,24292070,49306689),(37629023,24292067,49306686),(-3,-3,-3)),899,900)
((111227776,111227773,-3),((37629023,24292067,49306686),(37629020,24292070,49306683),(-3,3,-3)),900,900)
((111227773,111227764,-9),((37629020,24292070,49306683),(37629017,24292067,49306680),(-3,-3,-3)),900,900)
((111227764,111227761,-3),((37629017,24292067,49306680),(37629014,24292070,49306677),(-3,3,-3)),900,900)
((111227761,111227752,-9),((37629014,24292070,49306677),(37629011,24292067,49306674),(-3,-3,-3)),900,902)
((111227752,111227749,-3),((37629011,24292067,49306674),(37629008,24292070,49306671),(-3,3,-3)),902,902)
((111227749,111227740,-9),((37629008,24292070,49306671),(37629005,24292067,49306668),(-3,-3,-3)),902,904)
((111227740,111227737,-3),((37629005,24292067,49306668),(37629002,24292070,49306665),(-3,3,-3)),904,904)
((111227737,111227728,-9),((37629002,24292070,49306665),(37628999,24292067,49306662),(-3,-3,-3)),904,905)
((111227728,111227725,-3),((37628999,24292067,49306662),(37628996,24292070,49306659),(-3,3,-3)),905,905)
((111227725,111227716,-9),((37628996,24292070,49306659),(37628993,24292067,49306656),(-3,-3,-3)),905,907)
((111227716,111227713,-3),((37628993,24292067,49306656),(37628990,24292070,49306653),(-3,3,-3)),907,907)
((111227713,111227704,-9),((37628990,24292070,49306653),(37628987,24292067,49306650),(-3,-3,-3)),907,907)
((111227704,111227674,-30),((37628987,24292067,49306650),(37628977,24292057,49306640),(-10,-10,-10)),907,908)
((111227674,111227644,-30),((37628977,24292057,49306640),(37628967,24292047,49306630),(-10,-10,-10)),908,918)
((111227644,111227651,7),((37628967,24292047,49306630),(37628960,24292054,49306637),(-7,7,7)),918,922)
((111227651,111227645,-6),((37628960,24292054,49306637),(37628958,24292052,49306635),(-2,-2,-2)),922,923)
((111227645,111227643,-2),((37628958,24292052,49306635),(37628956,24292054,49306633),(-2,2,-2)),923,927)
((111227643,111227643,0),((37628956,24292054,49306633),(37628956,24292054,49306633),(0,0,0)),927,927)
((111227643,111227643,0),((37628956,24292054,49306633),(37628956,24292054,49306633),(0,0,0)),927,927)
((111227643,111227643,0),((37628956,24292054,49306633),(37628956,24292054,49306633),(0,0,0)),927,927)
((111227643,111227643,0),((37628956,24292054,49306633),(37628956,24292054,49306633),(0,0,0)),927,927)
((111227643,111227643,0),((37628956,24292054,49306633),(37628956,24292054,49306633),(0,0,0)),927,927)
((111227643,111227643,0),((37628956,24292054,49306633),(37628956,24292054,49306633),(0,0,0)),927,927)
((111227643,111227643,0),((37628956,24292054,49306633),(37628956,24292054,49306633),(0,0,0)),927,927)
((111227643,111227643,0),((37628956,24292054,49306633),(37628956,24292054,49306633),(0,0,0)),927,927)
((111227643,111227643,0),((37628956,24292054,49306633),(37628956,24292054,49306633),(0,0,0)),927,927)
((111227643,111227643,0),((37628956,24292054,49306633),(37628956,24292054,49306633),(0,0,0)),927,927)
((111227643,111227643,0),((37628956,24292054,49306633),(37628956,24292054,49306633),(0,0,0)),927,927)
((111227643,111227643,0),((37628956,24292054,49306633),(37628956,24292054,49306633),(0,0,0)),927,927)
((111227643,111227643,0),((37628956,24292054,49306633),(37628956,24292054,49306633),(0,0,0)),927,927)
((111227643,111227643,0),((37628956,24292054,49306633),(37628956,24292054,49306633),(0,0,0)),927,927)
^CInterrupted.
(reverse-i-search)`p1': p13
*Main> p16 = (37628956,24292054,49306633)
(0.00 secs, 0 bytes)
*Main> norm p16
111227643
(0.00 secs, 73,680 bytes)
*Main>




^ solution for my input
